<!doctype html public "-//w3c//dtd html 4.0 transitional//en">
<html><head>
<title>Static Call Graph - [.\Obj\M430_Adc.axf]</title></head>
<body><HR>
<H1>Static Call Graph for image .\Obj\M430_Adc.axf</H1><HR>
<BR><P>#&#060CALLGRAPH&#062# ARM Linker, 6220000: Last Updated: Thu Mar 12 09:01:39 2026
<BR><P>
<H3>Maximum Stack Usage =        448 bytes + Unknown(Untraceable Function Pointers)</H3><H3>
Call chain for Maximum Stack Depth:</H3>
main &rArr; itla_handle_frame &rArr; handle_register_and_build_response &rArr; c_handle_register &rArr; last_freq_split &rArr; freq_gx1e4
<P>
<H3>
Function Pointers
</H3><UL>
 <LI><a href="#[44]">ADC_Int_Handler</a> from iramcode.o(.IRAM_INTERRUPT) referenced from startup_aducm430.o(RESET)
 <LI><a href="#[4]">BusFault_Handler</a> from startup_aducm430.o(.text.Default_Handler) referenced from startup_aducm430.o(RESET)
 <LI><a href="#[4a]">COMP0_Int_Handler</a> from startup_aducm430.o(.text.Default_Handler) referenced from startup_aducm430.o(RESET)
 <LI><a href="#[4b]">COMP1_Int_Handler</a> from startup_aducm430.o(.text.Default_Handler) referenced from startup_aducm430.o(RESET)
 <LI><a href="#[4c]">COMP2_Int_Handler</a> from startup_aducm430.o(.text.Default_Handler) referenced from startup_aducm430.o(RESET)
 <LI><a href="#[4d]">COMP3_Int_Handler</a> from startup_aducm430.o(.text.Default_Handler) referenced from startup_aducm430.o(RESET)
 <LI><a href="#[46]">DIGCOMP0_Int_Handler</a> from startup_aducm430.o(.text.Default_Handler) referenced from startup_aducm430.o(RESET)
 <LI><a href="#[47]">DIGCOMP1_Int_Handler</a> from startup_aducm430.o(.text.Default_Handler) referenced from startup_aducm430.o(RESET)
 <LI><a href="#[48]">DIGCOMP2_Int_Handler</a> from startup_aducm430.o(.text.Default_Handler) referenced from startup_aducm430.o(RESET)
 <LI><a href="#[49]">DIGCOMP3_Int_Handler</a> from startup_aducm430.o(.text.Default_Handler) referenced from startup_aducm430.o(RESET)
 <LI><a href="#[3f]">DMA_ADC_Int_Handler</a> from startup_aducm430.o(.text.Default_Handler) referenced from startup_aducm430.o(RESET)
 <LI><a href="#[2e]">DMA_Err_Int_Handler</a> from startup_aducm430.o(.text.Default_Handler) referenced from startup_aducm430.o(RESET)
 <LI><a href="#[3d]">DMA_Flash0_Int_Handler</a> from startup_aducm430.o(.text.Default_Handler) referenced from startup_aducm430.o(RESET)
 <LI><a href="#[3e]">DMA_Flash1_Int_Handler</a> from startup_aducm430.o(.text.Default_Handler) referenced from startup_aducm430.o(RESET)
 <LI><a href="#[37]">DMA_I2C0_MTX_Int_Handler</a> from startup_aducm430.o(.text.Default_Handler) referenced from startup_aducm430.o(RESET)
 <LI><a href="#[36]">DMA_I2C0_SRX_Int_Handler</a> from startup_aducm430.o(.text.Default_Handler) referenced from startup_aducm430.o(RESET)
 <LI><a href="#[35]">DMA_I2C0_STX_Int_Handler</a> from startup_aducm430.o(.text.Default_Handler) referenced from startup_aducm430.o(RESET)
 <LI><a href="#[3a]">DMA_I2C1_MTX_Int_Handler</a> from startup_aducm430.o(.text.Default_Handler) referenced from startup_aducm430.o(RESET)
 <LI><a href="#[39]">DMA_I2C1_SRX_Int_Handler</a> from startup_aducm430.o(.text.Default_Handler) referenced from startup_aducm430.o(RESET)
 <LI><a href="#[38]">DMA_I2C1_STX_Int_Handler</a> from startup_aducm430.o(.text.Default_Handler) referenced from startup_aducm430.o(RESET)
 <LI><a href="#[3c]">DMA_MDIO_RX_Int_Handler</a> from startup_aducm430.o(.text.Default_Handler) referenced from startup_aducm430.o(RESET)
 <LI><a href="#[3b]">DMA_MDIO_TX_Int_Handler</a> from startup_aducm430.o(.text.Default_Handler) referenced from startup_aducm430.o(RESET)
 <LI><a href="#[30]">DMA_SPI0_RX_Int_Handler</a> from startup_aducm430.o(.text.Default_Handler) referenced from startup_aducm430.o(RESET)
 <LI><a href="#[2f]">DMA_SPI0_TX_Int_Handler</a> from startup_aducm430.o(.text.Default_Handler) referenced from startup_aducm430.o(RESET)
 <LI><a href="#[32]">DMA_SPI1_RX_Int_Handler</a> from startup_aducm430.o(.text.Default_Handler) referenced from startup_aducm430.o(RESET)
 <LI><a href="#[31]">DMA_SPI1_TX_Int_Handler</a> from startup_aducm430.o(.text.Default_Handler) referenced from startup_aducm430.o(RESET)
 <LI><a href="#[40]">DMA_TRIG0_Int_Handler</a> from startup_aducm430.o(.text.Default_Handler) referenced from startup_aducm430.o(RESET)
 <LI><a href="#[41]">DMA_TRIG1_Int_Handler</a> from startup_aducm430.o(.text.Default_Handler) referenced from startup_aducm430.o(RESET)
 <LI><a href="#[34]">DMA_UART_RX_Int_Handler</a> from startup_aducm430.o(.text.Default_Handler) referenced from startup_aducm430.o(RESET)
 <LI><a href="#[33]">DMA_UART_TX_Int_Handler</a> from startup_aducm430.o(.text.Default_Handler) referenced from startup_aducm430.o(RESET)
 <LI><a href="#[7]">DebugMon_Handler</a> from startup_aducm430.o(.text.Default_Handler) referenced from startup_aducm430.o(RESET)
 <LI><a href="#[b]">Ext_Int0_Handler</a> from startup_aducm430.o(.text.Default_Handler) referenced from startup_aducm430.o(RESET)
 <LI><a href="#[c]">Ext_Int1_Handler</a> from startup_aducm430.o(.text.Default_Handler) referenced from startup_aducm430.o(RESET)
 <LI><a href="#[d]">Ext_Int2_Handler</a> from startup_aducm430.o(.text.Default_Handler) referenced from startup_aducm430.o(RESET)
 <LI><a href="#[e]">Ext_Int3_Handler</a> from startup_aducm430.o(.text.Default_Handler) referenced from startup_aducm430.o(RESET)
 <LI><a href="#[f]">Ext_Int4_Handler</a> from startup_aducm430.o(.text.Default_Handler) referenced from startup_aducm430.o(RESET)
 <LI><a href="#[10]">Ext_Int5_Handler</a> from startup_aducm430.o(.text.Default_Handler) referenced from startup_aducm430.o(RESET)
 <LI><a href="#[11]">Ext_Int6_Handler</a> from startup_aducm430.o(.text.Default_Handler) referenced from startup_aducm430.o(RESET)
 <LI><a href="#[12]">Ext_Int7_Handler</a> from startup_aducm430.o(.text.Default_Handler) referenced from startup_aducm430.o(RESET)
 <LI><a href="#[13]">Ext_Int8_Handler</a> from startup_aducm430.o(.text.Default_Handler) referenced from startup_aducm430.o(RESET)
 <LI><a href="#[14]">Ext_Int9_Handler</a> from startup_aducm430.o(.text.Default_Handler) referenced from startup_aducm430.o(RESET)
 <LI><a href="#[1b]">Flash0_Int_Handler</a> from startup_aducm430.o(.text.Default_Handler) referenced from startup_aducm430.o(RESET)
 <LI><a href="#[1c]">Flash1_Int_Handler</a> from startup_aducm430.o(.text.Default_Handler) referenced from startup_aducm430.o(RESET)
 <LI><a href="#[52]">GPIO_INTA_Int_Handler</a> from startup_aducm430.o(.text.Default_Handler) referenced from startup_aducm430.o(RESET)
 <LI><a href="#[53]">GPIO_INTB_Int_Handler</a> from startup_aducm430.o(.text.Default_Handler) referenced from startup_aducm430.o(RESET)
 <LI><a href="#[16]">GP_Tmr0_Int_Handler</a> from startup_aducm430.o(.text.Default_Handler) referenced from startup_aducm430.o(RESET)
 <LI><a href="#[17]">GP_Tmr1_Int_Handler</a> from startup_aducm430.o(.text.Default_Handler) referenced from startup_aducm430.o(RESET)
 <LI><a href="#[18]">GP_Tmr2_Int_Handler</a> from startup_aducm430.o(.text.Default_Handler) referenced from startup_aducm430.o(RESET)
 <LI><a href="#[19]">GP_Tmr3_Int_Handler</a> from startup_aducm430.o(.text.Default_Handler) referenced from startup_aducm430.o(RESET)
 <LI><a href="#[43]">HFOSC_Int_Handler</a> from startup_aducm430.o(.text.Default_Handler) referenced from startup_aducm430.o(RESET)
 <LI><a href="#[2]">HardFault_Handler</a> from startup_aducm430.o(.text.HardFault_Handler) referenced from startup_aducm430.o(RESET)
 <LI><a href="#[21]">I2C0_Master_Int_Handler</a> from startup_aducm430.o(.text.Default_Handler) referenced from startup_aducm430.o(RESET)
 <LI><a href="#[20]">I2C0_Slave_Int_Handler</a> from startup_aducm430.o(.text.Default_Handler) referenced from startup_aducm430.o(RESET)
 <LI><a href="#[23]">I2C1_Master_Int_Handler</a> from startup_aducm430.o(.text.Default_Handler) referenced from startup_aducm430.o(RESET)
 <LI><a href="#[22]">I2C1_Slave_Int_Handler</a> from startup_aducm430.o(.text.Default_Handler) referenced from startup_aducm430.o(RESET)
 <LI><a href="#[50]">IDAC_RES_LOW_Int_Handler</a> from startup_aducm430.o(.text.Default_Handler) referenced from startup_aducm430.o(RESET)
 <LI><a href="#[4e]">MCODEC_Int_Handler</a> from startup_aducm430.o(.text.Default_Handler) referenced from startup_aducm430.o(RESET)
 <LI><a href="#[1a]">MDIO_Int_Handler</a> from startup_aducm430.o(.text.Default_Handler) referenced from startup_aducm430.o(RESET)
 <LI><a href="#[3]">MemManage_Handler</a> from startup_aducm430.o(.text.Default_Handler) referenced from startup_aducm430.o(RESET)
 <LI><a href="#[1]">NMI_Handler</a> from startup_aducm430.o(.text.Default_Handler) referenced from startup_aducm430.o(RESET)
 <LI><a href="#[4f]">OVERTEMP_Int_Handler</a> from startup_aducm430.o(.text.Default_Handler) referenced from startup_aducm430.o(RESET)
 <LI><a href="#[24]">PLA0_Int_Handler</a> from startup_aducm430.o(.text.Default_Handler) referenced from startup_aducm430.o(RESET)
 <LI><a href="#[25]">PLA1_Int_Handler</a> from startup_aducm430.o(.text.Default_Handler) referenced from startup_aducm430.o(RESET)
 <LI><a href="#[26]">PLA2_Int_Handler</a> from startup_aducm430.o(.text.Default_Handler) referenced from startup_aducm430.o(RESET)
 <LI><a href="#[27]">PLA3_Int_Handler</a> from startup_aducm430.o(.text.Default_Handler) referenced from startup_aducm430.o(RESET)
 <LI><a href="#[42]">PLL_Int_Handler</a> from iramcode.o(.IRAM_INTERRUPT) referenced from startup_aducm430.o(RESET)
 <LI><a href="#[29]">PWM0_Int_Handler</a> from startup_aducm430.o(.text.Default_Handler) referenced from startup_aducm430.o(RESET)
 <LI><a href="#[2a]">PWM1_Int_Handler</a> from startup_aducm430.o(.text.Default_Handler) referenced from startup_aducm430.o(RESET)
 <LI><a href="#[2b]">PWM2_Int_Handler</a> from startup_aducm430.o(.text.Default_Handler) referenced from startup_aducm430.o(RESET)
 <LI><a href="#[2c]">PWM3_Int_Handler</a> from startup_aducm430.o(.text.Default_Handler) referenced from startup_aducm430.o(RESET)
 <LI><a href="#[28]">PWMTrip_Int_Handle</a> from startup_aducm430.o(.text.Default_Handler) referenced from startup_aducm430.o(RESET)
 <LI><a href="#[8]">PendSV_Handler</a> from startup_aducm430.o(.text.Default_Handler) referenced from startup_aducm430.o(RESET)
 <LI><a href="#[0]">Reset_Handler</a> from startup_aducm430.o(.text.Reset_Handler) referenced from startup_aducm430.o(RESET)
 <LI><a href="#[45]">SEQ_Int_Handler</a> from startup_aducm430.o(.text.Default_Handler) referenced from startup_aducm430.o(RESET)
 <LI><a href="#[1e]">SPI0_Int_Handler</a> from startup_aducm430.o(.text.Default_Handler) referenced from startup_aducm430.o(RESET)
 <LI><a href="#[1f]">SPI1_Int_Handler</a> from startup_aducm430.o(.text.Default_Handler) referenced from startup_aducm430.o(RESET)
 <LI><a href="#[2d]">SRAM_Err_Int_Handler</a> from startup_aducm430.o(.text.Default_Handler) referenced from startup_aducm430.o(RESET)
 <LI><a href="#[6]">SVC_Handler</a> from startup_aducm430.o(.text.Default_Handler) referenced from startup_aducm430.o(RESET)
 <LI><a href="#[9]">SysTick_Handler</a> from startup_aducm430.o(.text.Default_Handler) referenced from startup_aducm430.o(RESET)
 <LI><a href="#[51]">TEC_Int_Handler</a> from startup_aducm430.o(.text.Default_Handler) referenced from startup_aducm430.o(RESET)
 <LI><a href="#[1d]">UART_Int_Handler</a> from main.o(.text.UART_Int_Handler) referenced from startup_aducm430.o(RESET)
 <LI><a href="#[54]">UnUsed_Handler</a> from startup_aducm430.o(.text.Default_Handler) referenced from startup_aducm430.o(RESET)
 <LI><a href="#[5]">UsageFault_Handler</a> from startup_aducm430.o(.text.Default_Handler) referenced from startup_aducm430.o(RESET)
 <LI><a href="#[15]">WDog_Tmr_Int_Handler</a> from startup_aducm430.o(.text.Default_Handler) referenced from startup_aducm430.o(RESET)
 <LI><a href="#[a]">WakeUp_Int_Handler</a> from startup_aducm430.o(.text.Default_Handler) referenced from startup_aducm430.o(RESET)
 <LI><a href="#[56]">_sputc</a> from printfa.o(i._sputc) referenced from printfa.o(i.__0sprintf)
 <LI><a href="#[56]">_sputc</a> from printfa.o(i._sputc) referenced from printfa.o(i.__0vsprintf)
 <LI><a href="#[55]">main</a> from main.o(.text.main) referenced from entry9a.o(.ARM.Collect$$$$0000000B)
</UL>
<P>
<H3>
Global Symbols
</H3>
<P><STRONG><a name="[57]"></a>__main</STRONG> (Thumb, 0 bytes, Stack size unknown bytes, entry.o(.ARM.Collect$$$$00000000))
<BR><BR>[Called By]<UL><LI><a href="#[0]">&gt;&gt;</a>&nbsp;&nbsp;&nbsp;Reset_Handler
</UL>

<P><STRONG><a name="[e8]"></a>_main_stk</STRONG> (Thumb, 0 bytes, Stack size unknown bytes, entry4.o(.ARM.Collect$$$$00000003))

<P><STRONG><a name="[58]"></a>_main_scatterload</STRONG> (Thumb, 0 bytes, Stack size unknown bytes, entry5.o(.ARM.Collect$$$$00000004))
<BR><BR>[Calls]<UL><LI><a href="#[59]">&gt;&gt;</a>&nbsp;&nbsp;&nbsp;__scatterload
</UL>

<P><STRONG><a name="[6f]"></a>__main_after_scatterload</STRONG> (Thumb, 0 bytes, Stack size unknown bytes, entry5.o(.ARM.Collect$$$$00000004))
<BR><BR>[Called By]<UL><LI><a href="#[59]">&gt;&gt;</a>&nbsp;&nbsp;&nbsp;__scatterload
</UL>

<P><STRONG><a name="[e9]"></a>_main_clock</STRONG> (Thumb, 0 bytes, Stack size unknown bytes, entry7b.o(.ARM.Collect$$$$00000008))

<P><STRONG><a name="[ea]"></a>_main_cpp_init</STRONG> (Thumb, 0 bytes, Stack size unknown bytes, entry8b.o(.ARM.Collect$$$$0000000A))

<P><STRONG><a name="[eb]"></a>_main_init</STRONG> (Thumb, 0 bytes, Stack size unknown bytes, entry9a.o(.ARM.Collect$$$$0000000B))

<P><STRONG><a name="[ec]"></a>__rt_final_cpp</STRONG> (Thumb, 0 bytes, Stack size unknown bytes, entry10a.o(.ARM.Collect$$$$0000000D))

<P><STRONG><a name="[ed]"></a>__rt_final_exit</STRONG> (Thumb, 0 bytes, Stack size unknown bytes, entry11a.o(.ARM.Collect$$$$0000000F))

<P><STRONG><a name="[5a]"></a>__aeabi_uldivmod</STRONG> (Thumb, 98 bytes, Stack size 40 bytes, uldiv.o(.text))
<BR><BR>[Stack]<UL><LI>Max Depth = 40<LI>Call Chain = __aeabi_uldivmod
</UL>
<BR>[Calls]<UL><LI><a href="#[5b]">&gt;&gt;</a>&nbsp;&nbsp;&nbsp;__aeabi_llsr
<LI><a href="#[5c]">&gt;&gt;</a>&nbsp;&nbsp;&nbsp;__aeabi_llsl
</UL>
<BR>[Called By]<UL><LI><a href="#[e1]">&gt;&gt;</a>&nbsp;&nbsp;&nbsp;_printf_core
<LI><a href="#[e3]">&gt;&gt;</a>&nbsp;&nbsp;&nbsp;_fp_digits
<LI><a href="#[73]">&gt;&gt;</a>&nbsp;&nbsp;&nbsp;UrtCfg
</UL>

<P><STRONG><a name="[c5]"></a>strlen</STRONG> (Thumb, 14 bytes, Stack size 0 bytes, strlen.o(.text))
<BR><BR>[Called By]<UL><LI><a href="#[ad]">&gt;&gt;</a>&nbsp;&nbsp;&nbsp;ea_set
</UL>

<P><STRONG><a name="[5d]"></a>__aeabi_fadd</STRONG> (Thumb, 164 bytes, Stack size 16 bytes, fadd.o(.text))
<BR><BR>[Stack]<UL><LI>Max Depth = 20<LI>Call Chain = __aeabi_fadd &rArr; _float_epilogue
</UL>
<BR>[Calls]<UL><LI><a href="#[5f]">&gt;&gt;</a>&nbsp;&nbsp;&nbsp;_float_round
<LI><a href="#[5e]">&gt;&gt;</a>&nbsp;&nbsp;&nbsp;_float_epilogue
</UL>
<BR>[Called By]<UL><LI><a href="#[61]">&gt;&gt;</a>&nbsp;&nbsp;&nbsp;__aeabi_frsub
<LI><a href="#[55]">&gt;&gt;</a>&nbsp;&nbsp;&nbsp;main
<LI><a href="#[60]">&gt;&gt;</a>&nbsp;&nbsp;&nbsp;__aeabi_fsub
<LI><a href="#[85]">&gt;&gt;</a>&nbsp;&nbsp;&nbsp;PID_Compute
</UL>

<P><STRONG><a name="[60]"></a>__aeabi_fsub</STRONG> (Thumb, 6 bytes, Stack size 0 bytes, fadd.o(.text))
<BR><BR>[Stack]<UL><LI>Max Depth = 20<LI>Call Chain = __aeabi_fsub &rArr; __aeabi_fadd &rArr; _float_epilogue
</UL>
<BR>[Calls]<UL><LI><a href="#[5d]">&gt;&gt;</a>&nbsp;&nbsp;&nbsp;__aeabi_fadd
</UL>
<BR>[Called By]<UL><LI><a href="#[55]">&gt;&gt;</a>&nbsp;&nbsp;&nbsp;main
<LI><a href="#[85]">&gt;&gt;</a>&nbsp;&nbsp;&nbsp;PID_Compute
</UL>

<P><STRONG><a name="[61]"></a>__aeabi_frsub</STRONG> (Thumb, 6 bytes, Stack size 0 bytes, fadd.o(.text), UNUSED)
<BR><BR>[Calls]<UL><LI><a href="#[5d]">&gt;&gt;</a>&nbsp;&nbsp;&nbsp;__aeabi_fadd
</UL>

<P><STRONG><a name="[86]"></a>__aeabi_fmul</STRONG> (Thumb, 100 bytes, Stack size 8 bytes, fmul.o(.text))
<BR><BR>[Stack]<UL><LI>Max Depth = 8<LI>Call Chain = __aeabi_fmul
</UL>
<BR>[Called By]<UL><LI><a href="#[bd]">&gt;&gt;</a>&nbsp;&nbsp;&nbsp;prep_temps_aea
<LI><a href="#[bc]">&gt;&gt;</a>&nbsp;&nbsp;&nbsp;prep_currents_aea
<LI><a href="#[a9]">&gt;&gt;</a>&nbsp;&nbsp;&nbsp;c_handle_register
<LI><a href="#[55]">&gt;&gt;</a>&nbsp;&nbsp;&nbsp;main
<LI><a href="#[85]">&gt;&gt;</a>&nbsp;&nbsp;&nbsp;PID_Compute
</UL>

<P><STRONG><a name="[62]"></a>__aeabi_fdiv</STRONG> (Thumb, 124 bytes, Stack size 8 bytes, fdiv.o(.text))
<BR><BR>[Stack]<UL><LI>Max Depth = 8<LI>Call Chain = __aeabi_fdiv
</UL>
<BR>[Calls]<UL><LI><a href="#[5f]">&gt;&gt;</a>&nbsp;&nbsp;&nbsp;_float_round
</UL>
<BR>[Called By]<UL><LI><a href="#[a9]">&gt;&gt;</a>&nbsp;&nbsp;&nbsp;c_handle_register
<LI><a href="#[85]">&gt;&gt;</a>&nbsp;&nbsp;&nbsp;PID_Compute
</UL>

<P><STRONG><a name="[63]"></a>__aeabi_dadd</STRONG> (Thumb, 322 bytes, Stack size 48 bytes, dadd.o(.text))
<BR><BR>[Stack]<UL><LI>Max Depth = 88<LI>Call Chain = __aeabi_dadd &rArr; _double_epilogue &rArr; _double_round
</UL>
<BR>[Calls]<UL><LI><a href="#[66]">&gt;&gt;</a>&nbsp;&nbsp;&nbsp;_double_round
<LI><a href="#[65]">&gt;&gt;</a>&nbsp;&nbsp;&nbsp;_double_epilogue
<LI><a href="#[64]">&gt;&gt;</a>&nbsp;&nbsp;&nbsp;__aeabi_lasr
<LI><a href="#[5c]">&gt;&gt;</a>&nbsp;&nbsp;&nbsp;__aeabi_llsl
</UL>
<BR>[Called By]<UL><LI><a href="#[68]">&gt;&gt;</a>&nbsp;&nbsp;&nbsp;__aeabi_drsub
<LI><a href="#[67]">&gt;&gt;</a>&nbsp;&nbsp;&nbsp;__aeabi_dsub
<LI><a href="#[e3]">&gt;&gt;</a>&nbsp;&nbsp;&nbsp;_fp_digits
<LI><a href="#[8e]">&gt;&gt;</a>&nbsp;&nbsp;&nbsp;SetPhase
<LI><a href="#[91]">&gt;&gt;</a>&nbsp;&nbsp;&nbsp;SetR2
<LI><a href="#[90]">&gt;&gt;</a>&nbsp;&nbsp;&nbsp;SetR1
<LI><a href="#[8c]">&gt;&gt;</a>&nbsp;&nbsp;&nbsp;SetGain
<LI><a href="#[92]">&gt;&gt;</a>&nbsp;&nbsp;&nbsp;SetSOA
</UL>

<P><STRONG><a name="[67]"></a>__aeabi_dsub</STRONG> (Thumb, 6 bytes, Stack size 0 bytes, dadd.o(.text), UNUSED)
<BR><BR>[Calls]<UL><LI><a href="#[63]">&gt;&gt;</a>&nbsp;&nbsp;&nbsp;__aeabi_dadd
</UL>

<P><STRONG><a name="[68]"></a>__aeabi_drsub</STRONG> (Thumb, 6 bytes, Stack size 0 bytes, dadd.o(.text), UNUSED)
<BR><BR>[Calls]<UL><LI><a href="#[63]">&gt;&gt;</a>&nbsp;&nbsp;&nbsp;__aeabi_dadd
</UL>

<P><STRONG><a name="[69]"></a>__aeabi_dmul</STRONG> (Thumb, 228 bytes, Stack size 48 bytes, dmul.o(.text))
<BR><BR>[Stack]<UL><LI>Max Depth = 88<LI>Call Chain = __aeabi_dmul &rArr; _double_epilogue &rArr; _double_round
</UL>
<BR>[Calls]<UL><LI><a href="#[65]">&gt;&gt;</a>&nbsp;&nbsp;&nbsp;_double_epilogue
</UL>
<BR>[Called By]<UL><LI><a href="#[e3]">&gt;&gt;</a>&nbsp;&nbsp;&nbsp;_fp_digits
<LI><a href="#[8e]">&gt;&gt;</a>&nbsp;&nbsp;&nbsp;SetPhase
<LI><a href="#[91]">&gt;&gt;</a>&nbsp;&nbsp;&nbsp;SetR2
<LI><a href="#[90]">&gt;&gt;</a>&nbsp;&nbsp;&nbsp;SetR1
<LI><a href="#[8c]">&gt;&gt;</a>&nbsp;&nbsp;&nbsp;SetGain
<LI><a href="#[92]">&gt;&gt;</a>&nbsp;&nbsp;&nbsp;SetSOA
</UL>

<P><STRONG><a name="[6a]"></a>__aeabi_ddiv</STRONG> (Thumb, 222 bytes, Stack size 32 bytes, ddiv.o(.text))
<BR><BR>[Stack]<UL><LI>Max Depth = 40<LI>Call Chain = __aeabi_ddiv &rArr; _double_round
</UL>
<BR>[Calls]<UL><LI><a href="#[66]">&gt;&gt;</a>&nbsp;&nbsp;&nbsp;_double_round
</UL>
<BR>[Called By]<UL><LI><a href="#[e3]">&gt;&gt;</a>&nbsp;&nbsp;&nbsp;_fp_digits
<LI><a href="#[55]">&gt;&gt;</a>&nbsp;&nbsp;&nbsp;main
</UL>

<P><STRONG><a name="[87]"></a>__aeabi_fcmple</STRONG> (Thumb, 28 bytes, Stack size 0 bytes, fcmple.o(.text))
<BR><BR>[Called By]<UL><LI><a href="#[85]">&gt;&gt;</a>&nbsp;&nbsp;&nbsp;PID_Compute
</UL>

<P><STRONG><a name="[88]"></a>__aeabi_fcmpge</STRONG> (Thumb, 28 bytes, Stack size 0 bytes, fcmpge.o(.text))
<BR><BR>[Called By]<UL><LI><a href="#[85]">&gt;&gt;</a>&nbsp;&nbsp;&nbsp;PID_Compute
</UL>

<P><STRONG><a name="[6b]"></a>__aeabi_i2f</STRONG> (Thumb, 18 bytes, Stack size 0 bytes, fflti.o(.text))
<BR><BR>[Stack]<UL><LI>Max Depth = 4<LI>Call Chain = __aeabi_i2f &rArr; _float_epilogue
</UL>
<BR>[Calls]<UL><LI><a href="#[5e]">&gt;&gt;</a>&nbsp;&nbsp;&nbsp;_float_epilogue
</UL>
<BR>[Called By]<UL><LI><a href="#[a9]">&gt;&gt;</a>&nbsp;&nbsp;&nbsp;c_handle_register
<LI><a href="#[55]">&gt;&gt;</a>&nbsp;&nbsp;&nbsp;main
</UL>

<P><STRONG><a name="[bf]"></a>__aeabi_f2iz</STRONG> (Thumb, 50 bytes, Stack size 0 bytes, ffixi.o(.text))
<BR><BR>[Called By]<UL><LI><a href="#[bd]">&gt;&gt;</a>&nbsp;&nbsp;&nbsp;prep_temps_aea
<LI><a href="#[bc]">&gt;&gt;</a>&nbsp;&nbsp;&nbsp;prep_currents_aea
<LI><a href="#[a9]">&gt;&gt;</a>&nbsp;&nbsp;&nbsp;c_handle_register
</UL>

<P><STRONG><a name="[6c]"></a>__aeabi_d2iz</STRONG> (Thumb, 62 bytes, Stack size 16 bytes, dfixi.o(.text))
<BR><BR>[Stack]<UL><LI>Max Depth = 16<LI>Call Chain = __aeabi_d2iz
</UL>
<BR>[Calls]<UL><LI><a href="#[5b]">&gt;&gt;</a>&nbsp;&nbsp;&nbsp;__aeabi_llsr
</UL>
<BR>[Called By]<UL><LI><a href="#[8e]">&gt;&gt;</a>&nbsp;&nbsp;&nbsp;SetPhase
<LI><a href="#[91]">&gt;&gt;</a>&nbsp;&nbsp;&nbsp;SetR2
<LI><a href="#[90]">&gt;&gt;</a>&nbsp;&nbsp;&nbsp;SetR1
<LI><a href="#[8c]">&gt;&gt;</a>&nbsp;&nbsp;&nbsp;SetGain
<LI><a href="#[92]">&gt;&gt;</a>&nbsp;&nbsp;&nbsp;SetSOA
<LI><a href="#[55]">&gt;&gt;</a>&nbsp;&nbsp;&nbsp;main
</UL>

<P><STRONG><a name="[8d]"></a>__aeabi_f2d</STRONG> (Thumb, 38 bytes, Stack size 0 bytes, f2d.o(.text))
<BR><BR>[Called By]<UL><LI><a href="#[8e]">&gt;&gt;</a>&nbsp;&nbsp;&nbsp;SetPhase
<LI><a href="#[91]">&gt;&gt;</a>&nbsp;&nbsp;&nbsp;SetR2
<LI><a href="#[90]">&gt;&gt;</a>&nbsp;&nbsp;&nbsp;SetR1
<LI><a href="#[8c]">&gt;&gt;</a>&nbsp;&nbsp;&nbsp;SetGain
<LI><a href="#[92]">&gt;&gt;</a>&nbsp;&nbsp;&nbsp;SetSOA
<LI><a href="#[55]">&gt;&gt;</a>&nbsp;&nbsp;&nbsp;main
</UL>

<P><STRONG><a name="[6d]"></a>__aeabi_d2f</STRONG> (Thumb, 56 bytes, Stack size 8 bytes, d2f.o(.text))
<BR><BR>[Stack]<UL><LI>Max Depth = 8<LI>Call Chain = __aeabi_d2f
</UL>
<BR>[Calls]<UL><LI><a href="#[5f]">&gt;&gt;</a>&nbsp;&nbsp;&nbsp;_float_round
</UL>
<BR>[Called By]<UL><LI><a href="#[8e]">&gt;&gt;</a>&nbsp;&nbsp;&nbsp;SetPhase
<LI><a href="#[91]">&gt;&gt;</a>&nbsp;&nbsp;&nbsp;SetR2
<LI><a href="#[90]">&gt;&gt;</a>&nbsp;&nbsp;&nbsp;SetR1
<LI><a href="#[8c]">&gt;&gt;</a>&nbsp;&nbsp;&nbsp;SetGain
<LI><a href="#[92]">&gt;&gt;</a>&nbsp;&nbsp;&nbsp;SetSOA
</UL>

<P><STRONG><a name="[ee]"></a>__aeabi_uidiv</STRONG> (Thumb, 0 bytes, Stack size 12 bytes, uidiv.o(.text), UNUSED)

<P><STRONG><a name="[e7]"></a>__aeabi_uidivmod</STRONG> (Thumb, 44 bytes, Stack size 12 bytes, uidiv.o(.text), UNUSED)
<BR><BR>[Called By]<UL><LI><a href="#[e1]">&gt;&gt;</a>&nbsp;&nbsp;&nbsp;_printf_core
</UL>

<P><STRONG><a name="[5c]"></a>__aeabi_llsl</STRONG> (Thumb, 30 bytes, Stack size 0 bytes, llshl.o(.text))
<BR><BR>[Called By]<UL><LI><a href="#[65]">&gt;&gt;</a>&nbsp;&nbsp;&nbsp;_double_epilogue
<LI><a href="#[6e]">&gt;&gt;</a>&nbsp;&nbsp;&nbsp;__aeabi_d2ulz
<LI><a href="#[5a]">&gt;&gt;</a>&nbsp;&nbsp;&nbsp;__aeabi_uldivmod
<LI><a href="#[63]">&gt;&gt;</a>&nbsp;&nbsp;&nbsp;__aeabi_dadd
</UL>

<P><STRONG><a name="[ef]"></a>_ll_shift_l</STRONG> (Thumb, 0 bytes, Stack size 0 bytes, llshl.o(.text), UNUSED)

<P><STRONG><a name="[5b]"></a>__aeabi_llsr</STRONG> (Thumb, 32 bytes, Stack size 0 bytes, llushr.o(.text))
<BR><BR>[Called By]<UL><LI><a href="#[65]">&gt;&gt;</a>&nbsp;&nbsp;&nbsp;_double_epilogue
<LI><a href="#[6e]">&gt;&gt;</a>&nbsp;&nbsp;&nbsp;__aeabi_d2ulz
<LI><a href="#[5a]">&gt;&gt;</a>&nbsp;&nbsp;&nbsp;__aeabi_uldivmod
<LI><a href="#[6c]">&gt;&gt;</a>&nbsp;&nbsp;&nbsp;__aeabi_d2iz
</UL>

<P><STRONG><a name="[f0]"></a>_ll_ushift_r</STRONG> (Thumb, 0 bytes, Stack size 0 bytes, llushr.o(.text), UNUSED)

<P><STRONG><a name="[64]"></a>__aeabi_lasr</STRONG> (Thumb, 36 bytes, Stack size 0 bytes, llsshr.o(.text))
<BR><BR>[Called By]<UL><LI><a href="#[63]">&gt;&gt;</a>&nbsp;&nbsp;&nbsp;__aeabi_dadd
</UL>

<P><STRONG><a name="[f1]"></a>_ll_sshift_r</STRONG> (Thumb, 0 bytes, Stack size 0 bytes, llsshr.o(.text), UNUSED)

<P><STRONG><a name="[f2]"></a>__I$use$fp</STRONG> (Thumb, 0 bytes, Stack size 0 bytes, iusefp.o(.text), UNUSED)

<P><STRONG><a name="[5f]"></a>_float_round</STRONG> (Thumb, 18 bytes, Stack size 0 bytes, fepilogue.o(.text))
<BR><BR>[Called By]<UL><LI><a href="#[6d]">&gt;&gt;</a>&nbsp;&nbsp;&nbsp;__aeabi_d2f
<LI><a href="#[62]">&gt;&gt;</a>&nbsp;&nbsp;&nbsp;__aeabi_fdiv
<LI><a href="#[5d]">&gt;&gt;</a>&nbsp;&nbsp;&nbsp;__aeabi_fadd
</UL>

<P><STRONG><a name="[5e]"></a>_float_epilogue</STRONG> (Thumb, 92 bytes, Stack size 4 bytes, fepilogue.o(.text))
<BR><BR>[Stack]<UL><LI>Max Depth = 4<LI>Call Chain = _float_epilogue
</UL>
<BR>[Called By]<UL><LI><a href="#[6b]">&gt;&gt;</a>&nbsp;&nbsp;&nbsp;__aeabi_i2f
<LI><a href="#[5d]">&gt;&gt;</a>&nbsp;&nbsp;&nbsp;__aeabi_fadd
</UL>

<P><STRONG><a name="[66]"></a>_double_round</STRONG> (Thumb, 30 bytes, Stack size 8 bytes, depilogue.o(.text))
<BR><BR>[Stack]<UL><LI>Max Depth = 8<LI>Call Chain = _double_round
</UL>
<BR>[Called By]<UL><LI><a href="#[65]">&gt;&gt;</a>&nbsp;&nbsp;&nbsp;_double_epilogue
<LI><a href="#[63]">&gt;&gt;</a>&nbsp;&nbsp;&nbsp;__aeabi_dadd
<LI><a href="#[6a]">&gt;&gt;</a>&nbsp;&nbsp;&nbsp;__aeabi_ddiv
</UL>

<P><STRONG><a name="[65]"></a>_double_epilogue</STRONG> (Thumb, 156 bytes, Stack size 32 bytes, depilogue.o(.text))
<BR><BR>[Stack]<UL><LI>Max Depth = 40<LI>Call Chain = _double_epilogue &rArr; _double_round
</UL>
<BR>[Calls]<UL><LI><a href="#[66]">&gt;&gt;</a>&nbsp;&nbsp;&nbsp;_double_round
<LI><a href="#[5b]">&gt;&gt;</a>&nbsp;&nbsp;&nbsp;__aeabi_llsr
<LI><a href="#[5c]">&gt;&gt;</a>&nbsp;&nbsp;&nbsp;__aeabi_llsl
</UL>
<BR>[Called By]<UL><LI><a href="#[63]">&gt;&gt;</a>&nbsp;&nbsp;&nbsp;__aeabi_dadd
<LI><a href="#[69]">&gt;&gt;</a>&nbsp;&nbsp;&nbsp;__aeabi_dmul
</UL>

<P><STRONG><a name="[6e]"></a>__aeabi_d2ulz</STRONG> (Thumb, 48 bytes, Stack size 0 bytes, dfixul.o(.text), UNUSED)
<BR><BR>[Calls]<UL><LI><a href="#[5b]">&gt;&gt;</a>&nbsp;&nbsp;&nbsp;__aeabi_llsr
<LI><a href="#[5c]">&gt;&gt;</a>&nbsp;&nbsp;&nbsp;__aeabi_llsl
</UL>
<BR>[Called By]<UL><LI><a href="#[e3]">&gt;&gt;</a>&nbsp;&nbsp;&nbsp;_fp_digits
</UL>

<P><STRONG><a name="[e4]"></a>__aeabi_cdrcmple</STRONG> (Thumb, 48 bytes, Stack size 0 bytes, cdrcmple.o(.text), UNUSED)
<BR><BR>[Called By]<UL><LI><a href="#[e3]">&gt;&gt;</a>&nbsp;&nbsp;&nbsp;_fp_digits
</UL>

<P><STRONG><a name="[59]"></a>__scatterload</STRONG> (Thumb, 38 bytes, Stack size 0 bytes, init.o(.text))
<BR><BR>[Calls]<UL><LI><a href="#[6f]">&gt;&gt;</a>&nbsp;&nbsp;&nbsp;__main_after_scatterload
</UL>
<BR>[Called By]<UL><LI><a href="#[58]">&gt;&gt;</a>&nbsp;&nbsp;&nbsp;_main_scatterload
</UL>

<P><STRONG><a name="[f3]"></a>__scatterload_rt2</STRONG> (Thumb, 0 bytes, Stack size 0 bytes, init.o(.text), UNUSED)

<P><STRONG><a name="[70]"></a>ADuCM430Setup</STRONG> (Thumb, 330 bytes, Stack size 48 bytes, aducm430_setup.o(.text.ADuCM430Setup))
<BR><BR>[Stack]<UL><LI>Max Depth = 168<LI>Call Chain = ADuCM430Setup &rArr; UrtCfg &rArr; __aeabi_uldivmod
</UL>
<BR>[Calls]<UL><LI><a href="#[71]">&gt;&gt;</a>&nbsp;&nbsp;&nbsp;WdtGo
<LI><a href="#[75]">&gt;&gt;</a>&nbsp;&nbsp;&nbsp;DioOenPin
<LI><a href="#[76]">&gt;&gt;</a>&nbsp;&nbsp;&nbsp;UrtPrint
<LI><a href="#[74]">&gt;&gt;</a>&nbsp;&nbsp;&nbsp;UrtIntCfg
<LI><a href="#[73]">&gt;&gt;</a>&nbsp;&nbsp;&nbsp;UrtCfg
<LI><a href="#[72]">&gt;&gt;</a>&nbsp;&nbsp;&nbsp;DioCfgPin
</UL>
<BR>[Called By]<UL><LI><a href="#[55]">&gt;&gt;</a>&nbsp;&nbsp;&nbsp;main
</UL>

<P><STRONG><a name="[7e]"></a>AdcGo</STRONG> (Thumb, 56 bytes, Stack size 12 bytes, adclib.o(.text.AdcGo))
<BR><BR>[Stack]<UL><LI>Max Depth = 12<LI>Call Chain = AdcGo
</UL>
<BR>[Called By]<UL><LI><a href="#[a4]">&gt;&gt;</a>&nbsp;&nbsp;&nbsp;WMPD_read
<LI><a href="#[a3]">&gt;&gt;</a>&nbsp;&nbsp;&nbsp;WLPD_read
<LI><a href="#[84]">&gt;&gt;</a>&nbsp;&nbsp;&nbsp;MPD_read
<LI><a href="#[7d]">&gt;&gt;</a>&nbsp;&nbsp;&nbsp;Adc_read
</UL>

<P><STRONG><a name="[77]"></a>AdcInit</STRONG> (Thumb, 44 bytes, Stack size 16 bytes, main.o(.text.AdcInit))
<BR><BR>[Stack]<UL><LI>Max Depth = 32<LI>Call Chain = AdcInit &rArr; AdcOverSampling
</UL>
<BR>[Calls]<UL><LI><a href="#[7c]">&gt;&gt;</a>&nbsp;&nbsp;&nbsp;AdcIntEn
<LI><a href="#[7b]">&gt;&gt;</a>&nbsp;&nbsp;&nbsp;AdcPinExt
<LI><a href="#[7a]">&gt;&gt;</a>&nbsp;&nbsp;&nbsp;AdcOverSampling
<LI><a href="#[79]">&gt;&gt;</a>&nbsp;&nbsp;&nbsp;AdcSpeed
<LI><a href="#[78]">&gt;&gt;</a>&nbsp;&nbsp;&nbsp;AdcPowerDown
</UL>
<BR>[Called By]<UL><LI><a href="#[55]">&gt;&gt;</a>&nbsp;&nbsp;&nbsp;main
</UL>

<P><STRONG><a name="[7c]"></a>AdcIntEn</STRONG> (Thumb, 56 bytes, Stack size 4 bytes, adclib.o(.text.AdcIntEn))
<BR><BR>[Stack]<UL><LI>Max Depth = 4<LI>Call Chain = AdcIntEn
</UL>
<BR>[Called By]<UL><LI><a href="#[a4]">&gt;&gt;</a>&nbsp;&nbsp;&nbsp;WMPD_read
<LI><a href="#[a3]">&gt;&gt;</a>&nbsp;&nbsp;&nbsp;WLPD_read
<LI><a href="#[84]">&gt;&gt;</a>&nbsp;&nbsp;&nbsp;MPD_read
<LI><a href="#[7d]">&gt;&gt;</a>&nbsp;&nbsp;&nbsp;Adc_read
<LI><a href="#[77]">&gt;&gt;</a>&nbsp;&nbsp;&nbsp;AdcInit
</UL>

<P><STRONG><a name="[7a]"></a>AdcOverSampling</STRONG> (Thumb, 276 bytes, Stack size 16 bytes, adclib.o(.text.AdcOverSampling))
<BR><BR>[Stack]<UL><LI>Max Depth = 16<LI>Call Chain = AdcOverSampling
</UL>
<BR>[Called By]<UL><LI><a href="#[77]">&gt;&gt;</a>&nbsp;&nbsp;&nbsp;AdcInit
</UL>

<P><STRONG><a name="[7b]"></a>AdcPinExt</STRONG> (Thumb, 20 bytes, Stack size 4 bytes, adclib.o(.text.AdcPinExt))
<BR><BR>[Stack]<UL><LI>Max Depth = 4<LI>Call Chain = AdcPinExt
</UL>
<BR>[Called By]<UL><LI><a href="#[a4]">&gt;&gt;</a>&nbsp;&nbsp;&nbsp;WMPD_read
<LI><a href="#[a3]">&gt;&gt;</a>&nbsp;&nbsp;&nbsp;WLPD_read
<LI><a href="#[84]">&gt;&gt;</a>&nbsp;&nbsp;&nbsp;MPD_read
<LI><a href="#[7d]">&gt;&gt;</a>&nbsp;&nbsp;&nbsp;Adc_read
<LI><a href="#[77]">&gt;&gt;</a>&nbsp;&nbsp;&nbsp;AdcInit
</UL>

<P><STRONG><a name="[78]"></a>AdcPowerDown</STRONG> (Thumb, 88 bytes, Stack size 4 bytes, adclib.o(.text.AdcPowerDown))
<BR><BR>[Stack]<UL><LI>Max Depth = 4<LI>Call Chain = AdcPowerDown
</UL>
<BR>[Called By]<UL><LI><a href="#[77]">&gt;&gt;</a>&nbsp;&nbsp;&nbsp;AdcInit
</UL>

<P><STRONG><a name="[80]"></a>AdcRd</STRONG> (Thumb, 44 bytes, Stack size 4 bytes, adclib.o(.text.AdcRd))
<BR><BR>[Stack]<UL><LI>Max Depth = 4<LI>Call Chain = AdcRd
</UL>
<BR>[Called By]<UL><LI><a href="#[a4]">&gt;&gt;</a>&nbsp;&nbsp;&nbsp;WMPD_read
<LI><a href="#[a3]">&gt;&gt;</a>&nbsp;&nbsp;&nbsp;WLPD_read
<LI><a href="#[84]">&gt;&gt;</a>&nbsp;&nbsp;&nbsp;MPD_read
<LI><a href="#[7d]">&gt;&gt;</a>&nbsp;&nbsp;&nbsp;Adc_read
</UL>

<P><STRONG><a name="[4]"></a>BusFault_Handler</STRONG> (Thumb, 4 bytes, Stack size 0 bytes, startup_aducm430.o(.text.Default_Handler))
<BR>[Address Reference Count : 1]<UL><LI> startup_aducm430.o(RESET)
</UL>
<P><STRONG><a name="[4a]"></a>COMP0_Int_Handler</STRONG> (Thumb, 4 bytes, Stack size 0 bytes, startup_aducm430.o(.text.Default_Handler))
<BR>[Address Reference Count : 1]<UL><LI> startup_aducm430.o(RESET)
</UL>
<P><STRONG><a name="[4b]"></a>COMP1_Int_Handler</STRONG> (Thumb, 4 bytes, Stack size 0 bytes, startup_aducm430.o(.text.Default_Handler))
<BR>[Address Reference Count : 1]<UL><LI> startup_aducm430.o(RESET)
</UL>
<P><STRONG><a name="[4c]"></a>COMP2_Int_Handler</STRONG> (Thumb, 4 bytes, Stack size 0 bytes, startup_aducm430.o(.text.Default_Handler))
<BR>[Address Reference Count : 1]<UL><LI> startup_aducm430.o(RESET)
</UL>
<P><STRONG><a name="[4d]"></a>COMP3_Int_Handler</STRONG> (Thumb, 4 bytes, Stack size 0 bytes, startup_aducm430.o(.text.Default_Handler))
<BR>[Address Reference Count : 1]<UL><LI> startup_aducm430.o(RESET)
</UL>
<P><STRONG><a name="[46]"></a>DIGCOMP0_Int_Handler</STRONG> (Thumb, 4 bytes, Stack size 0 bytes, startup_aducm430.o(.text.Default_Handler))
<BR>[Address Reference Count : 1]<UL><LI> startup_aducm430.o(RESET)
</UL>
<P><STRONG><a name="[47]"></a>DIGCOMP1_Int_Handler</STRONG> (Thumb, 4 bytes, Stack size 0 bytes, startup_aducm430.o(.text.Default_Handler))
<BR>[Address Reference Count : 1]<UL><LI> startup_aducm430.o(RESET)
</UL>
<P><STRONG><a name="[48]"></a>DIGCOMP2_Int_Handler</STRONG> (Thumb, 4 bytes, Stack size 0 bytes, startup_aducm430.o(.text.Default_Handler))
<BR>[Address Reference Count : 1]<UL><LI> startup_aducm430.o(RESET)
</UL>
<P><STRONG><a name="[49]"></a>DIGCOMP3_Int_Handler</STRONG> (Thumb, 4 bytes, Stack size 0 bytes, startup_aducm430.o(.text.Default_Handler))
<BR>[Address Reference Count : 1]<UL><LI> startup_aducm430.o(RESET)
</UL>
<P><STRONG><a name="[3f]"></a>DMA_ADC_Int_Handler</STRONG> (Thumb, 4 bytes, Stack size 0 bytes, startup_aducm430.o(.text.Default_Handler))
<BR>[Address Reference Count : 1]<UL><LI> startup_aducm430.o(RESET)
</UL>
<P><STRONG><a name="[2e]"></a>DMA_Err_Int_Handler</STRONG> (Thumb, 4 bytes, Stack size 0 bytes, startup_aducm430.o(.text.Default_Handler))
<BR>[Address Reference Count : 1]<UL><LI> startup_aducm430.o(RESET)
</UL>
<P><STRONG><a name="[3d]"></a>DMA_Flash0_Int_Handler</STRONG> (Thumb, 4 bytes, Stack size 0 bytes, startup_aducm430.o(.text.Default_Handler))
<BR>[Address Reference Count : 1]<UL><LI> startup_aducm430.o(RESET)
</UL>
<P><STRONG><a name="[3e]"></a>DMA_Flash1_Int_Handler</STRONG> (Thumb, 4 bytes, Stack size 0 bytes, startup_aducm430.o(.text.Default_Handler))
<BR>[Address Reference Count : 1]<UL><LI> startup_aducm430.o(RESET)
</UL>
<P><STRONG><a name="[37]"></a>DMA_I2C0_MTX_Int_Handler</STRONG> (Thumb, 4 bytes, Stack size 0 bytes, startup_aducm430.o(.text.Default_Handler))
<BR>[Address Reference Count : 1]<UL><LI> startup_aducm430.o(RESET)
</UL>
<P><STRONG><a name="[36]"></a>DMA_I2C0_SRX_Int_Handler</STRONG> (Thumb, 4 bytes, Stack size 0 bytes, startup_aducm430.o(.text.Default_Handler))
<BR>[Address Reference Count : 1]<UL><LI> startup_aducm430.o(RESET)
</UL>
<P><STRONG><a name="[35]"></a>DMA_I2C0_STX_Int_Handler</STRONG> (Thumb, 4 bytes, Stack size 0 bytes, startup_aducm430.o(.text.Default_Handler))
<BR>[Address Reference Count : 1]<UL><LI> startup_aducm430.o(RESET)
</UL>
<P><STRONG><a name="[3a]"></a>DMA_I2C1_MTX_Int_Handler</STRONG> (Thumb, 4 bytes, Stack size 0 bytes, startup_aducm430.o(.text.Default_Handler))
<BR>[Address Reference Count : 1]<UL><LI> startup_aducm430.o(RESET)
</UL>
<P><STRONG><a name="[39]"></a>DMA_I2C1_SRX_Int_Handler</STRONG> (Thumb, 4 bytes, Stack size 0 bytes, startup_aducm430.o(.text.Default_Handler))
<BR>[Address Reference Count : 1]<UL><LI> startup_aducm430.o(RESET)
</UL>
<P><STRONG><a name="[38]"></a>DMA_I2C1_STX_Int_Handler</STRONG> (Thumb, 4 bytes, Stack size 0 bytes, startup_aducm430.o(.text.Default_Handler))
<BR>[Address Reference Count : 1]<UL><LI> startup_aducm430.o(RESET)
</UL>
<P><STRONG><a name="[3c]"></a>DMA_MDIO_RX_Int_Handler</STRONG> (Thumb, 4 bytes, Stack size 0 bytes, startup_aducm430.o(.text.Default_Handler))
<BR>[Address Reference Count : 1]<UL><LI> startup_aducm430.o(RESET)
</UL>
<P><STRONG><a name="[3b]"></a>DMA_MDIO_TX_Int_Handler</STRONG> (Thumb, 4 bytes, Stack size 0 bytes, startup_aducm430.o(.text.Default_Handler))
<BR>[Address Reference Count : 1]<UL><LI> startup_aducm430.o(RESET)
</UL>
<P><STRONG><a name="[30]"></a>DMA_SPI0_RX_Int_Handler</STRONG> (Thumb, 4 bytes, Stack size 0 bytes, startup_aducm430.o(.text.Default_Handler))
<BR>[Address Reference Count : 1]<UL><LI> startup_aducm430.o(RESET)
</UL>
<P><STRONG><a name="[2f]"></a>DMA_SPI0_TX_Int_Handler</STRONG> (Thumb, 4 bytes, Stack size 0 bytes, startup_aducm430.o(.text.Default_Handler))
<BR>[Address Reference Count : 1]<UL><LI> startup_aducm430.o(RESET)
</UL>
<P><STRONG><a name="[32]"></a>DMA_SPI1_RX_Int_Handler</STRONG> (Thumb, 4 bytes, Stack size 0 bytes, startup_aducm430.o(.text.Default_Handler))
<BR>[Address Reference Count : 1]<UL><LI> startup_aducm430.o(RESET)
</UL>
<P><STRONG><a name="[31]"></a>DMA_SPI1_TX_Int_Handler</STRONG> (Thumb, 4 bytes, Stack size 0 bytes, startup_aducm430.o(.text.Default_Handler))
<BR>[Address Reference Count : 1]<UL><LI> startup_aducm430.o(RESET)
</UL>
<P><STRONG><a name="[40]"></a>DMA_TRIG0_Int_Handler</STRONG> (Thumb, 4 bytes, Stack size 0 bytes, startup_aducm430.o(.text.Default_Handler))
<BR>[Address Reference Count : 1]<UL><LI> startup_aducm430.o(RESET)
</UL>
<P><STRONG><a name="[41]"></a>DMA_TRIG1_Int_Handler</STRONG> (Thumb, 4 bytes, Stack size 0 bytes, startup_aducm430.o(.text.Default_Handler))
<BR>[Address Reference Count : 1]<UL><LI> startup_aducm430.o(RESET)
</UL>
<P><STRONG><a name="[34]"></a>DMA_UART_RX_Int_Handler</STRONG> (Thumb, 4 bytes, Stack size 0 bytes, startup_aducm430.o(.text.Default_Handler))
<BR>[Address Reference Count : 1]<UL><LI> startup_aducm430.o(RESET)
</UL>
<P><STRONG><a name="[33]"></a>DMA_UART_TX_Int_Handler</STRONG> (Thumb, 4 bytes, Stack size 0 bytes, startup_aducm430.o(.text.Default_Handler))
<BR>[Address Reference Count : 1]<UL><LI> startup_aducm430.o(RESET)
</UL>
<P><STRONG><a name="[7]"></a>DebugMon_Handler</STRONG> (Thumb, 4 bytes, Stack size 0 bytes, startup_aducm430.o(.text.Default_Handler))
<BR>[Address Reference Count : 1]<UL><LI> startup_aducm430.o(RESET)
</UL>
<P><STRONG><a name="[f4]"></a>Default_Handler</STRONG> (Thumb, 4 bytes, Stack size 0 bytes, startup_aducm430.o(.text.Default_Handler), UNUSED)

<P><STRONG><a name="[b]"></a>Ext_Int0_Handler</STRONG> (Thumb, 4 bytes, Stack size 0 bytes, startup_aducm430.o(.text.Default_Handler))
<BR>[Address Reference Count : 1]<UL><LI> startup_aducm430.o(RESET)
</UL>
<P><STRONG><a name="[c]"></a>Ext_Int1_Handler</STRONG> (Thumb, 4 bytes, Stack size 0 bytes, startup_aducm430.o(.text.Default_Handler))
<BR>[Address Reference Count : 1]<UL><LI> startup_aducm430.o(RESET)
</UL>
<P><STRONG><a name="[d]"></a>Ext_Int2_Handler</STRONG> (Thumb, 4 bytes, Stack size 0 bytes, startup_aducm430.o(.text.Default_Handler))
<BR>[Address Reference Count : 1]<UL><LI> startup_aducm430.o(RESET)
</UL>
<P><STRONG><a name="[e]"></a>Ext_Int3_Handler</STRONG> (Thumb, 4 bytes, Stack size 0 bytes, startup_aducm430.o(.text.Default_Handler))
<BR>[Address Reference Count : 1]<UL><LI> startup_aducm430.o(RESET)
</UL>
<P><STRONG><a name="[f]"></a>Ext_Int4_Handler</STRONG> (Thumb, 4 bytes, Stack size 0 bytes, startup_aducm430.o(.text.Default_Handler))
<BR>[Address Reference Count : 1]<UL><LI> startup_aducm430.o(RESET)
</UL>
<P><STRONG><a name="[10]"></a>Ext_Int5_Handler</STRONG> (Thumb, 4 bytes, Stack size 0 bytes, startup_aducm430.o(.text.Default_Handler))
<BR>[Address Reference Count : 1]<UL><LI> startup_aducm430.o(RESET)
</UL>
<P><STRONG><a name="[11]"></a>Ext_Int6_Handler</STRONG> (Thumb, 4 bytes, Stack size 0 bytes, startup_aducm430.o(.text.Default_Handler))
<BR>[Address Reference Count : 1]<UL><LI> startup_aducm430.o(RESET)
</UL>
<P><STRONG><a name="[12]"></a>Ext_Int7_Handler</STRONG> (Thumb, 4 bytes, Stack size 0 bytes, startup_aducm430.o(.text.Default_Handler))
<BR>[Address Reference Count : 1]<UL><LI> startup_aducm430.o(RESET)
</UL>
<P><STRONG><a name="[13]"></a>Ext_Int8_Handler</STRONG> (Thumb, 4 bytes, Stack size 0 bytes, startup_aducm430.o(.text.Default_Handler))
<BR>[Address Reference Count : 1]<UL><LI> startup_aducm430.o(RESET)
</UL>
<P><STRONG><a name="[14]"></a>Ext_Int9_Handler</STRONG> (Thumb, 4 bytes, Stack size 0 bytes, startup_aducm430.o(.text.Default_Handler))
<BR>[Address Reference Count : 1]<UL><LI> startup_aducm430.o(RESET)
</UL>
<P><STRONG><a name="[1b]"></a>Flash0_Int_Handler</STRONG> (Thumb, 4 bytes, Stack size 0 bytes, startup_aducm430.o(.text.Default_Handler))
<BR>[Address Reference Count : 1]<UL><LI> startup_aducm430.o(RESET)
</UL>
<P><STRONG><a name="[1c]"></a>Flash1_Int_Handler</STRONG> (Thumb, 4 bytes, Stack size 0 bytes, startup_aducm430.o(.text.Default_Handler))
<BR>[Address Reference Count : 1]<UL><LI> startup_aducm430.o(RESET)
</UL>
<P><STRONG><a name="[52]"></a>GPIO_INTA_Int_Handler</STRONG> (Thumb, 4 bytes, Stack size 0 bytes, startup_aducm430.o(.text.Default_Handler))
<BR>[Address Reference Count : 1]<UL><LI> startup_aducm430.o(RESET)
</UL>
<P><STRONG><a name="[53]"></a>GPIO_INTB_Int_Handler</STRONG> (Thumb, 4 bytes, Stack size 0 bytes, startup_aducm430.o(.text.Default_Handler))
<BR>[Address Reference Count : 1]<UL><LI> startup_aducm430.o(RESET)
</UL>
<P><STRONG><a name="[16]"></a>GP_Tmr0_Int_Handler</STRONG> (Thumb, 4 bytes, Stack size 0 bytes, startup_aducm430.o(.text.Default_Handler))
<BR>[Address Reference Count : 1]<UL><LI> startup_aducm430.o(RESET)
</UL>
<P><STRONG><a name="[17]"></a>GP_Tmr1_Int_Handler</STRONG> (Thumb, 4 bytes, Stack size 0 bytes, startup_aducm430.o(.text.Default_Handler))
<BR>[Address Reference Count : 1]<UL><LI> startup_aducm430.o(RESET)
</UL>
<P><STRONG><a name="[18]"></a>GP_Tmr2_Int_Handler</STRONG> (Thumb, 4 bytes, Stack size 0 bytes, startup_aducm430.o(.text.Default_Handler))
<BR>[Address Reference Count : 1]<UL><LI> startup_aducm430.o(RESET)
</UL>
<P><STRONG><a name="[19]"></a>GP_Tmr3_Int_Handler</STRONG> (Thumb, 4 bytes, Stack size 0 bytes, startup_aducm430.o(.text.Default_Handler))
<BR>[Address Reference Count : 1]<UL><LI> startup_aducm430.o(RESET)
</UL>
<P><STRONG><a name="[43]"></a>HFOSC_Int_Handler</STRONG> (Thumb, 4 bytes, Stack size 0 bytes, startup_aducm430.o(.text.Default_Handler))
<BR>[Address Reference Count : 1]<UL><LI> startup_aducm430.o(RESET)
</UL>
<P><STRONG><a name="[21]"></a>I2C0_Master_Int_Handler</STRONG> (Thumb, 4 bytes, Stack size 0 bytes, startup_aducm430.o(.text.Default_Handler))
<BR>[Address Reference Count : 1]<UL><LI> startup_aducm430.o(RESET)
</UL>
<P><STRONG><a name="[20]"></a>I2C0_Slave_Int_Handler</STRONG> (Thumb, 4 bytes, Stack size 0 bytes, startup_aducm430.o(.text.Default_Handler))
<BR>[Address Reference Count : 1]<UL><LI> startup_aducm430.o(RESET)
</UL>
<P><STRONG><a name="[23]"></a>I2C1_Master_Int_Handler</STRONG> (Thumb, 4 bytes, Stack size 0 bytes, startup_aducm430.o(.text.Default_Handler))
<BR>[Address Reference Count : 1]<UL><LI> startup_aducm430.o(RESET)
</UL>
<P><STRONG><a name="[22]"></a>I2C1_Slave_Int_Handler</STRONG> (Thumb, 4 bytes, Stack size 0 bytes, startup_aducm430.o(.text.Default_Handler))
<BR>[Address Reference Count : 1]<UL><LI> startup_aducm430.o(RESET)
</UL>
<P><STRONG><a name="[50]"></a>IDAC_RES_LOW_Int_Handler</STRONG> (Thumb, 4 bytes, Stack size 0 bytes, startup_aducm430.o(.text.Default_Handler))
<BR>[Address Reference Count : 1]<UL><LI> startup_aducm430.o(RESET)
</UL>
<P><STRONG><a name="[4e]"></a>MCODEC_Int_Handler</STRONG> (Thumb, 4 bytes, Stack size 0 bytes, startup_aducm430.o(.text.Default_Handler))
<BR>[Address Reference Count : 1]<UL><LI> startup_aducm430.o(RESET)
</UL>
<P><STRONG><a name="[1a]"></a>MDIO_Int_Handler</STRONG> (Thumb, 4 bytes, Stack size 0 bytes, startup_aducm430.o(.text.Default_Handler))
<BR>[Address Reference Count : 1]<UL><LI> startup_aducm430.o(RESET)
</UL>
<P><STRONG><a name="[3]"></a>MemManage_Handler</STRONG> (Thumb, 4 bytes, Stack size 0 bytes, startup_aducm430.o(.text.Default_Handler))
<BR>[Address Reference Count : 1]<UL><LI> startup_aducm430.o(RESET)
</UL>
<P><STRONG><a name="[1]"></a>NMI_Handler</STRONG> (Thumb, 4 bytes, Stack size 0 bytes, startup_aducm430.o(.text.Default_Handler))
<BR>[Address Reference Count : 1]<UL><LI> startup_aducm430.o(RESET)
</UL>
<P><STRONG><a name="[4f]"></a>OVERTEMP_Int_Handler</STRONG> (Thumb, 4 bytes, Stack size 0 bytes, startup_aducm430.o(.text.Default_Handler))
<BR>[Address Reference Count : 1]<UL><LI> startup_aducm430.o(RESET)
</UL>
<P><STRONG><a name="[24]"></a>PLA0_Int_Handler</STRONG> (Thumb, 4 bytes, Stack size 0 bytes, startup_aducm430.o(.text.Default_Handler))
<BR>[Address Reference Count : 1]<UL><LI> startup_aducm430.o(RESET)
</UL>
<P><STRONG><a name="[25]"></a>PLA1_Int_Handler</STRONG> (Thumb, 4 bytes, Stack size 0 bytes, startup_aducm430.o(.text.Default_Handler))
<BR>[Address Reference Count : 1]<UL><LI> startup_aducm430.o(RESET)
</UL>
<P><STRONG><a name="[26]"></a>PLA2_Int_Handler</STRONG> (Thumb, 4 bytes, Stack size 0 bytes, startup_aducm430.o(.text.Default_Handler))
<BR>[Address Reference Count : 1]<UL><LI> startup_aducm430.o(RESET)
</UL>
<P><STRONG><a name="[27]"></a>PLA3_Int_Handler</STRONG> (Thumb, 4 bytes, Stack size 0 bytes, startup_aducm430.o(.text.Default_Handler))
<BR>[Address Reference Count : 1]<UL><LI> startup_aducm430.o(RESET)
</UL>
<P><STRONG><a name="[29]"></a>PWM0_Int_Handler</STRONG> (Thumb, 4 bytes, Stack size 0 bytes, startup_aducm430.o(.text.Default_Handler))
<BR>[Address Reference Count : 1]<UL><LI> startup_aducm430.o(RESET)
</UL>
<P><STRONG><a name="[2a]"></a>PWM1_Int_Handler</STRONG> (Thumb, 4 bytes, Stack size 0 bytes, startup_aducm430.o(.text.Default_Handler))
<BR>[Address Reference Count : 1]<UL><LI> startup_aducm430.o(RESET)
</UL>
<P><STRONG><a name="[2b]"></a>PWM2_Int_Handler</STRONG> (Thumb, 4 bytes, Stack size 0 bytes, startup_aducm430.o(.text.Default_Handler))
<BR>[Address Reference Count : 1]<UL><LI> startup_aducm430.o(RESET)
</UL>
<P><STRONG><a name="[2c]"></a>PWM3_Int_Handler</STRONG> (Thumb, 4 bytes, Stack size 0 bytes, startup_aducm430.o(.text.Default_Handler))
<BR>[Address Reference Count : 1]<UL><LI> startup_aducm430.o(RESET)
</UL>
<P><STRONG><a name="[28]"></a>PWMTrip_Int_Handle</STRONG> (Thumb, 4 bytes, Stack size 0 bytes, startup_aducm430.o(.text.Default_Handler))
<BR>[Address Reference Count : 1]<UL><LI> startup_aducm430.o(RESET)
</UL>
<P><STRONG><a name="[8]"></a>PendSV_Handler</STRONG> (Thumb, 4 bytes, Stack size 0 bytes, startup_aducm430.o(.text.Default_Handler))
<BR>[Address Reference Count : 1]<UL><LI> startup_aducm430.o(RESET)
</UL>
<P><STRONG><a name="[45]"></a>SEQ_Int_Handler</STRONG> (Thumb, 4 bytes, Stack size 0 bytes, startup_aducm430.o(.text.Default_Handler))
<BR>[Address Reference Count : 1]<UL><LI> startup_aducm430.o(RESET)
</UL>
<P><STRONG><a name="[1e]"></a>SPI0_Int_Handler</STRONG> (Thumb, 4 bytes, Stack size 0 bytes, startup_aducm430.o(.text.Default_Handler))
<BR>[Address Reference Count : 1]<UL><LI> startup_aducm430.o(RESET)
</UL>
<P><STRONG><a name="[1f]"></a>SPI1_Int_Handler</STRONG> (Thumb, 4 bytes, Stack size 0 bytes, startup_aducm430.o(.text.Default_Handler))
<BR>[Address Reference Count : 1]<UL><LI> startup_aducm430.o(RESET)
</UL>
<P><STRONG><a name="[2d]"></a>SRAM_Err_Int_Handler</STRONG> (Thumb, 4 bytes, Stack size 0 bytes, startup_aducm430.o(.text.Default_Handler))
<BR>[Address Reference Count : 1]<UL><LI> startup_aducm430.o(RESET)
</UL>
<P><STRONG><a name="[6]"></a>SVC_Handler</STRONG> (Thumb, 4 bytes, Stack size 0 bytes, startup_aducm430.o(.text.Default_Handler))
<BR>[Address Reference Count : 1]<UL><LI> startup_aducm430.o(RESET)
</UL>
<P><STRONG><a name="[9]"></a>SysTick_Handler</STRONG> (Thumb, 4 bytes, Stack size 0 bytes, startup_aducm430.o(.text.Default_Handler))
<BR>[Address Reference Count : 1]<UL><LI> startup_aducm430.o(RESET)
</UL>
<P><STRONG><a name="[51]"></a>TEC_Int_Handler</STRONG> (Thumb, 4 bytes, Stack size 0 bytes, startup_aducm430.o(.text.Default_Handler))
<BR>[Address Reference Count : 1]<UL><LI> startup_aducm430.o(RESET)
</UL>
<P><STRONG><a name="[54]"></a>UnUsed_Handler</STRONG> (Thumb, 4 bytes, Stack size 0 bytes, startup_aducm430.o(.text.Default_Handler))
<BR>[Address Reference Count : 1]<UL><LI> startup_aducm430.o(RESET)
</UL>
<P><STRONG><a name="[5]"></a>UsageFault_Handler</STRONG> (Thumb, 4 bytes, Stack size 0 bytes, startup_aducm430.o(.text.Default_Handler))
<BR>[Address Reference Count : 1]<UL><LI> startup_aducm430.o(RESET)
</UL>
<P><STRONG><a name="[15]"></a>WDog_Tmr_Int_Handler</STRONG> (Thumb, 4 bytes, Stack size 0 bytes, startup_aducm430.o(.text.Default_Handler))
<BR>[Address Reference Count : 1]<UL><LI> startup_aducm430.o(RESET)
</UL>
<P><STRONG><a name="[a]"></a>WakeUp_Int_Handler</STRONG> (Thumb, 4 bytes, Stack size 0 bytes, startup_aducm430.o(.text.Default_Handler))
<BR>[Address Reference Count : 1]<UL><LI> startup_aducm430.o(RESET)
</UL>
<P><STRONG><a name="[d1]"></a>DioClr</STRONG> (Thumb, 20 bytes, Stack size 8 bytes, diolib.o(.text.DioClr))
<BR><BR>[Stack]<UL><LI>Max Depth = 8<LI>Call Chain = DioClr
</UL>
<BR>[Called By]<UL><LI><a href="#[55]">&gt;&gt;</a>&nbsp;&nbsp;&nbsp;main
</UL>

<P><STRONG><a name="[2]"></a>HardFault_Handler</STRONG> (Thumb, 4 bytes, Stack size 0 bytes, startup_aducm430.o(.text.HardFault_Handler))
<BR>[Address Reference Count : 1]<UL><LI> startup_aducm430.o(RESET)
</UL>
<P><STRONG><a name="[f5]"></a>__scatterload_null</STRONG> (Thumb, 2 bytes, Stack size unknown bytes, handlers.o(i.__scatterload_null), UNUSED)

<P><STRONG><a name="[79]"></a>AdcSpeed</STRONG> (Thumb, 72 bytes, Stack size 8 bytes, adclib.o(.text.AdcSpeed))
<BR><BR>[Stack]<UL><LI>Max Depth = 8<LI>Call Chain = AdcSpeed
</UL>
<BR>[Called By]<UL><LI><a href="#[77]">&gt;&gt;</a>&nbsp;&nbsp;&nbsp;AdcInit
</UL>

<P><STRONG><a name="[7d]"></a>Adc_read</STRONG> (Thumb, 98 bytes, Stack size 24 bytes, main.o(.text.Adc_read))
<BR><BR>[Stack]<UL><LI>Max Depth = 36<LI>Call Chain = Adc_read &rArr; AdcGo
</UL>
<BR>[Calls]<UL><LI><a href="#[80]">&gt;&gt;</a>&nbsp;&nbsp;&nbsp;AdcRd
<LI><a href="#[7e]">&gt;&gt;</a>&nbsp;&nbsp;&nbsp;AdcGo
<LI><a href="#[7c]">&gt;&gt;</a>&nbsp;&nbsp;&nbsp;AdcIntEn
<LI><a href="#[7b]">&gt;&gt;</a>&nbsp;&nbsp;&nbsp;AdcPinExt
<LI><a href="#[7f]">&gt;&gt;</a>&nbsp;&nbsp;&nbsp;__NVIC_DisableIRQ
</UL>
<BR>[Called By]<UL><LI><a href="#[55]">&gt;&gt;</a>&nbsp;&nbsp;&nbsp;main
</UL>

<P><STRONG><a name="[72]"></a>DioCfgPin</STRONG> (Thumb, 104 bytes, Stack size 24 bytes, diolib.o(.text.DioCfgPin))
<BR><BR>[Stack]<UL><LI>Max Depth = 24<LI>Call Chain = DioCfgPin
</UL>
<BR>[Called By]<UL><LI><a href="#[93]">&gt;&gt;</a>&nbsp;&nbsp;&nbsp;Setup
<LI><a href="#[70]">&gt;&gt;</a>&nbsp;&nbsp;&nbsp;ADuCM430Setup
<LI><a href="#[55]">&gt;&gt;</a>&nbsp;&nbsp;&nbsp;main
<LI><a href="#[9d]">&gt;&gt;</a>&nbsp;&nbsp;&nbsp;UART_Setup
<LI><a href="#[d6]">&gt;&gt;</a>&nbsp;&nbsp;&nbsp;uart1_init
</UL>

<P><STRONG><a name="[75]"></a>DioOenPin</STRONG> (Thumb, 60 bytes, Stack size 16 bytes, diolib.o(.text.DioOenPin))
<BR><BR>[Stack]<UL><LI>Max Depth = 16<LI>Call Chain = DioOenPin
</UL>
<BR>[Called By]<UL><LI><a href="#[70]">&gt;&gt;</a>&nbsp;&nbsp;&nbsp;ADuCM430Setup
<LI><a href="#[55]">&gt;&gt;</a>&nbsp;&nbsp;&nbsp;main
</UL>

<P><STRONG><a name="[d4]"></a>DioSet</STRONG> (Thumb, 20 bytes, Stack size 8 bytes, diolib.o(.text.DioSet))
<BR><BR>[Stack]<UL><LI>Max Depth = 8<LI>Call Chain = DioSet
</UL>
<BR>[Called By]<UL><LI><a href="#[55]">&gt;&gt;</a>&nbsp;&nbsp;&nbsp;main
</UL>

<P><STRONG><a name="[96]"></a>IDacCfg</STRONG> (Thumb, 78 bytes, Stack size 20 bytes, daclib.o(.text.IDacCfg))
<BR><BR>[Stack]<UL><LI>Max Depth = 20<LI>Call Chain = IDacCfg
</UL>
<BR>[Called By]<UL><LI><a href="#[93]">&gt;&gt;</a>&nbsp;&nbsp;&nbsp;Setup
</UL>

<P><STRONG><a name="[83]"></a>IDacSync</STRONG> (Thumb, 40 bytes, Stack size 4 bytes, daclib.o(.text.IDacSync))
<BR><BR>[Stack]<UL><LI>Max Depth = 4<LI>Call Chain = IDacSync
</UL>
<BR>[Called By]<UL><LI><a href="#[81]">&gt;&gt;</a>&nbsp;&nbsp;&nbsp;I_dac_write
<LI><a href="#[93]">&gt;&gt;</a>&nbsp;&nbsp;&nbsp;Setup
</UL>

<P><STRONG><a name="[82]"></a>IDacWr</STRONG> (Thumb, 66 bytes, Stack size 8 bytes, daclib.o(.text.IDacWr))
<BR><BR>[Stack]<UL><LI>Max Depth = 8<LI>Call Chain = IDacWr
</UL>
<BR>[Called By]<UL><LI><a href="#[81]">&gt;&gt;</a>&nbsp;&nbsp;&nbsp;I_dac_write
<LI><a href="#[93]">&gt;&gt;</a>&nbsp;&nbsp;&nbsp;Setup
</UL>

<P><STRONG><a name="[81]"></a>I_dac_write</STRONG> (Thumb, 24 bytes, Stack size 16 bytes, main.o(.text.I_dac_write))
<BR><BR>[Stack]<UL><LI>Max Depth = 24<LI>Call Chain = I_dac_write &rArr; IDacWr
</UL>
<BR>[Calls]<UL><LI><a href="#[83]">&gt;&gt;</a>&nbsp;&nbsp;&nbsp;IDacSync
<LI><a href="#[82]">&gt;&gt;</a>&nbsp;&nbsp;&nbsp;IDacWr
</UL>
<BR>[Called By]<UL><LI><a href="#[8c]">&gt;&gt;</a>&nbsp;&nbsp;&nbsp;SetGain
</UL>

<P><STRONG><a name="[84]"></a>MPD_read</STRONG> (Thumb, 108 bytes, Stack size 24 bytes, main.o(.text.MPD_read))
<BR><BR>[Stack]<UL><LI>Max Depth = 36<LI>Call Chain = MPD_read &rArr; AdcGo
</UL>
<BR>[Calls]<UL><LI><a href="#[80]">&gt;&gt;</a>&nbsp;&nbsp;&nbsp;AdcRd
<LI><a href="#[7e]">&gt;&gt;</a>&nbsp;&nbsp;&nbsp;AdcGo
<LI><a href="#[7c]">&gt;&gt;</a>&nbsp;&nbsp;&nbsp;AdcIntEn
<LI><a href="#[7b]">&gt;&gt;</a>&nbsp;&nbsp;&nbsp;AdcPinExt
<LI><a href="#[7f]">&gt;&gt;</a>&nbsp;&nbsp;&nbsp;__NVIC_DisableIRQ
</UL>
<BR>[Called By]<UL><LI><a href="#[55]">&gt;&gt;</a>&nbsp;&nbsp;&nbsp;main
</UL>

<P><STRONG><a name="[85]"></a>PID_Compute</STRONG> (Thumb, 186 bytes, Stack size 64 bytes, main.o(.text.PID_Compute))
<BR><BR>[Stack]<UL><LI>Max Depth = 84<LI>Call Chain = PID_Compute &rArr; __aeabi_fadd &rArr; _float_epilogue
</UL>
<BR>[Calls]<UL><LI><a href="#[62]">&gt;&gt;</a>&nbsp;&nbsp;&nbsp;__aeabi_fdiv
<LI><a href="#[88]">&gt;&gt;</a>&nbsp;&nbsp;&nbsp;__aeabi_fcmpge
<LI><a href="#[87]">&gt;&gt;</a>&nbsp;&nbsp;&nbsp;__aeabi_fcmple
<LI><a href="#[5d]">&gt;&gt;</a>&nbsp;&nbsp;&nbsp;__aeabi_fadd
<LI><a href="#[86]">&gt;&gt;</a>&nbsp;&nbsp;&nbsp;__aeabi_fmul
<LI><a href="#[60]">&gt;&gt;</a>&nbsp;&nbsp;&nbsp;__aeabi_fsub
</UL>
<BR>[Called By]<UL><LI><a href="#[55]">&gt;&gt;</a>&nbsp;&nbsp;&nbsp;main
</UL>

<P><STRONG><a name="[d5]"></a>PID_Init</STRONG> (Thumb, 72 bytes, Stack size 16 bytes, main.o(.text.PID_Init))
<BR><BR>[Stack]<UL><LI>Max Depth = 16<LI>Call Chain = PID_Init
</UL>
<BR>[Called By]<UL><LI><a href="#[55]">&gt;&gt;</a>&nbsp;&nbsp;&nbsp;main
</UL>

<P><STRONG><a name="[89]"></a>PLL_Interrupt_Init</STRONG> (Thumb, 26 bytes, Stack size 8 bytes, main.o(.text.PLL_Interrupt_Init))
<BR><BR>[Stack]<UL><LI>Max Depth = 12<LI>Call Chain = PLL_Interrupt_Init &rArr; __NVIC_EnableIRQ
</UL>
<BR>[Calls]<UL><LI><a href="#[8a]">&gt;&gt;</a>&nbsp;&nbsp;&nbsp;__NVIC_EnableIRQ
</UL>
<BR>[Called By]<UL><LI><a href="#[55]">&gt;&gt;</a>&nbsp;&nbsp;&nbsp;main
</UL>

<P><STRONG><a name="[0]"></a>Reset_Handler</STRONG> (Thumb, 28 bytes, Stack size 8 bytes, startup_aducm430.o(.text.Reset_Handler))
<BR><BR>[Stack]<UL><LI>Max Depth = 36 + Unknown Stack Size
<LI>Call Chain = Reset_Handler &rArr; SystemInit &rArr; __NVIC_ClearPendingIRQ
</UL>
<BR>[Calls]<UL><LI><a href="#[57]">&gt;&gt;</a>&nbsp;&nbsp;&nbsp;__main
<LI><a href="#[8b]">&gt;&gt;</a>&nbsp;&nbsp;&nbsp;SystemInit
</UL>
<BR>[Address Reference Count : 1]<UL><LI> startup_aducm430.o(RESET)
</UL>
<P><STRONG><a name="[8c]"></a>SetGain</STRONG> (Thumb, 106 bytes, Stack size 16 bytes, main.o(.text.SetGain))
<BR><BR>[Stack]<UL><LI>Max Depth = 104<LI>Call Chain = SetGain &rArr; __aeabi_dadd &rArr; _double_epilogue &rArr; _double_round
</UL>
<BR>[Calls]<UL><LI><a href="#[81]">&gt;&gt;</a>&nbsp;&nbsp;&nbsp;I_dac_write
<LI><a href="#[63]">&gt;&gt;</a>&nbsp;&nbsp;&nbsp;__aeabi_dadd
<LI><a href="#[6d]">&gt;&gt;</a>&nbsp;&nbsp;&nbsp;__aeabi_d2f
<LI><a href="#[69]">&gt;&gt;</a>&nbsp;&nbsp;&nbsp;__aeabi_dmul
<LI><a href="#[6c]">&gt;&gt;</a>&nbsp;&nbsp;&nbsp;__aeabi_d2iz
<LI><a href="#[8d]">&gt;&gt;</a>&nbsp;&nbsp;&nbsp;__aeabi_f2d
</UL>
<BR>[Called By]<UL><LI><a href="#[55]">&gt;&gt;</a>&nbsp;&nbsp;&nbsp;main
</UL>

<P><STRONG><a name="[8e]"></a>SetPhase</STRONG> (Thumb, 98 bytes, Stack size 16 bytes, main.o(.text.SetPhase))
<BR><BR>[Stack]<UL><LI>Max Depth = 104<LI>Call Chain = SetPhase &rArr; __aeabi_dadd &rArr; _double_epilogue &rArr; _double_round
</UL>
<BR>[Calls]<UL><LI><a href="#[63]">&gt;&gt;</a>&nbsp;&nbsp;&nbsp;__aeabi_dadd
<LI><a href="#[6d]">&gt;&gt;</a>&nbsp;&nbsp;&nbsp;__aeabi_d2f
<LI><a href="#[69]">&gt;&gt;</a>&nbsp;&nbsp;&nbsp;__aeabi_dmul
<LI><a href="#[6c]">&gt;&gt;</a>&nbsp;&nbsp;&nbsp;__aeabi_d2iz
<LI><a href="#[8d]">&gt;&gt;</a>&nbsp;&nbsp;&nbsp;__aeabi_f2d
<LI><a href="#[8f]">&gt;&gt;</a>&nbsp;&nbsp;&nbsp;V_dac_write
</UL>
<BR>[Called By]<UL><LI><a href="#[55]">&gt;&gt;</a>&nbsp;&nbsp;&nbsp;main
</UL>

<P><STRONG><a name="[90]"></a>SetR1</STRONG> (Thumb, 98 bytes, Stack size 16 bytes, main.o(.text.SetR1))
<BR><BR>[Stack]<UL><LI>Max Depth = 104<LI>Call Chain = SetR1 &rArr; __aeabi_dadd &rArr; _double_epilogue &rArr; _double_round
</UL>
<BR>[Calls]<UL><LI><a href="#[63]">&gt;&gt;</a>&nbsp;&nbsp;&nbsp;__aeabi_dadd
<LI><a href="#[6d]">&gt;&gt;</a>&nbsp;&nbsp;&nbsp;__aeabi_d2f
<LI><a href="#[69]">&gt;&gt;</a>&nbsp;&nbsp;&nbsp;__aeabi_dmul
<LI><a href="#[6c]">&gt;&gt;</a>&nbsp;&nbsp;&nbsp;__aeabi_d2iz
<LI><a href="#[8d]">&gt;&gt;</a>&nbsp;&nbsp;&nbsp;__aeabi_f2d
<LI><a href="#[8f]">&gt;&gt;</a>&nbsp;&nbsp;&nbsp;V_dac_write
</UL>
<BR>[Called By]<UL><LI><a href="#[55]">&gt;&gt;</a>&nbsp;&nbsp;&nbsp;main
</UL>

<P><STRONG><a name="[91]"></a>SetR2</STRONG> (Thumb, 98 bytes, Stack size 16 bytes, main.o(.text.SetR2))
<BR><BR>[Stack]<UL><LI>Max Depth = 104<LI>Call Chain = SetR2 &rArr; __aeabi_dadd &rArr; _double_epilogue &rArr; _double_round
</UL>
<BR>[Calls]<UL><LI><a href="#[63]">&gt;&gt;</a>&nbsp;&nbsp;&nbsp;__aeabi_dadd
<LI><a href="#[6d]">&gt;&gt;</a>&nbsp;&nbsp;&nbsp;__aeabi_d2f
<LI><a href="#[69]">&gt;&gt;</a>&nbsp;&nbsp;&nbsp;__aeabi_dmul
<LI><a href="#[6c]">&gt;&gt;</a>&nbsp;&nbsp;&nbsp;__aeabi_d2iz
<LI><a href="#[8d]">&gt;&gt;</a>&nbsp;&nbsp;&nbsp;__aeabi_f2d
<LI><a href="#[8f]">&gt;&gt;</a>&nbsp;&nbsp;&nbsp;V_dac_write
</UL>
<BR>[Called By]<UL><LI><a href="#[55]">&gt;&gt;</a>&nbsp;&nbsp;&nbsp;main
</UL>

<P><STRONG><a name="[92]"></a>SetSOA</STRONG> (Thumb, 98 bytes, Stack size 16 bytes, main.o(.text.SetSOA))
<BR><BR>[Stack]<UL><LI>Max Depth = 104<LI>Call Chain = SetSOA &rArr; __aeabi_dadd &rArr; _double_epilogue &rArr; _double_round
</UL>
<BR>[Calls]<UL><LI><a href="#[63]">&gt;&gt;</a>&nbsp;&nbsp;&nbsp;__aeabi_dadd
<LI><a href="#[6d]">&gt;&gt;</a>&nbsp;&nbsp;&nbsp;__aeabi_d2f
<LI><a href="#[69]">&gt;&gt;</a>&nbsp;&nbsp;&nbsp;__aeabi_dmul
<LI><a href="#[6c]">&gt;&gt;</a>&nbsp;&nbsp;&nbsp;__aeabi_d2iz
<LI><a href="#[8d]">&gt;&gt;</a>&nbsp;&nbsp;&nbsp;__aeabi_f2d
<LI><a href="#[8f]">&gt;&gt;</a>&nbsp;&nbsp;&nbsp;V_dac_write
</UL>
<BR>[Called By]<UL><LI><a href="#[55]">&gt;&gt;</a>&nbsp;&nbsp;&nbsp;main
</UL>

<P><STRONG><a name="[93]"></a>Setup</STRONG> (Thumb, 242 bytes, Stack size 40 bytes, main.o(.text.Setup))
<BR><BR>[Stack]<UL><LI>Max Depth = 160<LI>Call Chain = Setup &rArr; UrtCfg &rArr; __aeabi_uldivmod
</UL>
<BR>[Calls]<UL><LI><a href="#[83]">&gt;&gt;</a>&nbsp;&nbsp;&nbsp;IDacSync
<LI><a href="#[82]">&gt;&gt;</a>&nbsp;&nbsp;&nbsp;IDacWr
<LI><a href="#[96]">&gt;&gt;</a>&nbsp;&nbsp;&nbsp;IDacCfg
<LI><a href="#[95]">&gt;&gt;</a>&nbsp;&nbsp;&nbsp;VDacCfg
<LI><a href="#[94]">&gt;&gt;</a>&nbsp;&nbsp;&nbsp;UrtFifoCfg
<LI><a href="#[74]">&gt;&gt;</a>&nbsp;&nbsp;&nbsp;UrtIntCfg
<LI><a href="#[73]">&gt;&gt;</a>&nbsp;&nbsp;&nbsp;UrtCfg
<LI><a href="#[72]">&gt;&gt;</a>&nbsp;&nbsp;&nbsp;DioCfgPin
<LI><a href="#[8a]">&gt;&gt;</a>&nbsp;&nbsp;&nbsp;__NVIC_EnableIRQ
</UL>
<BR>[Called By]<UL><LI><a href="#[55]">&gt;&gt;</a>&nbsp;&nbsp;&nbsp;main
</UL>

<P><STRONG><a name="[98]"></a>SystemCoreClockUpdate</STRONG> (Thumb, 20 bytes, Stack size 0 bytes, system_aducm430.o(.text.SystemCoreClockUpdate))
<BR><BR>[Called By]<UL><LI><a href="#[8b]">&gt;&gt;</a>&nbsp;&nbsp;&nbsp;SystemInit
</UL>

<P><STRONG><a name="[8b]"></a>SystemInit</STRONG> (Thumb, 144 bytes, Stack size 24 bytes, system_aducm430.o(.text.SystemInit))
<BR><BR>[Stack]<UL><LI>Max Depth = 28<LI>Call Chain = SystemInit &rArr; __NVIC_ClearPendingIRQ
</UL>
<BR>[Calls]<UL><LI><a href="#[98]">&gt;&gt;</a>&nbsp;&nbsp;&nbsp;SystemCoreClockUpdate
<LI><a href="#[97]">&gt;&gt;</a>&nbsp;&nbsp;&nbsp;__NVIC_ClearPendingIRQ
</UL>
<BR>[Called By]<UL><LI><a href="#[0]">&gt;&gt;</a>&nbsp;&nbsp;&nbsp;Reset_Handler
<LI><a href="#[55]">&gt;&gt;</a>&nbsp;&nbsp;&nbsp;main
</UL>

<P><STRONG><a name="[99]"></a>TecInit</STRONG> (Thumb, 172 bytes, Stack size 16 bytes, main.o(.text.TecInit))
<BR><BR>[Stack]<UL><LI>Max Depth = 40<LI>Call Chain = TecInit &rArr; VDacCfg
</UL>
<BR>[Calls]<UL><LI><a href="#[95]">&gt;&gt;</a>&nbsp;&nbsp;&nbsp;VDacCfg
</UL>
<BR>[Called By]<UL><LI><a href="#[55]">&gt;&gt;</a>&nbsp;&nbsp;&nbsp;main
</UL>

<P><STRONG><a name="[1d]"></a>UART_Int_Handler</STRONG> (Thumb, 164 bytes, Stack size 32 bytes, main.o(.text.UART_Int_Handler))
<BR><BR>[Stack]<UL><LI>Max Depth = 44<LI>Call Chain = UART_Int_Handler &rArr; delay
</UL>
<BR>[Calls]<UL><LI><a href="#[9c]">&gt;&gt;</a>&nbsp;&nbsp;&nbsp;UrtFifoClr
<LI><a href="#[9a]">&gt;&gt;</a>&nbsp;&nbsp;&nbsp;UrtIntSta
<LI><a href="#[9b]">&gt;&gt;</a>&nbsp;&nbsp;&nbsp;delay
</UL>
<BR>[Address Reference Count : 1]<UL><LI> startup_aducm430.o(RESET)
</UL>
<P><STRONG><a name="[9d]"></a>UART_Setup</STRONG> (Thumb, 82 bytes, Stack size 24 bytes, main.o(.text.UART_Setup))
<BR><BR>[Stack]<UL><LI>Max Depth = 144<LI>Call Chain = UART_Setup &rArr; UrtCfg &rArr; __aeabi_uldivmod
</UL>
<BR>[Calls]<UL><LI><a href="#[94]">&gt;&gt;</a>&nbsp;&nbsp;&nbsp;UrtFifoCfg
<LI><a href="#[74]">&gt;&gt;</a>&nbsp;&nbsp;&nbsp;UrtIntCfg
<LI><a href="#[73]">&gt;&gt;</a>&nbsp;&nbsp;&nbsp;UrtCfg
<LI><a href="#[72]">&gt;&gt;</a>&nbsp;&nbsp;&nbsp;DioCfgPin
<LI><a href="#[8a]">&gt;&gt;</a>&nbsp;&nbsp;&nbsp;__NVIC_EnableIRQ
</UL>
<BR>[Called By]<UL><LI><a href="#[55]">&gt;&gt;</a>&nbsp;&nbsp;&nbsp;main
</UL>

<P><STRONG><a name="[73]"></a>UrtCfg</STRONG> (Thumb, 348 bytes, Stack size 80 bytes, urtlib.o(.text.UrtCfg))
<BR><BR>[Stack]<UL><LI>Max Depth = 120<LI>Call Chain = UrtCfg &rArr; __aeabi_uldivmod
</UL>
<BR>[Calls]<UL><LI><a href="#[5a]">&gt;&gt;</a>&nbsp;&nbsp;&nbsp;__aeabi_uldivmod
</UL>
<BR>[Called By]<UL><LI><a href="#[93]">&gt;&gt;</a>&nbsp;&nbsp;&nbsp;Setup
<LI><a href="#[70]">&gt;&gt;</a>&nbsp;&nbsp;&nbsp;ADuCM430Setup
<LI><a href="#[9d]">&gt;&gt;</a>&nbsp;&nbsp;&nbsp;UART_Setup
<LI><a href="#[d6]">&gt;&gt;</a>&nbsp;&nbsp;&nbsp;uart1_init
</UL>

<P><STRONG><a name="[94]"></a>UrtFifoCfg</STRONG> (Thumb, 30 bytes, Stack size 12 bytes, urtlib.o(.text.UrtFifoCfg))
<BR><BR>[Stack]<UL><LI>Max Depth = 12<LI>Call Chain = UrtFifoCfg
</UL>
<BR>[Called By]<UL><LI><a href="#[93]">&gt;&gt;</a>&nbsp;&nbsp;&nbsp;Setup
<LI><a href="#[9d]">&gt;&gt;</a>&nbsp;&nbsp;&nbsp;UART_Setup
</UL>

<P><STRONG><a name="[9c]"></a>UrtFifoClr</STRONG> (Thumb, 34 bytes, Stack size 8 bytes, urtlib.o(.text.UrtFifoClr))
<BR><BR>[Stack]<UL><LI>Max Depth = 8<LI>Call Chain = UrtFifoClr
</UL>
<BR>[Called By]<UL><LI><a href="#[1d]">&gt;&gt;</a>&nbsp;&nbsp;&nbsp;UART_Int_Handler
</UL>

<P><STRONG><a name="[74]"></a>UrtIntCfg</STRONG> (Thumb, 18 bytes, Stack size 8 bytes, urtlib.o(.text.UrtIntCfg))
<BR><BR>[Stack]<UL><LI>Max Depth = 8<LI>Call Chain = UrtIntCfg
</UL>
<BR>[Called By]<UL><LI><a href="#[93]">&gt;&gt;</a>&nbsp;&nbsp;&nbsp;Setup
<LI><a href="#[70]">&gt;&gt;</a>&nbsp;&nbsp;&nbsp;ADuCM430Setup
<LI><a href="#[9d]">&gt;&gt;</a>&nbsp;&nbsp;&nbsp;UART_Setup
</UL>

<P><STRONG><a name="[9a]"></a>UrtIntSta</STRONG> (Thumb, 12 bytes, Stack size 4 bytes, urtlib.o(.text.UrtIntSta))
<BR><BR>[Stack]<UL><LI>Max Depth = 4<LI>Call Chain = UrtIntSta
</UL>
<BR>[Called By]<UL><LI><a href="#[1d]">&gt;&gt;</a>&nbsp;&nbsp;&nbsp;UART_Int_Handler
</UL>

<P><STRONG><a name="[76]"></a>UrtPrint</STRONG> (Thumb, 124 bytes, Stack size 40 bytes, aducm430_setup.o(.text.UrtPrint))
<BR><BR>[Stack]<UL><LI>Max Depth = 64<LI>Call Chain = UrtPrint &rArr; vsprintf
</UL>
<BR>[Calls]<UL><LI><a href="#[9e]">&gt;&gt;</a>&nbsp;&nbsp;&nbsp;vsprintf
<LI><a href="#[9f]">&gt;&gt;</a>&nbsp;&nbsp;&nbsp;UrtTx
</UL>
<BR>[Called By]<UL><LI><a href="#[70]">&gt;&gt;</a>&nbsp;&nbsp;&nbsp;ADuCM430Setup
</UL>

<P><STRONG><a name="[a0]"></a>UrtSendString</STRONG> (Thumb, 54 bytes, Stack size 24 bytes, urtlib.o(.text.UrtSendString))
<BR><BR>[Stack]<UL><LI>Max Depth = 36<LI>Call Chain = UrtSendString &rArr; UrtTx
</UL>
<BR>[Calls]<UL><LI><a href="#[9f]">&gt;&gt;</a>&nbsp;&nbsp;&nbsp;UrtTx
</UL>
<BR>[Called By]<UL><LI><a href="#[55]">&gt;&gt;</a>&nbsp;&nbsp;&nbsp;main
</UL>

<P><STRONG><a name="[9f]"></a>UrtTx</STRONG> (Thumb, 42 bytes, Stack size 12 bytes, urtlib.o(.text.UrtTx))
<BR><BR>[Stack]<UL><LI>Max Depth = 12<LI>Call Chain = UrtTx
</UL>
<BR>[Called By]<UL><LI><a href="#[a0]">&gt;&gt;</a>&nbsp;&nbsp;&nbsp;UrtSendString
<LI><a href="#[76]">&gt;&gt;</a>&nbsp;&nbsp;&nbsp;UrtPrint
</UL>

<P><STRONG><a name="[95]"></a>VDacCfg</STRONG> (Thumb, 338 bytes, Stack size 24 bytes, daclib.o(.text.VDacCfg))
<BR><BR>[Stack]<UL><LI>Max Depth = 24<LI>Call Chain = VDacCfg
</UL>
<BR>[Called By]<UL><LI><a href="#[93]">&gt;&gt;</a>&nbsp;&nbsp;&nbsp;Setup
<LI><a href="#[99]">&gt;&gt;</a>&nbsp;&nbsp;&nbsp;TecInit
</UL>

<P><STRONG><a name="[a2]"></a>VDacSync</STRONG> (Thumb, 30 bytes, Stack size 4 bytes, daclib.o(.text.VDacSync))
<BR><BR>[Stack]<UL><LI>Max Depth = 4<LI>Call Chain = VDacSync
</UL>
<BR>[Called By]<UL><LI><a href="#[8f]">&gt;&gt;</a>&nbsp;&nbsp;&nbsp;V_dac_write
<LI><a href="#[55]">&gt;&gt;</a>&nbsp;&nbsp;&nbsp;main
</UL>

<P><STRONG><a name="[a1]"></a>VDacWr</STRONG> (Thumb, 218 bytes, Stack size 12 bytes, daclib.o(.text.VDacWr))
<BR><BR>[Stack]<UL><LI>Max Depth = 12<LI>Call Chain = VDacWr
</UL>
<BR>[Called By]<UL><LI><a href="#[8f]">&gt;&gt;</a>&nbsp;&nbsp;&nbsp;V_dac_write
<LI><a href="#[55]">&gt;&gt;</a>&nbsp;&nbsp;&nbsp;main
</UL>

<P><STRONG><a name="[d7]"></a>VDacWrAutoSync</STRONG> (Thumb, 200 bytes, Stack size 12 bytes, daclib.o(.text.VDacWrAutoSync))
<BR><BR>[Stack]<UL><LI>Max Depth = 12<LI>Call Chain = VDacWrAutoSync
</UL>
<BR>[Called By]<UL><LI><a href="#[55]">&gt;&gt;</a>&nbsp;&nbsp;&nbsp;main
</UL>

<P><STRONG><a name="[8f]"></a>V_dac_write</STRONG> (Thumb, 28 bytes, Stack size 16 bytes, main.o(.text.V_dac_write))
<BR><BR>[Stack]<UL><LI>Max Depth = 28<LI>Call Chain = V_dac_write &rArr; VDacWr
</UL>
<BR>[Calls]<UL><LI><a href="#[a2]">&gt;&gt;</a>&nbsp;&nbsp;&nbsp;VDacSync
<LI><a href="#[a1]">&gt;&gt;</a>&nbsp;&nbsp;&nbsp;VDacWr
</UL>
<BR>[Called By]<UL><LI><a href="#[8e]">&gt;&gt;</a>&nbsp;&nbsp;&nbsp;SetPhase
<LI><a href="#[91]">&gt;&gt;</a>&nbsp;&nbsp;&nbsp;SetR2
<LI><a href="#[90]">&gt;&gt;</a>&nbsp;&nbsp;&nbsp;SetR1
<LI><a href="#[92]">&gt;&gt;</a>&nbsp;&nbsp;&nbsp;SetSOA
<LI><a href="#[55]">&gt;&gt;</a>&nbsp;&nbsp;&nbsp;main
</UL>

<P><STRONG><a name="[a3]"></a>WLPD_read</STRONG> (Thumb, 108 bytes, Stack size 24 bytes, main.o(.text.WLPD_read))
<BR><BR>[Stack]<UL><LI>Max Depth = 36<LI>Call Chain = WLPD_read &rArr; AdcGo
</UL>
<BR>[Calls]<UL><LI><a href="#[80]">&gt;&gt;</a>&nbsp;&nbsp;&nbsp;AdcRd
<LI><a href="#[7e]">&gt;&gt;</a>&nbsp;&nbsp;&nbsp;AdcGo
<LI><a href="#[7c]">&gt;&gt;</a>&nbsp;&nbsp;&nbsp;AdcIntEn
<LI><a href="#[7b]">&gt;&gt;</a>&nbsp;&nbsp;&nbsp;AdcPinExt
<LI><a href="#[7f]">&gt;&gt;</a>&nbsp;&nbsp;&nbsp;__NVIC_DisableIRQ
</UL>
<BR>[Called By]<UL><LI><a href="#[55]">&gt;&gt;</a>&nbsp;&nbsp;&nbsp;main
</UL>

<P><STRONG><a name="[a4]"></a>WMPD_read</STRONG> (Thumb, 116 bytes, Stack size 24 bytes, main.o(.text.WMPD_read))
<BR><BR>[Stack]<UL><LI>Max Depth = 36<LI>Call Chain = WMPD_read &rArr; AdcGo
</UL>
<BR>[Calls]<UL><LI><a href="#[80]">&gt;&gt;</a>&nbsp;&nbsp;&nbsp;AdcRd
<LI><a href="#[7e]">&gt;&gt;</a>&nbsp;&nbsp;&nbsp;AdcGo
<LI><a href="#[7c]">&gt;&gt;</a>&nbsp;&nbsp;&nbsp;AdcIntEn
<LI><a href="#[7b]">&gt;&gt;</a>&nbsp;&nbsp;&nbsp;AdcPinExt
<LI><a href="#[7f]">&gt;&gt;</a>&nbsp;&nbsp;&nbsp;__NVIC_DisableIRQ
</UL>
<BR>[Called By]<UL><LI><a href="#[55]">&gt;&gt;</a>&nbsp;&nbsp;&nbsp;main
</UL>

<P><STRONG><a name="[71]"></a>WdtGo</STRONG> (Thumb, 52 bytes, Stack size 4 bytes, wdtlib.o(.text.WdtGo))
<BR><BR>[Stack]<UL><LI>Max Depth = 4<LI>Call Chain = WdtGo
</UL>
<BR>[Called By]<UL><LI><a href="#[70]">&gt;&gt;</a>&nbsp;&nbsp;&nbsp;ADuCM430Setup
<LI><a href="#[55]">&gt;&gt;</a>&nbsp;&nbsp;&nbsp;main
</UL>

<P><STRONG><a name="[a5]"></a>build_outbound_frame_spec</STRONG> (Thumb, 144 bytes, Stack size 32 bytes, nanoitla.o(.text.build_outbound_frame_spec))
<BR><BR>[Stack]<UL><LI>Max Depth = 40<LI>Call Chain = build_outbound_frame_spec &rArr; bip4
</UL>
<BR>[Calls]<UL><LI><a href="#[a6]">&gt;&gt;</a>&nbsp;&nbsp;&nbsp;bip4
</UL>
<BR>[Called By]<UL><LI><a href="#[cb]">&gt;&gt;</a>&nbsp;&nbsp;&nbsp;itla_handle_frame
</UL>

<P><STRONG><a name="[9b]"></a>delay</STRONG> (Thumb, 58 bytes, Stack size 12 bytes, main.o(.text.delay))
<BR><BR>[Stack]<UL><LI>Max Depth = 12<LI>Call Chain = delay
</UL>
<BR>[Called By]<UL><LI><a href="#[55]">&gt;&gt;</a>&nbsp;&nbsp;&nbsp;main
<LI><a href="#[1d]">&gt;&gt;</a>&nbsp;&nbsp;&nbsp;UART_Int_Handler
</UL>

<P><STRONG><a name="[c1]"></a>itla_backend_dl_abort</STRONG> (Thumb, 10 bytes, Stack size 0 bytes, nanoitla.o(.text.itla_backend_dl_abort))
<BR><BR>[Called By]<UL><LI><a href="#[ae]">&gt;&gt;</a>&nbsp;&nbsp;&nbsp;dl_apply_config
</UL>

<P><STRONG><a name="[c3]"></a>itla_backend_dl_poll</STRONG> (Thumb, 16 bytes, Stack size 4 bytes, nanoitla.o(.text.itla_backend_dl_poll))
<BR><BR>[Stack]<UL><LI>Max Depth = 4<LI>Call Chain = itla_backend_dl_poll
</UL>
<BR>[Called By]<UL><LI><a href="#[ab]">&gt;&gt;</a>&nbsp;&nbsp;&nbsp;dl_tick
</UL>

<P><STRONG><a name="[c0]"></a>itla_backend_dl_reset</STRONG> (Thumb, 10 bytes, Stack size 0 bytes, nanoitla.o(.text.itla_backend_dl_reset))
<BR><BR>[Called By]<UL><LI><a href="#[ae]">&gt;&gt;</a>&nbsp;&nbsp;&nbsp;dl_apply_config
</UL>

<P><STRONG><a name="[c2]"></a>itla_backend_dl_start</STRONG> (Thumb, 18 bytes, Stack size 4 bytes, nanoitla.o(.text.itla_backend_dl_start))
<BR><BR>[Stack]<UL><LI>Max Depth = 4<LI>Call Chain = itla_backend_dl_start
</UL>
<BR>[Called By]<UL><LI><a href="#[ae]">&gt;&gt;</a>&nbsp;&nbsp;&nbsp;dl_apply_config
</UL>

<P><STRONG><a name="[cf]"></a>itla_backend_get_caps97</STRONG> (Thumb, 22 bytes, Stack size 16 bytes, nanoitla.o(.text.itla_backend_get_caps97))
<BR><BR>[Stack]<UL><LI>Max Depth = 16<LI>Call Chain = itla_backend_get_caps97
</UL>
<BR>[Called By]<UL><LI><a href="#[ac]">&gt;&gt;</a>&nbsp;&nbsp;&nbsp;load_caps97_once
</UL>

<P><STRONG><a name="[cb]"></a>itla_handle_frame</STRONG> (Thumb, 266 bytes, Stack size 56 bytes, nanoitla.o(.text.itla_handle_frame))
<BR><BR>[Stack]<UL><LI>Max Depth = 264<LI>Call Chain = itla_handle_frame &rArr; handle_register_and_build_response &rArr; c_handle_register &rArr; last_freq_split &rArr; freq_gx1e4
</UL>
<BR>[Calls]<UL><LI><a href="#[a5]">&gt;&gt;</a>&nbsp;&nbsp;&nbsp;build_outbound_frame_spec
<LI><a href="#[cc]">&gt;&gt;</a>&nbsp;&nbsp;&nbsp;parse_inbound_frame
<LI><a href="#[c7]">&gt;&gt;</a>&nbsp;&nbsp;&nbsp;handle_register_and_build_response
<LI><a href="#[cd]">&gt;&gt;</a>&nbsp;&nbsp;&nbsp;status_latch_comm_error
</UL>
<BR>[Called By]<UL><LI><a href="#[55]">&gt;&gt;</a>&nbsp;&nbsp;&nbsp;main
</UL>

<P><STRONG><a name="[55]"></a>main</STRONG> (Thumb, 900 bytes, Stack size 184 bytes, main.o(.text.main))
<BR><BR>[Stack]<UL><LI>Max Depth = 448<LI>Call Chain = main &rArr; itla_handle_frame &rArr; handle_register_and_build_response &rArr; c_handle_register &rArr; last_freq_split &rArr; freq_gx1e4
</UL>
<BR>[Calls]<UL><LI><a href="#[d3]">&gt;&gt;</a>&nbsp;&nbsp;&nbsp;sprintf
<LI><a href="#[8e]">&gt;&gt;</a>&nbsp;&nbsp;&nbsp;SetPhase
<LI><a href="#[91]">&gt;&gt;</a>&nbsp;&nbsp;&nbsp;SetR2
<LI><a href="#[90]">&gt;&gt;</a>&nbsp;&nbsp;&nbsp;SetR1
<LI><a href="#[8c]">&gt;&gt;</a>&nbsp;&nbsp;&nbsp;SetGain
<LI><a href="#[92]">&gt;&gt;</a>&nbsp;&nbsp;&nbsp;SetSOA
<LI><a href="#[cb]">&gt;&gt;</a>&nbsp;&nbsp;&nbsp;itla_handle_frame
<LI><a href="#[d7]">&gt;&gt;</a>&nbsp;&nbsp;&nbsp;VDacWrAutoSync
<LI><a href="#[6c]">&gt;&gt;</a>&nbsp;&nbsp;&nbsp;__aeabi_d2iz
<LI><a href="#[6a]">&gt;&gt;</a>&nbsp;&nbsp;&nbsp;__aeabi_ddiv
<LI><a href="#[8d]">&gt;&gt;</a>&nbsp;&nbsp;&nbsp;__aeabi_f2d
<LI><a href="#[6b]">&gt;&gt;</a>&nbsp;&nbsp;&nbsp;__aeabi_i2f
<LI><a href="#[8b]">&gt;&gt;</a>&nbsp;&nbsp;&nbsp;SystemInit
<LI><a href="#[71]">&gt;&gt;</a>&nbsp;&nbsp;&nbsp;WdtGo
<LI><a href="#[8f]">&gt;&gt;</a>&nbsp;&nbsp;&nbsp;V_dac_write
<LI><a href="#[d4]">&gt;&gt;</a>&nbsp;&nbsp;&nbsp;DioSet
<LI><a href="#[a2]">&gt;&gt;</a>&nbsp;&nbsp;&nbsp;VDacSync
<LI><a href="#[a1]">&gt;&gt;</a>&nbsp;&nbsp;&nbsp;VDacWr
<LI><a href="#[a0]">&gt;&gt;</a>&nbsp;&nbsp;&nbsp;UrtSendString
<LI><a href="#[93]">&gt;&gt;</a>&nbsp;&nbsp;&nbsp;Setup
<LI><a href="#[70]">&gt;&gt;</a>&nbsp;&nbsp;&nbsp;ADuCM430Setup
<LI><a href="#[d1]">&gt;&gt;</a>&nbsp;&nbsp;&nbsp;DioClr
<LI><a href="#[75]">&gt;&gt;</a>&nbsp;&nbsp;&nbsp;DioOenPin
<LI><a href="#[99]">&gt;&gt;</a>&nbsp;&nbsp;&nbsp;TecInit
<LI><a href="#[a4]">&gt;&gt;</a>&nbsp;&nbsp;&nbsp;WMPD_read
<LI><a href="#[a3]">&gt;&gt;</a>&nbsp;&nbsp;&nbsp;WLPD_read
<LI><a href="#[84]">&gt;&gt;</a>&nbsp;&nbsp;&nbsp;MPD_read
<LI><a href="#[7d]">&gt;&gt;</a>&nbsp;&nbsp;&nbsp;Adc_read
<LI><a href="#[77]">&gt;&gt;</a>&nbsp;&nbsp;&nbsp;AdcInit
<LI><a href="#[89]">&gt;&gt;</a>&nbsp;&nbsp;&nbsp;PLL_Interrupt_Init
<LI><a href="#[d2]">&gt;&gt;</a>&nbsp;&nbsp;&nbsp;time_0_init
<LI><a href="#[5d]">&gt;&gt;</a>&nbsp;&nbsp;&nbsp;__aeabi_fadd
<LI><a href="#[86]">&gt;&gt;</a>&nbsp;&nbsp;&nbsp;__aeabi_fmul
<LI><a href="#[60]">&gt;&gt;</a>&nbsp;&nbsp;&nbsp;__aeabi_fsub
<LI><a href="#[85]">&gt;&gt;</a>&nbsp;&nbsp;&nbsp;PID_Compute
<LI><a href="#[d5]">&gt;&gt;</a>&nbsp;&nbsp;&nbsp;PID_Init
<LI><a href="#[72]">&gt;&gt;</a>&nbsp;&nbsp;&nbsp;DioCfgPin
<LI><a href="#[9d]">&gt;&gt;</a>&nbsp;&nbsp;&nbsp;UART_Setup
<LI><a href="#[9b]">&gt;&gt;</a>&nbsp;&nbsp;&nbsp;delay
<LI><a href="#[d8]">&gt;&gt;</a>&nbsp;&nbsp;&nbsp;uart1_write_bytes
<LI><a href="#[d6]">&gt;&gt;</a>&nbsp;&nbsp;&nbsp;uart1_init
</UL>
<BR>[Address Reference Count : 1]<UL><LI> entry9a.o(.ARM.Collect$$$$0000000B)
</UL>
<P><STRONG><a name="[b1]"></a>nano_apply_channel_from_lut</STRONG> (Thumb, 184 bytes, Stack size 8 bytes, nano_lut_50ghz.o(.text.nano_apply_channel_from_lut))
<BR><BR>[Stack]<UL><LI>Max Depth = 8<LI>Call Chain = nano_apply_channel_from_lut
</UL>
<BR>[Called By]<UL><LI><a href="#[a9]">&gt;&gt;</a>&nbsp;&nbsp;&nbsp;c_handle_register
</UL>

<P><STRONG><a name="[cc]"></a>parse_inbound_frame</STRONG> (Thumb, 196 bytes, Stack size 40 bytes, nanoitla.o(.text.parse_inbound_frame))
<BR><BR>[Stack]<UL><LI>Max Depth = 48<LI>Call Chain = parse_inbound_frame &rArr; bip4
</UL>
<BR>[Calls]<UL><LI><a href="#[a6]">&gt;&gt;</a>&nbsp;&nbsp;&nbsp;bip4
</UL>
<BR>[Called By]<UL><LI><a href="#[cb]">&gt;&gt;</a>&nbsp;&nbsp;&nbsp;itla_handle_frame
</UL>

<P><STRONG><a name="[d2]"></a>time_0_init</STRONG> (Thumb, 34 bytes, Stack size 0 bytes, main.o(.text.time_0_init))
<BR><BR>[Called By]<UL><LI><a href="#[55]">&gt;&gt;</a>&nbsp;&nbsp;&nbsp;main
</UL>

<P><STRONG><a name="[e0]"></a>__0sprintf</STRONG> (Thumb, 34 bytes, Stack size 24 bytes, printfa.o(i.__0sprintf), UNUSED)
<BR><BR>[Calls]<UL><LI><a href="#[56]">&gt;&gt;</a>&nbsp;&nbsp;&nbsp;_sputc
<LI><a href="#[e1]">&gt;&gt;</a>&nbsp;&nbsp;&nbsp;_printf_core
</UL>

<P><STRONG><a name="[f6]"></a>__1sprintf</STRONG> (Thumb, 0 bytes, Stack size 24 bytes, printfa.o(i.__0sprintf), UNUSED)

<P><STRONG><a name="[f7]"></a>__2sprintf</STRONG> (Thumb, 0 bytes, Stack size 24 bytes, printfa.o(i.__0sprintf), UNUSED)

<P><STRONG><a name="[f8]"></a>__c89sprintf</STRONG> (Thumb, 0 bytes, Stack size 24 bytes, printfa.o(i.__0sprintf), UNUSED)

<P><STRONG><a name="[d3]"></a>sprintf</STRONG> (Thumb, 0 bytes, Stack size 24 bytes, printfa.o(i.__0sprintf))
<BR><BR>[Stack]<UL><LI>Max Depth = 24<LI>Call Chain = sprintf
</UL>
<BR>[Called By]<UL><LI><a href="#[55]">&gt;&gt;</a>&nbsp;&nbsp;&nbsp;main
</UL>

<P><STRONG><a name="[e2]"></a>__0vsprintf</STRONG> (Thumb, 30 bytes, Stack size 24 bytes, printfa.o(i.__0vsprintf), UNUSED)
<BR><BR>[Calls]<UL><LI><a href="#[56]">&gt;&gt;</a>&nbsp;&nbsp;&nbsp;_sputc
<LI><a href="#[e1]">&gt;&gt;</a>&nbsp;&nbsp;&nbsp;_printf_core
</UL>

<P><STRONG><a name="[f9]"></a>__1vsprintf</STRONG> (Thumb, 0 bytes, Stack size 24 bytes, printfa.o(i.__0vsprintf), UNUSED)

<P><STRONG><a name="[fa]"></a>__2vsprintf</STRONG> (Thumb, 0 bytes, Stack size 24 bytes, printfa.o(i.__0vsprintf), UNUSED)

<P><STRONG><a name="[fb]"></a>__c89vsprintf</STRONG> (Thumb, 0 bytes, Stack size 24 bytes, printfa.o(i.__0vsprintf), UNUSED)

<P><STRONG><a name="[9e]"></a>vsprintf</STRONG> (Thumb, 0 bytes, Stack size 24 bytes, printfa.o(i.__0vsprintf))
<BR><BR>[Stack]<UL><LI>Max Depth = 24<LI>Call Chain = vsprintf
</UL>
<BR>[Called By]<UL><LI><a href="#[76]">&gt;&gt;</a>&nbsp;&nbsp;&nbsp;UrtPrint
</UL>

<P><STRONG><a name="[fc]"></a>__scatterload_copy</STRONG> (Thumb, 14 bytes, Stack size unknown bytes, handlers.o(i.__scatterload_copy), UNUSED)

<P><STRONG><a name="[fd]"></a>__scatterload_zeroinit</STRONG> (Thumb, 14 bytes, Stack size unknown bytes, handlers.o(i.__scatterload_zeroinit), UNUSED)

<P><STRONG><a name="[44]"></a>ADC_Int_Handler</STRONG> (Thumb, 178 bytes, Stack size 0 bytes, iramcode.o(.IRAM_INTERRUPT))
<BR>[Address Reference Count : 1]<UL><LI> startup_aducm430.o(RESET)
</UL>
<P><STRONG><a name="[42]"></a>PLL_Int_Handler</STRONG> (Thumb, 130 bytes, Stack size 4 bytes, iramcode.o(.IRAM_INTERRUPT))
<BR><BR>[Stack]<UL><LI>Max Depth = 4<LI>Call Chain = PLL_Int_Handler
</UL>
<BR>[Address Reference Count : 1]<UL><LI> startup_aducm430.o(RESET)
</UL><P>
<H3>
Local Symbols
</H3>
<P><STRONG><a name="[8a]"></a>__NVIC_EnableIRQ</STRONG> (Thumb, 42 bytes, Stack size 4 bytes, main.o(.text.__NVIC_EnableIRQ))
<BR><BR>[Stack]<UL><LI>Max Depth = 4<LI>Call Chain = __NVIC_EnableIRQ
</UL>
<BR>[Called By]<UL><LI><a href="#[93]">&gt;&gt;</a>&nbsp;&nbsp;&nbsp;Setup
<LI><a href="#[89]">&gt;&gt;</a>&nbsp;&nbsp;&nbsp;PLL_Interrupt_Init
<LI><a href="#[9d]">&gt;&gt;</a>&nbsp;&nbsp;&nbsp;UART_Setup
</UL>

<P><STRONG><a name="[7f]"></a>__NVIC_DisableIRQ</STRONG> (Thumb, 50 bytes, Stack size 4 bytes, main.o(.text.__NVIC_DisableIRQ))
<BR><BR>[Stack]<UL><LI>Max Depth = 4<LI>Call Chain = __NVIC_DisableIRQ
</UL>
<BR>[Called By]<UL><LI><a href="#[a4]">&gt;&gt;</a>&nbsp;&nbsp;&nbsp;WMPD_read
<LI><a href="#[a3]">&gt;&gt;</a>&nbsp;&nbsp;&nbsp;WLPD_read
<LI><a href="#[84]">&gt;&gt;</a>&nbsp;&nbsp;&nbsp;MPD_read
<LI><a href="#[7d]">&gt;&gt;</a>&nbsp;&nbsp;&nbsp;Adc_read
</UL>

<P><STRONG><a name="[d6]"></a>uart1_init</STRONG> (Thumb, 64 bytes, Stack size 16 bytes, main.o(.text.uart1_init))
<BR><BR>[Stack]<UL><LI>Max Depth = 136<LI>Call Chain = uart1_init &rArr; UrtCfg &rArr; __aeabi_uldivmod
</UL>
<BR>[Calls]<UL><LI><a href="#[73]">&gt;&gt;</a>&nbsp;&nbsp;&nbsp;UrtCfg
<LI><a href="#[72]">&gt;&gt;</a>&nbsp;&nbsp;&nbsp;DioCfgPin
</UL>
<BR>[Called By]<UL><LI><a href="#[55]">&gt;&gt;</a>&nbsp;&nbsp;&nbsp;main
</UL>

<P><STRONG><a name="[d8]"></a>uart1_write_bytes</STRONG> (Thumb, 70 bytes, Stack size 12 bytes, main.o(.text.uart1_write_bytes))
<BR><BR>[Stack]<UL><LI>Max Depth = 12<LI>Call Chain = uart1_write_bytes
</UL>
<BR>[Called By]<UL><LI><a href="#[55]">&gt;&gt;</a>&nbsp;&nbsp;&nbsp;main
</UL>

<P><STRONG><a name="[a6]"></a>bip4</STRONG> (Thumb, 64 bytes, Stack size 8 bytes, nanoitla.o(.text.bip4))
<BR><BR>[Stack]<UL><LI>Max Depth = 8<LI>Call Chain = bip4
</UL>
<BR>[Called By]<UL><LI><a href="#[a5]">&gt;&gt;</a>&nbsp;&nbsp;&nbsp;build_outbound_frame_spec
<LI><a href="#[cc]">&gt;&gt;</a>&nbsp;&nbsp;&nbsp;parse_inbound_frame
</UL>

<P><STRONG><a name="[ab]"></a>dl_tick</STRONG> (Thumb, 222 bytes, Stack size 16 bytes, nanoitla.o(.text.dl_tick))
<BR><BR>[Stack]<UL><LI>Max Depth = 20<LI>Call Chain = dl_tick &rArr; itla_backend_dl_poll
</UL>
<BR>[Calls]<UL><LI><a href="#[c3]">&gt;&gt;</a>&nbsp;&nbsp;&nbsp;itla_backend_dl_poll
<LI><a href="#[af]">&gt;&gt;</a>&nbsp;&nbsp;&nbsp;dl_refresh_status
<LI><a href="#[c4]">&gt;&gt;</a>&nbsp;&nbsp;&nbsp;dl_set_flags_from_status
</UL>
<BR>[Called By]<UL><LI><a href="#[a9]">&gt;&gt;</a>&nbsp;&nbsp;&nbsp;c_handle_register
<LI><a href="#[c7]">&gt;&gt;</a>&nbsp;&nbsp;&nbsp;handle_register_and_build_response
</UL>

<P><STRONG><a name="[c4]"></a>dl_set_flags_from_status</STRONG> (Thumb, 82 bytes, Stack size 4 bytes, nanoitla.o(.text.dl_set_flags_from_status))
<BR><BR>[Stack]<UL><LI>Max Depth = 4<LI>Call Chain = dl_set_flags_from_status
</UL>
<BR>[Called By]<UL><LI><a href="#[ab]">&gt;&gt;</a>&nbsp;&nbsp;&nbsp;dl_tick
</UL>

<P><STRONG><a name="[af]"></a>dl_refresh_status</STRONG> (Thumb, 138 bytes, Stack size 4 bytes, nanoitla.o(.text.dl_refresh_status))
<BR><BR>[Stack]<UL><LI>Max Depth = 4<LI>Call Chain = dl_refresh_status
</UL>
<BR>[Called By]<UL><LI><a href="#[a9]">&gt;&gt;</a>&nbsp;&nbsp;&nbsp;c_handle_register
<LI><a href="#[ae]">&gt;&gt;</a>&nbsp;&nbsp;&nbsp;dl_apply_config
<LI><a href="#[ab]">&gt;&gt;</a>&nbsp;&nbsp;&nbsp;dl_tick
</UL>

<P><STRONG><a name="[ae]"></a>dl_apply_config</STRONG> (Thumb, 522 bytes, Stack size 16 bytes, nanoitla.o(.text.dl_apply_config))
<BR><BR>[Stack]<UL><LI>Max Depth = 20<LI>Call Chain = dl_apply_config &rArr; itla_backend_dl_start
</UL>
<BR>[Calls]<UL><LI><a href="#[c0]">&gt;&gt;</a>&nbsp;&nbsp;&nbsp;itla_backend_dl_reset
<LI><a href="#[c1]">&gt;&gt;</a>&nbsp;&nbsp;&nbsp;itla_backend_dl_abort
<LI><a href="#[c2]">&gt;&gt;</a>&nbsp;&nbsp;&nbsp;itla_backend_dl_start
<LI><a href="#[af]">&gt;&gt;</a>&nbsp;&nbsp;&nbsp;dl_refresh_status
</UL>
<BR>[Called By]<UL><LI><a href="#[a9]">&gt;&gt;</a>&nbsp;&nbsp;&nbsp;c_handle_register
</UL>

<P><STRONG><a name="[d0]"></a>apply_caps97</STRONG> (Thumb, 88 bytes, Stack size 4 bytes, nanoitla.o(.text.apply_caps97))
<BR><BR>[Stack]<UL><LI>Max Depth = 4<LI>Call Chain = apply_caps97
</UL>
<BR>[Called By]<UL><LI><a href="#[ac]">&gt;&gt;</a>&nbsp;&nbsp;&nbsp;load_caps97_once
</UL>

<P><STRONG><a name="[cd]"></a>status_latch_comm_error</STRONG> (Thumb, 18 bytes, Stack size 0 bytes, nanoitla.o(.text.status_latch_comm_error))
<BR><BR>[Called By]<UL><LI><a href="#[cb]">&gt;&gt;</a>&nbsp;&nbsp;&nbsp;itla_handle_frame
</UL>

<P><STRONG><a name="[c7]"></a>handle_register_and_build_response</STRONG> (Thumb, 462 bytes, Stack size 40 bytes, nanoitla.o(.text.handle_register_and_build_response))
<BR><BR>[Stack]<UL><LI>Max Depth = 208<LI>Call Chain = handle_register_and_build_response &rArr; c_handle_register &rArr; last_freq_split &rArr; freq_gx1e4
</UL>
<BR>[Calls]<UL><LI><a href="#[a9]">&gt;&gt;</a>&nbsp;&nbsp;&nbsp;c_handle_register
<LI><a href="#[ca]">&gt;&gt;</a>&nbsp;&nbsp;&nbsp;py_get_pending
<LI><a href="#[c9]">&gt;&gt;</a>&nbsp;&nbsp;&nbsp;py_get_srq
<LI><a href="#[aa]">&gt;&gt;</a>&nbsp;&nbsp;&nbsp;tick_pending
<LI><a href="#[c8]">&gt;&gt;</a>&nbsp;&nbsp;&nbsp;status_latch_exec_error
<LI><a href="#[ab]">&gt;&gt;</a>&nbsp;&nbsp;&nbsp;dl_tick
</UL>
<BR>[Called By]<UL><LI><a href="#[cb]">&gt;&gt;</a>&nbsp;&nbsp;&nbsp;itla_handle_frame
</UL>

<P><STRONG><a name="[c8]"></a>status_latch_exec_error</STRONG> (Thumb, 18 bytes, Stack size 0 bytes, nanoitla.o(.text.status_latch_exec_error))
<BR><BR>[Called By]<UL><LI><a href="#[c7]">&gt;&gt;</a>&nbsp;&nbsp;&nbsp;handle_register_and_build_response
</UL>

<P><STRONG><a name="[aa]"></a>tick_pending</STRONG> (Thumb, 48 bytes, Stack size 8 bytes, nanoitla.o(.text.tick_pending))
<BR><BR>[Stack]<UL><LI>Max Depth = 12<LI>Call Chain = tick_pending &rArr; set_busy
</UL>
<BR>[Calls]<UL><LI><a href="#[b2]">&gt;&gt;</a>&nbsp;&nbsp;&nbsp;set_busy
</UL>
<BR>[Called By]<UL><LI><a href="#[a9]">&gt;&gt;</a>&nbsp;&nbsp;&nbsp;c_handle_register
<LI><a href="#[c7]">&gt;&gt;</a>&nbsp;&nbsp;&nbsp;handle_register_and_build_response
</UL>

<P><STRONG><a name="[c9]"></a>py_get_srq</STRONG> (Thumb, 28 bytes, Stack size 16 bytes, nanoitla.o(.text.py_get_srq))
<BR><BR>[Stack]<UL><LI>Max Depth = 112<LI>Call Chain = py_get_srq &rArr; c_get_srq &rArr; status_refresh &rArr; abs_i16
</UL>
<BR>[Calls]<UL><LI><a href="#[a7]">&gt;&gt;</a>&nbsp;&nbsp;&nbsp;c_get_srq
</UL>
<BR>[Called By]<UL><LI><a href="#[c7]">&gt;&gt;</a>&nbsp;&nbsp;&nbsp;handle_register_and_build_response
</UL>

<P><STRONG><a name="[ca]"></a>py_get_pending</STRONG> (Thumb, 28 bytes, Stack size 16 bytes, nanoitla.o(.text.py_get_pending))
<BR><BR>[Stack]<UL><LI>Max Depth = 16<LI>Call Chain = py_get_pending
</UL>
<BR>[Calls]<UL><LI><a href="#[db]">&gt;&gt;</a>&nbsp;&nbsp;&nbsp;c_get_pending
</UL>
<BR>[Called By]<UL><LI><a href="#[c7]">&gt;&gt;</a>&nbsp;&nbsp;&nbsp;handle_register_and_build_response
</UL>

<P><STRONG><a name="[a9]"></a>c_handle_register</STRONG> (Thumb, 6214 bytes, Stack size 80 bytes, nanoitla.o(.text.c_handle_register))
<BR><BR>[Stack]<UL><LI>Max Depth = 168<LI>Call Chain = c_handle_register &rArr; last_freq_split &rArr; freq_gx1e4
</UL>
<BR>[Calls]<UL><LI><a href="#[bf]">&gt;&gt;</a>&nbsp;&nbsp;&nbsp;__aeabi_f2iz
<LI><a href="#[be]">&gt;&gt;</a>&nbsp;&nbsp;&nbsp;resena_output_enabled
<LI><a href="#[bd]">&gt;&gt;</a>&nbsp;&nbsp;&nbsp;prep_temps_aea
<LI><a href="#[bc]">&gt;&gt;</a>&nbsp;&nbsp;&nbsp;prep_currents_aea
<LI><a href="#[bb]">&gt;&gt;</a>&nbsp;&nbsp;&nbsp;last_freq_split
<LI><a href="#[ba]">&gt;&gt;</a>&nbsp;&nbsp;&nbsp;lfl2_g10
<LI><a href="#[b9]">&gt;&gt;</a>&nbsp;&nbsp;&nbsp;lfl1_thz
<LI><a href="#[b8]">&gt;&gt;</a>&nbsp;&nbsp;&nbsp;lfh3_mhz
<LI><a href="#[b7]">&gt;&gt;</a>&nbsp;&nbsp;&nbsp;lfl3_mhz
<LI><a href="#[b6]">&gt;&gt;</a>&nbsp;&nbsp;&nbsp;lf3_mhz
<LI><a href="#[b5]">&gt;&gt;</a>&nbsp;&nbsp;&nbsp;lf2_g10
<LI><a href="#[b4]">&gt;&gt;</a>&nbsp;&nbsp;&nbsp;lf1_thz
<LI><a href="#[b3]">&gt;&gt;</a>&nbsp;&nbsp;&nbsp;resena_apply_write
<LI><a href="#[a8]">&gt;&gt;</a>&nbsp;&nbsp;&nbsp;status_refresh
<LI><a href="#[b0]">&gt;&gt;</a>&nbsp;&nbsp;&nbsp;status_clear_by_host
<LI><a href="#[ad]">&gt;&gt;</a>&nbsp;&nbsp;&nbsp;ea_set
<LI><a href="#[ac]">&gt;&gt;</a>&nbsp;&nbsp;&nbsp;load_caps97_once
<LI><a href="#[b2]">&gt;&gt;</a>&nbsp;&nbsp;&nbsp;set_busy
<LI><a href="#[aa]">&gt;&gt;</a>&nbsp;&nbsp;&nbsp;tick_pending
<LI><a href="#[ae]">&gt;&gt;</a>&nbsp;&nbsp;&nbsp;dl_apply_config
<LI><a href="#[af]">&gt;&gt;</a>&nbsp;&nbsp;&nbsp;dl_refresh_status
<LI><a href="#[ab]">&gt;&gt;</a>&nbsp;&nbsp;&nbsp;dl_tick
<LI><a href="#[b1]">&gt;&gt;</a>&nbsp;&nbsp;&nbsp;nano_apply_channel_from_lut
<LI><a href="#[6b]">&gt;&gt;</a>&nbsp;&nbsp;&nbsp;__aeabi_i2f
<LI><a href="#[62]">&gt;&gt;</a>&nbsp;&nbsp;&nbsp;__aeabi_fdiv
<LI><a href="#[86]">&gt;&gt;</a>&nbsp;&nbsp;&nbsp;__aeabi_fmul
</UL>
<BR>[Called By]<UL><LI><a href="#[c7]">&gt;&gt;</a>&nbsp;&nbsp;&nbsp;handle_register_and_build_response
</UL>

<P><STRONG><a name="[b2]"></a>set_busy</STRONG> (Thumb, 26 bytes, Stack size 4 bytes, nanoitla.o(.text.set_busy))
<BR><BR>[Stack]<UL><LI>Max Depth = 4<LI>Call Chain = set_busy
</UL>
<BR>[Called By]<UL><LI><a href="#[b3]">&gt;&gt;</a>&nbsp;&nbsp;&nbsp;resena_apply_write
<LI><a href="#[a9]">&gt;&gt;</a>&nbsp;&nbsp;&nbsp;c_handle_register
<LI><a href="#[aa]">&gt;&gt;</a>&nbsp;&nbsp;&nbsp;tick_pending
</UL>

<P><STRONG><a name="[a7]"></a>c_get_srq</STRONG> (Thumb, 32 bytes, Stack size 8 bytes, nanoitla.o(.text.c_get_srq))
<BR><BR>[Stack]<UL><LI>Max Depth = 96<LI>Call Chain = c_get_srq &rArr; status_refresh &rArr; abs_i16
</UL>
<BR>[Calls]<UL><LI><a href="#[a8]">&gt;&gt;</a>&nbsp;&nbsp;&nbsp;status_refresh
</UL>
<BR>[Called By]<UL><LI><a href="#[c9]">&gt;&gt;</a>&nbsp;&nbsp;&nbsp;py_get_srq
</UL>

<P><STRONG><a name="[db]"></a>c_get_pending</STRONG> (Thumb, 18 bytes, Stack size 0 bytes, nanoitla.o(.text.c_get_pending))
<BR><BR>[Called By]<UL><LI><a href="#[ca]">&gt;&gt;</a>&nbsp;&nbsp;&nbsp;py_get_pending
</UL>

<P><STRONG><a name="[ac]"></a>load_caps97_once</STRONG> (Thumb, 110 bytes, Stack size 32 bytes, nanoitla.o(.text.load_caps97_once))
<BR><BR>[Stack]<UL><LI>Max Depth = 48<LI>Call Chain = load_caps97_once &rArr; itla_backend_get_caps97
</UL>
<BR>[Calls]<UL><LI><a href="#[cf]">&gt;&gt;</a>&nbsp;&nbsp;&nbsp;itla_backend_get_caps97
<LI><a href="#[d0]">&gt;&gt;</a>&nbsp;&nbsp;&nbsp;apply_caps97
</UL>
<BR>[Called By]<UL><LI><a href="#[a9]">&gt;&gt;</a>&nbsp;&nbsp;&nbsp;c_handle_register
</UL>

<P><STRONG><a name="[ad]"></a>ea_set</STRONG> (Thumb, 28 bytes, Stack size 16 bytes, nanoitla.o(.text.ea_set))
<BR><BR>[Stack]<UL><LI>Max Depth = 24<LI>Call Chain = ea_set &rArr; ea_set_buf
</UL>
<BR>[Calls]<UL><LI><a href="#[c5]">&gt;&gt;</a>&nbsp;&nbsp;&nbsp;strlen
<LI><a href="#[c6]">&gt;&gt;</a>&nbsp;&nbsp;&nbsp;ea_set_buf
</UL>
<BR>[Called By]<UL><LI><a href="#[a9]">&gt;&gt;</a>&nbsp;&nbsp;&nbsp;c_handle_register
</UL>

<P><STRONG><a name="[b0]"></a>status_clear_by_host</STRONG> (Thumb, 118 bytes, Stack size 4 bytes, nanoitla.o(.text.status_clear_by_host))
<BR><BR>[Stack]<UL><LI>Max Depth = 4<LI>Call Chain = status_clear_by_host
</UL>
<BR>[Called By]<UL><LI><a href="#[a9]">&gt;&gt;</a>&nbsp;&nbsp;&nbsp;c_handle_register
</UL>

<P><STRONG><a name="[a8]"></a>status_refresh</STRONG> (Thumb, 1904 bytes, Stack size 80 bytes, nanoitla.o(.text.status_refresh))
<BR><BR>[Stack]<UL><LI>Max Depth = 88<LI>Call Chain = status_refresh &rArr; abs_i16
</UL>
<BR>[Calls]<UL><LI><a href="#[df]">&gt;&gt;</a>&nbsp;&nbsp;&nbsp;mcb_sdf_enabled
<LI><a href="#[de]">&gt;&gt;</a>&nbsp;&nbsp;&nbsp;abs_i16
<LI><a href="#[dd]">&gt;&gt;</a>&nbsp;&nbsp;&nbsp;freq_th_mhz
<LI><a href="#[dc]">&gt;&gt;</a>&nbsp;&nbsp;&nbsp;mcb_adt_enabled
<LI><a href="#[be]">&gt;&gt;</a>&nbsp;&nbsp;&nbsp;resena_output_enabled
</UL>
<BR>[Called By]<UL><LI><a href="#[a7]">&gt;&gt;</a>&nbsp;&nbsp;&nbsp;c_get_srq
<LI><a href="#[a9]">&gt;&gt;</a>&nbsp;&nbsp;&nbsp;c_handle_register
</UL>

<P><STRONG><a name="[b3]"></a>resena_apply_write</STRONG> (Thumb, 196 bytes, Stack size 16 bytes, nanoitla.o(.text.resena_apply_write))
<BR><BR>[Stack]<UL><LI>Max Depth = 20<LI>Call Chain = resena_apply_write &rArr; set_busy
</UL>
<BR>[Calls]<UL><LI><a href="#[b2]">&gt;&gt;</a>&nbsp;&nbsp;&nbsp;set_busy
</UL>
<BR>[Called By]<UL><LI><a href="#[a9]">&gt;&gt;</a>&nbsp;&nbsp;&nbsp;c_handle_register
</UL>

<P><STRONG><a name="[b4]"></a>lf1_thz</STRONG> (Thumb, 30 bytes, Stack size 16 bytes, nanoitla.o(.text.lf1_thz))
<BR><BR>[Stack]<UL><LI>Max Depth = 64<LI>Call Chain = lf1_thz &rArr; freq_gx1e4
</UL>
<BR>[Calls]<UL><LI><a href="#[ce]">&gt;&gt;</a>&nbsp;&nbsp;&nbsp;freq_gx1e4
</UL>
<BR>[Called By]<UL><LI><a href="#[a9]">&gt;&gt;</a>&nbsp;&nbsp;&nbsp;c_handle_register
</UL>

<P><STRONG><a name="[b5]"></a>lf2_g10</STRONG> (Thumb, 62 bytes, Stack size 16 bytes, nanoitla.o(.text.lf2_g10))
<BR><BR>[Stack]<UL><LI>Max Depth = 64<LI>Call Chain = lf2_g10 &rArr; freq_gx1e4
</UL>
<BR>[Calls]<UL><LI><a href="#[ce]">&gt;&gt;</a>&nbsp;&nbsp;&nbsp;freq_gx1e4
</UL>
<BR>[Called By]<UL><LI><a href="#[a9]">&gt;&gt;</a>&nbsp;&nbsp;&nbsp;c_handle_register
</UL>

<P><STRONG><a name="[b6]"></a>lf3_mhz</STRONG> (Thumb, 88 bytes, Stack size 24 bytes, nanoitla.o(.text.lf3_mhz))
<BR><BR>[Stack]<UL><LI>Max Depth = 72<LI>Call Chain = lf3_mhz &rArr; freq_gx1e4
</UL>
<BR>[Calls]<UL><LI><a href="#[ce]">&gt;&gt;</a>&nbsp;&nbsp;&nbsp;freq_gx1e4
</UL>
<BR>[Called By]<UL><LI><a href="#[a9]">&gt;&gt;</a>&nbsp;&nbsp;&nbsp;c_handle_register
</UL>

<P><STRONG><a name="[b7]"></a>lfl3_mhz</STRONG> (Thumb, 12 bytes, Stack size 0 bytes, nanoitla.o(.text.lfl3_mhz))
<BR><BR>[Called By]<UL><LI><a href="#[a9]">&gt;&gt;</a>&nbsp;&nbsp;&nbsp;c_handle_register
</UL>

<P><STRONG><a name="[b8]"></a>lfh3_mhz</STRONG> (Thumb, 160 bytes, Stack size 40 bytes, nanoitla.o(.text.lfh3_mhz))
<BR><BR>[Stack]<UL><LI>Max Depth = 88<LI>Call Chain = lfh3_mhz &rArr; freq_gx1e4
</UL>
<BR>[Calls]<UL><LI><a href="#[ce]">&gt;&gt;</a>&nbsp;&nbsp;&nbsp;freq_gx1e4
</UL>
<BR>[Called By]<UL><LI><a href="#[a9]">&gt;&gt;</a>&nbsp;&nbsp;&nbsp;c_handle_register
</UL>

<P><STRONG><a name="[b9]"></a>lfl1_thz</STRONG> (Thumb, 12 bytes, Stack size 0 bytes, nanoitla.o(.text.lfl1_thz))
<BR><BR>[Called By]<UL><LI><a href="#[a9]">&gt;&gt;</a>&nbsp;&nbsp;&nbsp;c_handle_register
</UL>

<P><STRONG><a name="[ba]"></a>lfl2_g10</STRONG> (Thumb, 12 bytes, Stack size 0 bytes, nanoitla.o(.text.lfl2_g10))
<BR><BR>[Called By]<UL><LI><a href="#[a9]">&gt;&gt;</a>&nbsp;&nbsp;&nbsp;c_handle_register
</UL>

<P><STRONG><a name="[bb]"></a>last_freq_split</STRONG> (Thumb, 166 bytes, Stack size 40 bytes, nanoitla.o(.text.last_freq_split))
<BR><BR>[Stack]<UL><LI>Max Depth = 88<LI>Call Chain = last_freq_split &rArr; freq_gx1e4
</UL>
<BR>[Calls]<UL><LI><a href="#[ce]">&gt;&gt;</a>&nbsp;&nbsp;&nbsp;freq_gx1e4
</UL>
<BR>[Called By]<UL><LI><a href="#[a9]">&gt;&gt;</a>&nbsp;&nbsp;&nbsp;c_handle_register
</UL>

<P><STRONG><a name="[bc]"></a>prep_currents_aea</STRONG> (Thumb, 166 bytes, Stack size 24 bytes, nanoitla.o(.text.prep_currents_aea))
<BR><BR>[Stack]<UL><LI>Max Depth = 32<LI>Call Chain = prep_currents_aea &rArr; put_be16
</UL>
<BR>[Calls]<UL><LI><a href="#[bf]">&gt;&gt;</a>&nbsp;&nbsp;&nbsp;__aeabi_f2iz
<LI><a href="#[da]">&gt;&gt;</a>&nbsp;&nbsp;&nbsp;put_be16
<LI><a href="#[d9]">&gt;&gt;</a>&nbsp;&nbsp;&nbsp;clamp_i16
<LI><a href="#[c6]">&gt;&gt;</a>&nbsp;&nbsp;&nbsp;ea_set_buf
<LI><a href="#[86]">&gt;&gt;</a>&nbsp;&nbsp;&nbsp;__aeabi_fmul
</UL>
<BR>[Called By]<UL><LI><a href="#[a9]">&gt;&gt;</a>&nbsp;&nbsp;&nbsp;c_handle_register
</UL>

<P><STRONG><a name="[bd]"></a>prep_temps_aea</STRONG> (Thumb, 92 bytes, Stack size 16 bytes, nanoitla.o(.text.prep_temps_aea))
<BR><BR>[Stack]<UL><LI>Max Depth = 24<LI>Call Chain = prep_temps_aea &rArr; put_be16
</UL>
<BR>[Calls]<UL><LI><a href="#[bf]">&gt;&gt;</a>&nbsp;&nbsp;&nbsp;__aeabi_f2iz
<LI><a href="#[da]">&gt;&gt;</a>&nbsp;&nbsp;&nbsp;put_be16
<LI><a href="#[d9]">&gt;&gt;</a>&nbsp;&nbsp;&nbsp;clamp_i16
<LI><a href="#[c6]">&gt;&gt;</a>&nbsp;&nbsp;&nbsp;ea_set_buf
<LI><a href="#[86]">&gt;&gt;</a>&nbsp;&nbsp;&nbsp;__aeabi_fmul
</UL>
<BR>[Called By]<UL><LI><a href="#[a9]">&gt;&gt;</a>&nbsp;&nbsp;&nbsp;c_handle_register
</UL>

<P><STRONG><a name="[be]"></a>resena_output_enabled</STRONG> (Thumb, 22 bytes, Stack size 0 bytes, nanoitla.o(.text.resena_output_enabled))
<BR><BR>[Called By]<UL><LI><a href="#[a8]">&gt;&gt;</a>&nbsp;&nbsp;&nbsp;status_refresh
<LI><a href="#[a9]">&gt;&gt;</a>&nbsp;&nbsp;&nbsp;c_handle_register
</UL>

<P><STRONG><a name="[dc]"></a>mcb_adt_enabled</STRONG> (Thumb, 16 bytes, Stack size 0 bytes, nanoitla.o(.text.mcb_adt_enabled))
<BR><BR>[Called By]<UL><LI><a href="#[a8]">&gt;&gt;</a>&nbsp;&nbsp;&nbsp;status_refresh
</UL>

<P><STRONG><a name="[dd]"></a>freq_th_mhz</STRONG> (Thumb, 30 bytes, Stack size 4 bytes, nanoitla.o(.text.freq_th_mhz))
<BR><BR>[Stack]<UL><LI>Max Depth = 4<LI>Call Chain = freq_th_mhz
</UL>
<BR>[Called By]<UL><LI><a href="#[a8]">&gt;&gt;</a>&nbsp;&nbsp;&nbsp;status_refresh
</UL>

<P><STRONG><a name="[de]"></a>abs_i16</STRONG> (Thumb, 44 bytes, Stack size 8 bytes, nanoitla.o(.text.abs_i16))
<BR><BR>[Stack]<UL><LI>Max Depth = 8<LI>Call Chain = abs_i16
</UL>
<BR>[Called By]<UL><LI><a href="#[a8]">&gt;&gt;</a>&nbsp;&nbsp;&nbsp;status_refresh
</UL>

<P><STRONG><a name="[df]"></a>mcb_sdf_enabled</STRONG> (Thumb, 16 bytes, Stack size 0 bytes, nanoitla.o(.text.mcb_sdf_enabled))
<BR><BR>[Called By]<UL><LI><a href="#[a8]">&gt;&gt;</a>&nbsp;&nbsp;&nbsp;status_refresh
</UL>

<P><STRONG><a name="[c6]"></a>ea_set_buf</STRONG> (Thumb, 76 bytes, Stack size 8 bytes, nanoitla.o(.text.ea_set_buf))
<BR><BR>[Stack]<UL><LI>Max Depth = 8<LI>Call Chain = ea_set_buf
</UL>
<BR>[Called By]<UL><LI><a href="#[bd]">&gt;&gt;</a>&nbsp;&nbsp;&nbsp;prep_temps_aea
<LI><a href="#[bc]">&gt;&gt;</a>&nbsp;&nbsp;&nbsp;prep_currents_aea
<LI><a href="#[ad]">&gt;&gt;</a>&nbsp;&nbsp;&nbsp;ea_set
</UL>

<P><STRONG><a name="[ce]"></a>freq_gx1e4</STRONG> (Thumb, 246 bytes, Stack size 48 bytes, nanoitla.o(.text.freq_gx1e4))
<BR><BR>[Stack]<UL><LI>Max Depth = 48<LI>Call Chain = freq_gx1e4
</UL>
<BR>[Called By]<UL><LI><a href="#[bb]">&gt;&gt;</a>&nbsp;&nbsp;&nbsp;last_freq_split
<LI><a href="#[b8]">&gt;&gt;</a>&nbsp;&nbsp;&nbsp;lfh3_mhz
<LI><a href="#[b6]">&gt;&gt;</a>&nbsp;&nbsp;&nbsp;lf3_mhz
<LI><a href="#[b5]">&gt;&gt;</a>&nbsp;&nbsp;&nbsp;lf2_g10
<LI><a href="#[b4]">&gt;&gt;</a>&nbsp;&nbsp;&nbsp;lf1_thz
</UL>

<P><STRONG><a name="[d9]"></a>clamp_i16</STRONG> (Thumb, 60 bytes, Stack size 8 bytes, nanoitla.o(.text.clamp_i16))
<BR><BR>[Stack]<UL><LI>Max Depth = 8<LI>Call Chain = clamp_i16
</UL>
<BR>[Called By]<UL><LI><a href="#[bd]">&gt;&gt;</a>&nbsp;&nbsp;&nbsp;prep_temps_aea
<LI><a href="#[bc]">&gt;&gt;</a>&nbsp;&nbsp;&nbsp;prep_currents_aea
</UL>

<P><STRONG><a name="[da]"></a>put_be16</STRONG> (Thumb, 36 bytes, Stack size 8 bytes, nanoitla.o(.text.put_be16))
<BR><BR>[Stack]<UL><LI>Max Depth = 8<LI>Call Chain = put_be16
</UL>
<BR>[Called By]<UL><LI><a href="#[bd]">&gt;&gt;</a>&nbsp;&nbsp;&nbsp;prep_temps_aea
<LI><a href="#[bc]">&gt;&gt;</a>&nbsp;&nbsp;&nbsp;prep_currents_aea
</UL>

<P><STRONG><a name="[97]"></a>__NVIC_ClearPendingIRQ</STRONG> (Thumb, 42 bytes, Stack size 4 bytes, system_aducm430.o(.text.__NVIC_ClearPendingIRQ))
<BR><BR>[Stack]<UL><LI>Max Depth = 4<LI>Call Chain = __NVIC_ClearPendingIRQ
</UL>
<BR>[Called By]<UL><LI><a href="#[8b]">&gt;&gt;</a>&nbsp;&nbsp;&nbsp;SystemInit
</UL>

<P><STRONG><a name="[e3]"></a>_fp_digits</STRONG> (Thumb, 366 bytes, Stack size 64 bytes, printfa.o(i._fp_digits), UNUSED)
<BR><BR>[Calls]<UL><LI><a href="#[6e]">&gt;&gt;</a>&nbsp;&nbsp;&nbsp;__aeabi_d2ulz
<LI><a href="#[e4]">&gt;&gt;</a>&nbsp;&nbsp;&nbsp;__aeabi_cdrcmple
<LI><a href="#[5a]">&gt;&gt;</a>&nbsp;&nbsp;&nbsp;__aeabi_uldivmod
<LI><a href="#[63]">&gt;&gt;</a>&nbsp;&nbsp;&nbsp;__aeabi_dadd
<LI><a href="#[69]">&gt;&gt;</a>&nbsp;&nbsp;&nbsp;__aeabi_dmul
<LI><a href="#[6a]">&gt;&gt;</a>&nbsp;&nbsp;&nbsp;__aeabi_ddiv
</UL>
<BR>[Called By]<UL><LI><a href="#[e1]">&gt;&gt;</a>&nbsp;&nbsp;&nbsp;_printf_core
</UL>

<P><STRONG><a name="[e1]"></a>_printf_core</STRONG> (Thumb, 1744 bytes, Stack size 136 bytes, printfa.o(i._printf_core), UNUSED)
<BR><BR>[Calls]<UL><LI><a href="#[e5]">&gt;&gt;</a>&nbsp;&nbsp;&nbsp;_printf_pre_padding
<LI><a href="#[e6]">&gt;&gt;</a>&nbsp;&nbsp;&nbsp;_printf_post_padding
<LI><a href="#[e3]">&gt;&gt;</a>&nbsp;&nbsp;&nbsp;_fp_digits
<LI><a href="#[5a]">&gt;&gt;</a>&nbsp;&nbsp;&nbsp;__aeabi_uldivmod
<LI><a href="#[e7]">&gt;&gt;</a>&nbsp;&nbsp;&nbsp;__aeabi_uidivmod
</UL>
<BR>[Called By]<UL><LI><a href="#[e2]">&gt;&gt;</a>&nbsp;&nbsp;&nbsp;__0vsprintf
<LI><a href="#[e0]">&gt;&gt;</a>&nbsp;&nbsp;&nbsp;__0sprintf
</UL>

<P><STRONG><a name="[e6]"></a>_printf_post_padding</STRONG> (Thumb, 36 bytes, Stack size 24 bytes, printfa.o(i._printf_post_padding), UNUSED)
<BR><BR>[Called By]<UL><LI><a href="#[e1]">&gt;&gt;</a>&nbsp;&nbsp;&nbsp;_printf_core
</UL>

<P><STRONG><a name="[e5]"></a>_printf_pre_padding</STRONG> (Thumb, 46 bytes, Stack size 24 bytes, printfa.o(i._printf_pre_padding), UNUSED)
<BR><BR>[Called By]<UL><LI><a href="#[e1]">&gt;&gt;</a>&nbsp;&nbsp;&nbsp;_printf_core
</UL>

<P><STRONG><a name="[56]"></a>_sputc</STRONG> (Thumb, 10 bytes, Stack size 0 bytes, printfa.o(i._sputc))
<BR><BR>[Called By]<UL><LI><a href="#[e2]">&gt;&gt;</a>&nbsp;&nbsp;&nbsp;__0vsprintf
<LI><a href="#[e0]">&gt;&gt;</a>&nbsp;&nbsp;&nbsp;__0sprintf
</UL>
<BR>[Address Reference Count : 2]<UL><LI> printfa.o(i.__0sprintf)
<LI> printfa.o(i.__0vsprintf)
</UL><P>
<H3>
Undefined Global Symbols
</H3><HR></body></html>
