Component: Arm Compiler for Embedded 6.22 Tool: armlink [5ee90200]

==============================================================================

Section Cross References

    main.o(.ARM.exidx.text.delay) refers to main.o(.text.delay) for [Anonymous Symbol]
    main.o(.text.UART_Setup) refers to diolib.o(.text.DioCfgPin) for DioCfgPin
    main.o(.text.UART_Setup) refers to urtlib.o(.text.UrtCfg) for UrtCfg
    main.o(.text.UART_Setup) refers to urtlib.o(.text.UrtIntCfg) for UrtIntCfg
    main.o(.text.UART_Setup) refers to urtlib.o(.text.UrtFifoCfg) for UrtFifoCfg
    main.o(.text.UART_Setup) refers to main.o(.text.__NVIC_EnableIRQ) for __NVIC_EnableIRQ
    main.o(.ARM.exidx.text.UART_Setup) refers to main.o(.text.UART_Setup) for [Anonymous Symbol]
    main.o(.ARM.exidx.text.__NVIC_EnableIRQ) refers to main.o(.text.__NVIC_EnableIRQ) for [Anonymous Symbol]
    main.o(.ARM.exidx.text.PID_Init) refers to main.o(.text.PID_Init) for [Anonymous Symbol]
    main.o(.text.PID_Compute) refers to fadd.o(.text) for __aeabi_fsub
    main.o(.text.PID_Compute) refers to fmul.o(.text) for __aeabi_fmul
    main.o(.text.PID_Compute) refers to fcmple.o(.text) for __aeabi_fcmple
    main.o(.text.PID_Compute) refers to fcmpge.o(.text) for __aeabi_fcmpge
    main.o(.text.PID_Compute) refers to fdiv.o(.text) for __aeabi_fdiv
    main.o(.ARM.exidx.text.PID_Compute) refers to main.o(.text.PID_Compute) for [Anonymous Symbol]
    main.o(.ARM.exidx.text.time_0_init) refers to main.o(.text.time_0_init) for [Anonymous Symbol]
    main.o(.text.PLL_Interrupt_Init) refers to main.o(.text.__NVIC_EnableIRQ) for __NVIC_EnableIRQ
    main.o(.ARM.exidx.text.PLL_Interrupt_Init) refers to main.o(.text.PLL_Interrupt_Init) for [Anonymous Symbol]
    main.o(.text.AdcInit) refers to adclib.o(.text.AdcPowerDown) for AdcPowerDown
    main.o(.text.AdcInit) refers to adclib.o(.text.AdcSpeed) for AdcSpeed
    main.o(.text.AdcInit) refers to adclib.o(.text.AdcOverSampling) for AdcOverSampling
    main.o(.text.AdcInit) refers to adclib.o(.text.AdcPinExt) for AdcPinExt
    main.o(.text.AdcInit) refers to adclib.o(.text.AdcIntEn) for AdcIntEn
    main.o(.ARM.exidx.text.AdcInit) refers to main.o(.text.AdcInit) for [Anonymous Symbol]
    main.o(.text.Adc_read) refers to adclib.o(.text.AdcGo) for AdcGo
    main.o(.text.Adc_read) refers to main.o(.text.__NVIC_DisableIRQ) for __NVIC_DisableIRQ
    main.o(.text.Adc_read) refers to adclib.o(.text.AdcIntEn) for AdcIntEn
    main.o(.text.Adc_read) refers to adclib.o(.text.AdcPinExt) for AdcPinExt
    main.o(.text.Adc_read) refers to adclib.o(.text.AdcRd) for AdcRd
    main.o(.ARM.exidx.text.Adc_read) refers to main.o(.text.Adc_read) for [Anonymous Symbol]
    main.o(.ARM.exidx.text.__NVIC_DisableIRQ) refers to main.o(.text.__NVIC_DisableIRQ) for [Anonymous Symbol]
    main.o(.text.AdcIntTest) refers to main.o(.bss.dataCnt) for dataCnt
    main.o(.text.AdcIntTest) refers to adclib.o(.text.AdcIntEn) for AdcIntEn
    main.o(.text.AdcIntTest) refers to adclib.o(.text.AdcPinExt) for AdcPinExt
    main.o(.text.AdcIntTest) refers to main.o(.bss.conversionDone) for conversionDone
    main.o(.text.AdcIntTest) refers to main.o(.text.__NVIC_EnableIRQ) for __NVIC_EnableIRQ
    main.o(.text.AdcIntTest) refers to main.o(.bss.ucFirstIRQ) for ucFirstIRQ
    main.o(.text.AdcIntTest) refers to adclib.o(.text.AdcGo) for AdcGo
    main.o(.text.AdcIntTest) refers to main.o(.rodata.str1.1) for .L.str
    main.o(.text.AdcIntTest) refers to aducm430_setup.o(.text.UrtPrint) for UrtPrint
    main.o(.text.AdcIntTest) refers to main.o(.bss.AdcData) for AdcData
    main.o(.text.AdcIntTest) refers to main.o(.bss.AdcData16b) for AdcData16b
    main.o(.ARM.exidx.text.AdcIntTest) refers to main.o(.text.AdcIntTest) for [Anonymous Symbol]
    main.o(.text.MPD_read) refers to adclib.o(.text.AdcGo) for AdcGo
    main.o(.text.MPD_read) refers to main.o(.text.__NVIC_DisableIRQ) for __NVIC_DisableIRQ
    main.o(.text.MPD_read) refers to adclib.o(.text.AdcIntEn) for AdcIntEn
    main.o(.text.MPD_read) refers to adclib.o(.text.AdcPinExt) for AdcPinExt
    main.o(.text.MPD_read) refers to adclib.o(.text.AdcRd) for AdcRd
    main.o(.ARM.exidx.text.MPD_read) refers to main.o(.text.MPD_read) for [Anonymous Symbol]
    main.o(.text.WLPD_read) refers to adclib.o(.text.AdcGo) for AdcGo
    main.o(.text.WLPD_read) refers to main.o(.text.__NVIC_DisableIRQ) for __NVIC_DisableIRQ
    main.o(.text.WLPD_read) refers to adclib.o(.text.AdcIntEn) for AdcIntEn
    main.o(.text.WLPD_read) refers to adclib.o(.text.AdcPinExt) for AdcPinExt
    main.o(.text.WLPD_read) refers to adclib.o(.text.AdcRd) for AdcRd
    main.o(.ARM.exidx.text.WLPD_read) refers to main.o(.text.WLPD_read) for [Anonymous Symbol]
    main.o(.text.WMPD_read) refers to main.o(.text.__NVIC_DisableIRQ) for __NVIC_DisableIRQ
    main.o(.text.WMPD_read) refers to adclib.o(.text.AdcGo) for AdcGo
[...]
    __tagsym$$used.0                         0x00000ffc   Number         0  system_aducm430.o(.ARM.__at_0x00000FFC)
    [Anonymous Symbol]                       0x00001000   Section        0  adclib.o(.text.AdcIntEn)
    [Anonymous Symbol]                       0x00001038   Section        0  adclib.o(.text.AdcOverSampling)
    [Anonymous Symbol]                       0x0000114c   Section        0  adclib.o(.text.AdcPinInt)
    [Anonymous Symbol]                       0x00001190   Section        0  adclib.o(.text.AdcPowerDown)
    [Anonymous Symbol]                       0x000011e8   Section        0  adclib.o(.text.AdcRd)
    [Anonymous Symbol]                       0x00001214   Section        0  adclib.o(.text.AdcSpeed)
    [Anonymous Symbol]                       0x0000125c   Section        0  main.o(.text.Adc_read)
    [Anonymous Symbol]                       0x000012c0   Section        0  startup_aducm430.o(.text.Default_Handler)
    [Anonymous Symbol]                       0x000012c4   Section        0  diolib.o(.text.DioCfgPin)
    [Anonymous Symbol]                       0x0000132c   Section        0  diolib.o(.text.DioClr)
    [Anonymous Symbol]                       0x00001340   Section        0  diolib.o(.text.DioOenPin)
    [Anonymous Symbol]                       0x0000137c   Section        0  diolib.o(.text.DioSet)
    [Anonymous Symbol]                       0x00001390   Section        0  startup_aducm430.o(.text.HardFault_Handler)
    [Anonymous Symbol]                       0x00001394   Section        0  daclib.o(.text.IDacCfg)
    [Anonymous Symbol]                       0x000013e4   Section        0  daclib.o(.text.IDacSync)
    [Anonymous Symbol]                       0x0000140c   Section        0  daclib.o(.text.IDacWr)
    [Anonymous Symbol]                       0x00001450   Section        0  main.o(.text.I_dac_write)
    [Anonymous Symbol]                       0x00001468   Section        0  main.o(.text.MPD_read)
    [Anonymous Symbol]                       0x000014d4   Section        0  main.o(.text.PID_Compute)
    [Anonymous Symbol]                       0x00001590   Section        0  main.o(.text.PID_Init)
    [Anonymous Symbol]                       0x000015d8   Section        0  main.o(.text.PLL_Interrupt_Init)
    [Anonymous Symbol]                       0x000015f4   Section        0  startup_aducm430.o(.text.Reset_Handler)
    [Anonymous Symbol]                       0x00001610   Section        0  main.o(.text.SetGain)
    [Anonymous Symbol]                       0x00001668   Section        0  main.o(.text.SetPhase)
    [Anonymous Symbol]                       0x000016b8   Section        0  main.o(.text.SetR1)
    [Anonymous Symbol]                       0x00001708   Section        0  main.o(.text.SetR2)
    [Anonymous Symbol]                       0x00001758   Section        0  main.o(.text.SetSOA)
    [Anonymous Symbol]                       0x000017a8   Section        0  main.o(.text.Setup)
    [Anonymous Symbol]                       0x0000189c   Section        0  system_aducm430.o(.text.SystemCoreClockUpdate)
    [Anonymous Symbol]                       0x000018b0   Section        0  system_aducm430.o(.text.SystemInit)
    [Anonymous Symbol]                       0x00001940   Section        0  main.o(.text.TecInit)
    [Anonymous Symbol]                       0x000019ec   Section        0  main.o(.text.UART_Int_Handler)
    [Anonymous Symbol]                       0x00001ac8   Section        0  main.o(.text.UART_Setup)
    [Anonymous Symbol]                       0x00001b1c   Section        0  urtlib.o(.text.UrtCfg)
    [Anonymous Symbol]                       0x00001c78   Section        0  urtlib.o(.text.UrtFifoCfg)
    [Anonymous Symbol]                       0x00001c98   Section        0  urtlib.o(.text.UrtFifoClr)
    [Anonymous Symbol]                       0x00001cbc   Section        0  urtlib.o(.text.UrtIntCfg)
    [Anonymous Symbol]                       0x00001cd0   Section        0  urtlib.o(.text.UrtIntSta)
    [Anonymous Symbol]                       0x00001cdc   Section        0  aducm430_setup.o(.text.UrtPrint)
    [Anonymous Symbol]                       0x00001d58   Section        0  urtlib.o(.text.UrtSendString)
    [Anonymous Symbol]                       0x00001d90   Section        0  urtlib.o(.text.UrtTx)
    [Anonymous Symbol]                       0x00001dbc   Section        0  daclib.o(.text.VDacCfg)
    [Anonymous Symbol]                       0x00001f10   Section        0  daclib.o(.text.VDacSync)
    [Anonymous Symbol]                       0x00001f30   Section        0  daclib.o(.text.VDacWr)
    [Anonymous Symbol]                       0x0000200c   Section        0  daclib.o(.text.VDacWrAutoSync)
    [Anonymous Symbol]                       0x000020d4   Section        0  main.o(.text.V_dac_write)
    [Anonymous Symbol]                       0x000020f0   Section        0  main.o(.text.WLPD_read)
    [Anonymous Symbol]                       0x0000215c   Section        0  main.o(.text.WMPD_read)
    [Anonymous Symbol]                       0x000021d0   Section        0  wdtlib.o(.text.WdtGo)
    __NVIC_ClearPendingIRQ                   0x00002205   Thumb Code    42  system_aducm430.o(.text.__NVIC_ClearPendingIRQ)
    [Anonymous Symbol]                       0x00002204   Section        0  system_aducm430.o(.text.__NVIC_ClearPendingIRQ)
    __NVIC_DisableIRQ                        0x00002231   Thumb Code    50  main.o(.text.__NVIC_DisableIRQ)
    [Anonymous Symbol]                       0x00002230   Section        0  main.o(.text.__NVIC_DisableIRQ)
    __NVIC_EnableIRQ                         0x00002265   Thumb Code    42  main.o(.text.__NVIC_EnableIRQ)
    [Anonymous Symbol]                       0x00002264   Section        0  main.o(.text.__NVIC_EnableIRQ)
    bip4                                     0x00002291   Thumb Code    64  nanoitla.o(.text.bip4)
    [Anonymous Symbol]                       0x00002290   Section        0  nanoitla.o(.text.bip4)
    [Anonymous Symbol]                       0x000022d0   Section        0  nanoitla.o(.text.build_outbound_frame_spec)
    c_get_pending                            0x00002361   Thumb Code    16  nanoitla.o(.text.c_get_pending)
    [Anonymous Symbol]                       0x00002360   Section        0  nanoitla.o(.text.c_get_pending)
    c_get_srq                                0x00002371   Thumb Code    42  nanoitla.o(.text.c_get_srq)
    [Anonymous Symbol]                       0x00002370   Section        0  nanoitla.o(.text.c_get_srq)
    c_handle_register                        0x0000239d   Thumb Code  4774  nanoitla.o(.text.c_handle_register)
    [Anonymous Symbol]                       0x0000239c   Section        0  nanoitla.o(.text.c_handle_register)
    [Anonymous Symbol]                       0x00003644   Section        0  main.o(.text.delay)
    ea_set                                   0x00003681   Thumb Code    82  nanoitla.o(.text.ea_set)
    [Anonymous Symbol]                       0x00003680   Section        0  nanoitla.o(.text.ea_set)
    freq_gx1e4                               0x000036d5   Thumb Code   246  nanoitla.o(.text.freq_gx1e4)
    [Anonymous Symbol]                       0x000036d4   Section        0  nanoitla.o(.text.freq_gx1e4)
    handle_register_and_build_response       0x000037cd   Thumb Code   340  nanoitla.o(.text.handle_register_and_build_response)
    [Anonymous Symbol]                       0x000037cc   Section        0  nanoitla.o(.text.handle_register_and_build_response)
    [Anonymous Symbol]                       0x00003920   Section        0  nanoitla.o(.text.itla_get_direct_ctrl_mode)
    [Anonymous Symbol]                       0x0000392c   Section        0  nanoitla.o(.text.itla_handle_frame)
    last_freq_split                          0x00003a29   Thumb Code   166  nanoitla.o(.text.last_freq_split)
    [Anonymous Symbol]                       0x00003a28   Section        0  nanoitla.o(.text.last_freq_split)
    lf1_thz                                  0x00003ad1   Thumb Code    30  nanoitla.o(.text.lf1_thz)
    [Anonymous Symbol]                       0x00003ad0   Section        0  nanoitla.o(.text.lf1_thz)
    lf2_g10                                  0x00003af1   Thumb Code    62  nanoitla.o(.text.lf2_g10)
    [Anonymous Symbol]                       0x00003af0   Section        0  nanoitla.o(.text.lf2_g10)
    lf3_mhz                                  0x00003b31   Thumb Code    88  nanoitla.o(.text.lf3_mhz)
    [Anonymous Symbol]                       0x00003b30   Section        0  nanoitla.o(.text.lf3_mhz)
    lfl1_thz                                 0x00003b89   Thumb Code    12  nanoitla.o(.text.lfl1_thz)
    [Anonymous Symbol]                       0x00003b88   Section        0  nanoitla.o(.text.lfl1_thz)
    lfl2_g10                                 0x00003b95   Thumb Code    12  nanoitla.o(.text.lfl2_g10)
    [Anonymous Symbol]                       0x00003b94   Section        0  nanoitla.o(.text.lfl2_g10)
    [Anonymous Symbol]                       0x00003ba0   Section        0  main.o(.text.main)
    [Anonymous Symbol]                       0x0000535c   Section        0  nano_lut_50ghz.o(.text.nano_apply_channel_from_lut)
    [Anonymous Symbol]                       0x00005414   Section        0  nanoitla.o(.text.parse_inbound_frame)
    py_get_pending                           0x000054d9   Thumb Code    28  nanoitla.o(.text.py_get_pending)
    [Anonymous Symbol]                       0x000054d8   Section        0  nanoitla.o(.text.py_get_pending)
    py_get_srq                               0x000054f5   Thumb Code    28  nanoitla.o(.text.py_get_srq)
    [Anonymous Symbol]                       0x000054f4   Section        0  nanoitla.o(.text.py_get_srq)
    [Anonymous Symbol]                       0x00005510   Section        0  main.o(.text.read_parameters)
    set_busy                                 0x000055dd   Thumb Code    50  nanoitla.o(.text.set_busy)
    [Anonymous Symbol]                       0x000055dc   Section        0  nanoitla.o(.text.set_busy)
    tick_pending                             0x00005611   Thumb Code    48  nanoitla.o(.text.tick_pending)
    [Anonymous Symbol]                       0x00005610   Section        0  nanoitla.o(.text.tick_pending)
    [Anonymous Symbol]                       0x00005640   Section        0  main.o(.text.time_0_init)
    uart1_init                               0x00005665   Thumb Code    64  main.o(.text.uart1_init)
    [Anonymous Symbol]                       0x00005664   Section        0  main.o(.text.uart1_init)
    uart1_write_bytes                        0x000056a5   Thumb Code    70  main.o(.text.uart1_write_bytes)
    [Anonymous Symbol]                       0x000056a4   Section        0  main.o(.text.uart1_write_bytes)
    i.__0sprintf                             0x000056ec   Section        0  printfa.o(i.__0sprintf)
    i.__0vsprintf                            0x00005714   Section        0  printfa.o(i.__0vsprintf)
    i.__aeabi_errno_addr                     0x00005738   Section        0  errno.o(i.__aeabi_errno_addr)
    i.__scatterload_copy                     0x00005740   Section       14  handlers.o(i.__scatterload_copy)
    i.__scatterload_null                     0x0000574e   Section        2  handlers.o(i.__scatterload_null)
    i.__scatterload_zeroinit                 0x00005750   Section       14  handlers.o(i.__scatterload_zeroinit)
    _fp_digits                               0x00005761   Thumb Code   366  printfa.o(i._fp_digits)
    i._fp_digits                             0x00005760   Section        0  printfa.o(i._fp_digits)
    _printf_core                             0x000058e5   Thumb Code  1744  printfa.o(i._printf_core)
    i._printf_core                           0x000058e4   Section        0  printfa.o(i._printf_core)
    _printf_post_padding                     0x00005fc1   Thumb Code    36  printfa.o(i._printf_post_padding)
    i._printf_post_padding                   0x00005fc0   Section        0  printfa.o(i._printf_post_padding)
    _printf_pre_padding                      0x00005fe5   Thumb Code    46  printfa.o(i._printf_pre_padding)
    i._printf_pre_padding                    0x00005fe4   Section        0  printfa.o(i._printf_pre_padding)
    _sputc                                   0x00006013   Thumb Code    10  printfa.o(i._sputc)
    i._sputc                                 0x00006012   Section        0  printfa.o(i._sputc)
    .constdata                               0x0000601c   Section      129  ctype_o.o(.constdata)
    table                                    0x000060a0   Data           4  ctype_o.o(.constdata)
    .constdata                               0x000060a0   Section        4  ctype_o.o(.constdata)
    s_devtyp                                 0x00007398   Data           8  nanoitla.o(.rodata.s_devtyp)
    [Anonymous Symbol]                       0x00007398   Section        0  nanoitla.o(.rodata.s_devtyp)
    s_mfgdate                                0x000073a0   Data          11  nanoitla.o(.rodata.s_mfgdate)
    [Anonymous Symbol]                       0x000073a0   Section        0  nanoitla.o(.rodata.s_mfgdate)
    s_mfgr                                   0x000073ab   Data          16  nanoitla.o(.rodata.s_mfgr)
    [Anonymous Symbol]                       0x000073ab   Section        0  nanoitla.o(.rodata.s_mfgr)
    s_model                                  0x000073bb   Data          10  nanoitla.o(.rodata.s_model)
    [Anonymous Symbol]                       0x000073bb   Section        0  nanoitla.o(.rodata.s_model)
    s_relback                                0x000073c5   Data           6  nanoitla.o(.rodata.s_relback)
    [Anonymous Symbol]                       0x000073c5   Section        0  nanoitla.o(.rodata.s_relback)
    s_release                                0x000073cb   Data           6  nanoitla.o(.rodata.s_release)
    [Anonymous Symbol]                       0x000073cb   Section        0  nanoitla.o(.rodata.s_release)
    s_serno                                  0x000073d1   Data          10  nanoitla.o(.rodata.s_serno)
    [Anonymous Symbol]                       0x000073d1   Section        0  nanoitla.o(.rodata.s_serno)
    .L.str                                   0x000073db   Data          43  main.o(.rodata.str1.1)
    .L.str.48                                0x000073db   Data          12  main.o(.rodata.str1.1)
    [Anonymous Symbol]                       0x000073db   Section        0  main.o(.rodata.str1.1)
    .L.str.10                                0x000073e7   Data          28  main.o(.rodata.str1.1)
    .L.str.13                                0x00007403   Data          27  main.o(.rodata.str1.1)
    .L.str.46                                0x00007449   Data          21  main.o(.rodata.str1.1)
    .L.str.44                                0x0000745e   Data          28  main.o(.rodata.str1.1)
    .L.str.47                                0x0000747a   Data           7  main.o(.rodata.str1.1)
    .L.str.15                                0x00007481   Data          24  main.o(.rodata.str1.1)
    .L.str.17                                0x00007499   Data          24  main.o(.rodata.str1.1)
    .L.str.19                                0x000074b1   Data          24  main.o(.rodata.str1.1)
    .L.str.12                                0x000074c9   Data          22  main.o(.rodata.str1.1)
    .L.str.8                                 0x000074df   Data          23  main.o(.rodata.str1.1)
    .L.str.36                                0x000074f6   Data          58  main.o(.rodata.str1.1)
    .L.str.9                                 0x00007530   Data          17  main.o(.rodata.str1.1)
    .L.str.30                                0x00007541   Data          17  main.o(.rodata.str1.1)
    .L.str.56                                0x00007552   Data          11  main.o(.rodata.str1.1)
    .L.str.49                                0x0000755d   Data          11  main.o(.rodata.str1.1)
    .L.str.55                                0x00007568   Data          64  main.o(.rodata.str1.1)
    .L.str.5                                 0x000075a8   Data          18  main.o(.rodata.str1.1)
    .L.str.4                                 0x000075ba   Data          17  main.o(.rodata.str1.1)
    .L.str.42                                0x000075cb   Data          22  main.o(.rodata.str1.1)
    .L.str.43                                0x000075e1   Data          23  main.o(.rodata.str1.1)
    .L.str.45                                0x000075f8   Data          34  main.o(.rodata.str1.1)
    .L.str.6                                 0x0000761a   Data          35  main.o(.rodata.str1.1)
    .L.str.37                                0x0000763d   Data          60  main.o(.rodata.str1.1)
    .L.str.38                                0x00007679   Data          60  main.o(.rodata.str1.1)
    .L.str.39                                0x000076b5   Data          59  main.o(.rodata.str1.1)
    .L.str.32                                0x000076f0   Data          20  main.o(.rodata.str1.1)
    .L.str.40                                0x00007704   Data          36  main.o(.rodata.str1.1)
    .L.str.41                                0x00007728   Data          37  main.o(.rodata.str1.1)
    .L.str.34                                0x0000774d   Data          19  main.o(.rodata.str1.1)
    .L.str.35                                0x00007760   Data          59  main.o(.rodata.str1.1)
    .L.str.50                                0x0000779b   Data          20  main.o(.rodata.str1.1)
    .L.str.54                                0x000077af   Data          19  main.o(.rodata.str1.1)
    .L.str.51                                0x000077c2   Data          19  main.o(.rodata.str1.1)
    .L.str.52                                0x000077d5   Data          19  main.o(.rodata.str1.1)
    .L.str.53                                0x000077e8   Data          19  main.o(.rodata.str1.1)
    .L.str.21                                0x000077f8   Data           3  main.o(.rodata.str1.1)
    .L.str.2                                 0x000077fb   Data          17  main.o(.rodata.str1.1)
    .L.str.1                                 0x0000780c   Data          20  main.o(.rodata.str1.1)
    .L.str.3                                 0x00007820   Data           2  main.o(.rodata.str1.1)
    .L.str.18                                0x00007822   Data           5  main.o(.rodata.str1.1)
    .L.str.11                                0x00007827   Data           5  main.o(.rodata.str1.1)
    .L.str.7                                 0x0000782c   Data           5  main.o(.rodata.str1.1)
    .L.str.33                                0x00007831   Data           5  main.o(.rodata.str1.1)
    .L.str.31                                0x00007836   Data           5  main.o(.rodata.str1.1)
    .L.str.29                                0x0000783b   Data           5  main.o(.rodata.str1.1)
    .L.str.14                                0x00007840   Data           5  main.o(.rodata.str1.1)
    .L.str.16                                0x00007845   Data           5  main.o(.rodata.str1.1)
    .L.str.25                                0x0000784a   Data           5  main.o(.rodata.str1.1)
    .L.str.27                                0x0000784f   Data           5  main.o(.rodata.str1.1)
    .L.str.20                                0x00007854   Data           5  main.o(.rodata.str1.1)
    .L.str.23                                0x00007859   Data           5  main.o(.rodata.str1.1)
    .L.str.26                                0x0000785e   Data          27  main.o(.rodata.str1.1)
    .L.str.22                                0x00007862   Data          23  main.o(.rodata.str1.1)
    .L.str.28                                0x00007879   Data          21  main.o(.rodata.str1.1)
    .L.str.24                                0x0000788e   Data          24  main.o(.rodata.str1.1)
    .L.str.58                                0x000078a6   Data           3  main.o(.rodata.str1.1)
    .L.str.57                                0x000078a9   Data           3  main.o(.rodata.str1.1)
    .L.str.3                                 0x000078ac   Data          12  aducm430_setup.o(.rodata.str1.1)
    [Anonymous Symbol]                       0x000078ac   Section        0  aducm430_setup.o(.rodata.str1.1)
    .L.str.2                                 0x000078b8   Data          15  aducm430_setup.o(.rodata.str1.1)
    .L.str.1                                 0x000078c7   Data          25  aducm430_setup.o(.rodata.str1.1)
    .L.str                                   0x000078e0   Data          22  aducm430_setup.o(.rodata.str1.1)
    __tagsym$$used.1                         0x10000000   Number         0  system_aducm430.o(.bss.IRAM_IVT)
    [Anonymous Symbol]                       0x10000400   Section        0  iramcode.o(.IRAM_INTERRUPT)
    state                                    0x20000000   Data           4  strtok.o(.data)
    .data                                    0x20000000   Section        4  strtok.o(.data)
    _errno                                   0x20000004   Data           4  errno.o(.data)
    .data                                    0x20000004   Section        4  errno.o(.data)
    st_CTemp                                 0x20000018   Data           2  nanoitla.o(.data.st_CTemp)
    [Anonymous Symbol]                       0x20000018   Section        0  nanoitla.o(.data.st_CTemp)
    st_FCF1_THz                              0x2000001a   Data           2  nanoitla.o(.data.st_FCF1_THz)
    [Anonymous Symbol]                       0x2000001a   Section        0  nanoitla.o(.data.st_FCF1_THz)
    st_FCF2_G10                              0x2000001c   Data           2  nanoitla.o(.data.st_FCF2_G10)
    [Anonymous Symbol]                       0x2000001c   Section        0  nanoitla.o(.data.st_FCF2_G10)
    st_FTFR_MHz                              0x2000001e   Data           2  nanoitla.o(.data.st_FTFR_MHz)
    [Anonymous Symbol]                       0x2000001e   Section        0  nanoitla.o(.data.st_FTFR_MHz)
    st_GRID                                  0x20000020   Data           2  nanoitla.o(.data.st_GRID)
    [Anonymous Symbol]                       0x20000020   Section        0  nanoitla.o(.data.st_GRID)
    st_LGrid10                               0x20000022   Data           2  nanoitla.o(.data.st_LGrid10)
    [Anonymous Symbol]                       0x20000022   Section        0  nanoitla.o(.data.st_LGrid10)
    st_OPSH                                  0x20000024   Data           2  nanoitla.o(.data.st_OPSH)
    [Anonymous Symbol]                       0x20000024   Section        0  nanoitla.o(.data.st_OPSH)
    aea_idx                                  0x2000017c   Data           4  nanoitla.o(.bss.aea_idx)
    [Anonymous Symbol]                       0x2000017c   Section        0  nanoitla.o(.bss.aea_idx)
    ea_buf                                   0x20000190   Data           4  nanoitla.o(.bss.ea_buf)
    [Anonymous Symbol]                       0x20000190   Section        0  nanoitla.o(.bss.ea_buf)
    ea_len                                   0x20000194   Data           4  nanoitla.o(.bss.ea_len)
    [Anonymous Symbol]                       0x20000194   Section        0  nanoitla.o(.bss.ea_len)
    g_direct_ctrl_mode                       0x20000198   Data           1  nanoitla.o(.bss.g_direct_ctrl_mode)
    [Anonymous Symbol]                       0x20000198   Section        0  nanoitla.o(.bss.g_direct_ctrl_mode)
    g_last_error                             0x200001a0   Data           1  nanoitla.o(.bss.g_last_error)
    [Anonymous Symbol]                       0x200001a0   Section        0  nanoitla.o(.bss.g_last_error)
    main.last_direct_mode                    0x200001d0   Data           1  main.o(.bss.main.last_direct_mode)
    [Anonymous Symbol]                       0x200001d0   Section        0  main.o(.bss.main.last_direct_mode)
    main.pd_sample_div                       0x200001d4   Data           4  main.o(.bss.main.pd_sample_div)
    [Anonymous Symbol]                       0x200001d4   Section        0  main.o(.bss.main.pd_sample_div)
    man_idx                                  0x200001d8   Data           4  nanoitla.o(.bss.man_idx)
    [Anonymous Symbol]                       0x200001d8   Section        0  nanoitla.o(.bss.man_idx)
    pending_cnt                              0x200001dc   Data           4  nanoitla.o(.bss.pending_cnt)
    [Anonymous Symbol]                       0x200001dc   Section        0  nanoitla.o(.bss.pending_cnt)
    printBuffer                              0x200001e0   Data         128  main.o(.bss.printBuffer)
    [Anonymous Symbol]                       0x200001e0   Section        0  main.o(.bss.printBuffer)
    st_AEA_EA                                0x20000260   Data           2  nanoitla.o(.bss.st_AEA_EA)
    [Anonymous Symbol]                       0x20000260   Section        0  nanoitla.o(.bss.st_AEA_EA)
    st_AEA_EAC                               0x20000262   Data           2  nanoitla.o(.bss.st_AEA_EAC)
    [Anonymous Symbol]                       0x20000262   Section        0  nanoitla.o(.bss.st_AEA_EAC)
    st_ALMT                                  0x20000264   Data           2  nanoitla.o(.bss.st_ALMT)
    [Anonymous Symbol]                       0x20000264   Section        0  nanoitla.o(.bss.st_ALMT)
    st_BIAS_raw                              0x20000266   Data           2  nanoitla.o(.bss.st_BIAS_raw)
    [Anonymous Symbol]                       0x20000266   Section        0  nanoitla.o(.bss.st_BIAS_raw)
    st_CHANNEL                               0x20000268   Data           2  nanoitla.o(.bss.st_CHANNEL)
    [Anonymous Symbol]                       0x20000268   Section        0  nanoitla.o(.bss.st_CHANNEL)
    st_CHANNELH                              0x2000026a   Data           2  nanoitla.o(.bss.st_CHANNELH)
    [Anonymous Symbol]                       0x2000026a   Section        0  nanoitla.o(.bss.st_CHANNELH)
    st_DLConfig                              0x2000026c   Data           2  nanoitla.o(.bss.st_DLConfig)
    [Anonymous Symbol]                       0x2000026c   Section        0  nanoitla.o(.bss.st_DLConfig)
    st_DLStatus                              0x2000026e   Data           2  nanoitla.o(.bss.st_DLStatus)
    [Anonymous Symbol]                       0x2000026e   Section        0  nanoitla.o(.bss.st_DLStatus)
    st_EA                                    0x20000270   Data           2  nanoitla.o(.bss.st_EA)
    [Anonymous Symbol]                       0x20000270   Section        0  nanoitla.o(.bss.st_EA)
    st_EAC                                   0x20000272   Data           2  nanoitla.o(.bss.st_EAC)
    [Anonymous Symbol]                       0x20000272   Section        0  nanoitla.o(.bss.st_EAC)
    st_FCF3_MHz                              0x20000274   Data           2  nanoitla.o(.bss.st_FCF3_MHz)
    [Anonymous Symbol]                       0x20000274   Section        0  nanoitla.o(.bss.st_FCF3_MHz)
    st_FFreqTh                               0x20000276   Data           2  nanoitla.o(.bss.st_FFreqTh)
    [Anonymous Symbol]                       0x20000276   Section        0  nanoitla.o(.bss.st_FFreqTh)
    st_FPowTh                                0x20000278   Data           2  nanoitla.o(.bss.st_FPowTh)
    [Anonymous Symbol]                       0x20000278   Section        0  nanoitla.o(.bss.st_FPowTh)
    st_FTF_MHz                               0x2000027a   Data           2  nanoitla.o(.bss.st_FTF_MHz)
    [Anonymous Symbol]                       0x2000027a   Section        0  nanoitla.o(.bss.st_FTF_MHz)
    st_FThermTh                              0x2000027c   Data           2  nanoitla.o(.bss.st_FThermTh)
    [Anonymous Symbol]                       0x2000027c   Section        0  nanoitla.o(.bss.st_FThermTh)
    st_FatalT                                0x2000027e   Data           2  nanoitla.o(.bss.st_FatalT)
    [Anonymous Symbol]                       0x2000027e   Section        0  nanoitla.o(.bss.st_FatalT)
    st_GRID2                                 0x20000280   Data           2  nanoitla.o(.bss.st_GRID2)
    [Anonymous Symbol]                       0x20000280   Section        0  nanoitla.o(.bss.st_GRID2)
    st_GenCfg                                0x20000282   Data           2  nanoitla.o(.bss.st_GenCfg)
    [Anonymous Symbol]                       0x20000282   Section        0  nanoitla.o(.bss.st_GenCfg)
    st_IOCap                                 0x20000284   Data           2  nanoitla.o(.bss.st_IOCap)
    [Anonymous Symbol]                       0x20000284   Section        0  nanoitla.o(.bss.st_IOCap)
    st_MCB                                   0x20000286   Data           2  nanoitla.o(.bss.st_MCB)
    [Anonymous Symbol]                       0x20000286   Section        0  nanoitla.o(.bss.st_MCB)
    st_OOP                                   0x20000288   Data           2  nanoitla.o(.bss.st_OOP)
    [Anonymous Symbol]                       0x20000288   Section        0  nanoitla.o(.bss.st_OOP)
    st_OPSL                                  0x2000028a   Data           2  nanoitla.o(.bss.st_OPSL)
    [Anonymous Symbol]                       0x2000028a   Section        0  nanoitla.o(.bss.st_OPSL)
    st_PWR                                   0x2000028c   Data           2  nanoitla.o(.bss.st_PWR)
    [Anonymous Symbol]                       0x2000028c   Section        0  nanoitla.o(.bss.st_PWR)
    st_ResEna                                0x2000028e   Data           2  nanoitla.o(.bss.st_ResEna)
    [Anonymous Symbol]                       0x2000028e   Section        0  nanoitla.o(.bss.st_ResEna)
    st_SOA_centi                             0x20000290   Data           2  nanoitla.o(.bss.st_SOA_centi)
    [Anonymous Symbol]                       0x20000290   Section        0  nanoitla.o(.bss.st_SOA_centi)
    st_SRQ_MASK                              0x20000292   Data           2  nanoitla.o(.bss.st_SRQ_MASK)
    [Anonymous Symbol]                       0x20000292   Section        0  nanoitla.o(.bss.st_SRQ_MASK)
    st_StatusF                               0x20000294   Data           2  nanoitla.o(.bss.st_StatusF)
    [Anonymous Symbol]                       0x20000294   Section        0  nanoitla.o(.bss.st_StatusF)
    st_StatusW                               0x20000296   Data           2  nanoitla.o(.bss.st_StatusW)
    [Anonymous Symbol]                       0x20000296   Section        0  nanoitla.o(.bss.st_StatusW)
    st_TEC_raw                               0x20000298   Data           2  nanoitla.o(.bss.st_TEC_raw)
    [Anonymous Symbol]                       0x20000298   Section        0  nanoitla.o(.bss.st_TEC_raw)
    st_TUNER_PHASE_milli                     0x2000029a   Data           2  nanoitla.o(.bss.st_TUNER_PHASE_milli)
    [Anonymous Symbol]                       0x2000029a   Section        0  nanoitla.o(.bss.st_TUNER_PHASE_milli)
    st_TUNER_RING1_milli                     0x2000029c   Data           2  nanoitla.o(.bss.st_TUNER_RING1_milli)
    [Anonymous Symbol]                       0x2000029c   Section        0  nanoitla.o(.bss.st_TUNER_RING1_milli)
    st_TUNER_RING2_milli                     0x2000029e   Data           2  nanoitla.o(.bss.st_TUNER_RING2_milli)
    [Anonymous Symbol]                       0x2000029e   Section        0  nanoitla.o(.bss.st_TUNER_RING2_milli)
    st_WFreqTh                               0x200002a0   Data           2  nanoitla.o(.bss.st_WFreqTh)
    [Anonymous Symbol]                       0x200002a0   Section        0  nanoitla.o(.bss.st_WFreqTh)
    st_WPowTh                                0x200002a2   Data           2  nanoitla.o(.bss.st_WPowTh)
    [Anonymous Symbol]                       0x200002a2   Section        0  nanoitla.o(.bss.st_WPowTh)
    st_WThermTh                              0x200002a4   Data           2  nanoitla.o(.bss.st_WThermTh)
    [Anonymous Symbol]                       0x200002a4   Section        0  nanoitla.o(.bss.st_WThermTh)

    Global Symbols

    Symbol Name                              Value     Ov Type        Size  Object(Section)

    BuildAttributes$$THM_ISAv4$P$D$K$B$S$PE$A:L22UL41UL21$X:L11$S22US41US21$IEEE1$IW$USESV6$~STKCKD$USESV7$WCHAR32$ENUMINT$~SHL$OTIME$ROPI$MICROLIB$REQ8$PRES8$EABIv2 0x00000000   Number         0  anon$$obj.o ABSOLUTE
    __Vectors                                0x00000000   Data         960  startup_aducm430.o(RESET)
    __cpp_initialize__aeabi_                  - Undefined Weak Reference
    __cxa_finalize                            - Undefined Weak Reference
    __decompress                              - Undefined Weak Reference
    _clock_init                               - Undefined Weak Reference
    _microlib_exit                            - Undefined Weak Reference
    __main                                   0x000003c1   Thumb Code     0  entry.o(.ARM.Collect$$$$00000000)
    _main_stk                                0x000003c1   Thumb Code     0  entry4.o(.ARM.Collect$$$$00000003)
    _main_scatterload                        0x000003c5   Thumb Code     0  entry5.o(.ARM.Collect$$$$00000004)
    __main_after_scatterload                 0x000003c9   Thumb Code     0  entry5.o(.ARM.Collect$$$$00000004)
    _main_clock                              0x000003c9   Thumb Code     0  entry7b.o(.ARM.Collect$$$$00000008)
    _main_cpp_init                           0x000003c9   Thumb Code     0  entry8b.o(.ARM.Collect$$$$0000000A)
    _main_init                               0x000003c9   Thumb Code     0  entry9a.o(.ARM.Collect$$$$0000000B)
    __rt_final_cpp                           0x000003d1   Thumb Code     0  entry10a.o(.ARM.Collect$$$$0000000D)
    __rt_final_exit                          0x000003d1   Thumb Code     0  entry11a.o(.ARM.Collect$$$$0000000F)
    __aeabi_uldivmod                         0x000003d5   Thumb Code    98  uldiv.o(.text)
    strlen                                   0x00000437   Thumb Code    14  strlen.o(.text)
    strcmp                                   0x00000445   Thumb Code    28  strcmp.o(.text)
    strtok                                   0x00000461   Thumb Code    62  strtok.o(.text)
    atoi                                     0x000004a5   Thumb Code    26  atoi.o(.text)
    __aeabi_fadd                             0x000004bf   Thumb Code   164  fadd.o(.text)
    __aeabi_fsub                             0x00000563   Thumb Code     6  fadd.o(.text)
    __aeabi_frsub                            0x00000569   Thumb Code     6  fadd.o(.text)
    __aeabi_fmul                             0x0000056f   Thumb Code   100  fmul.o(.text)
    __aeabi_fdiv                             0x000005d3   Thumb Code   124  fdiv.o(.text)
    __aeabi_dadd                             0x0000064f   Thumb Code   322  dadd.o(.text)
    __aeabi_dsub                             0x00000791   Thumb Code     6  dadd.o(.text)
    __aeabi_drsub                            0x00000797   Thumb Code     6  dadd.o(.text)
    __aeabi_dmul                             0x0000079d   Thumb Code   228  dmul.o(.text)
    __aeabi_ddiv                             0x00000881   Thumb Code   222  ddiv.o(.text)
    __aeabi_fcmple                           0x0000095f   Thumb Code    28  fcmple.o(.text)
    __aeabi_fcmpge                           0x0000097b   Thumb Code    28  fcmpge.o(.text)
    __aeabi_i2f                              0x00000997   Thumb Code    18  fflti.o(.text)
    __aeabi_ui2f                             0x000009a9   Thumb Code    10  ffltui.o(.text)
    __aeabi_i2d                              0x000009b3   Thumb Code    34  dflti.o(.text)
    __aeabi_ui2d                             0x000009d5   Thumb Code    26  dfltui.o(.text)
    __aeabi_f2iz                             0x000009ef   Thumb Code    50  ffixi.o(.text)
    __aeabi_d2iz                             0x00000a21   Thumb Code    62  dfixi.o(.text)
    __aeabi_f2d                              0x00000a5f   Thumb Code    38  f2d.o(.text)
    __aeabi_d2f                              0x00000a85   Thumb Code    56  d2f.o(.text)
    __aeabi_uidiv                            0x00000abd   Thumb Code     0  uidiv.o(.text)
    __aeabi_uidivmod                         0x00000abd   Thumb Code    44  uidiv.o(.text)
    __aeabi_llsl                             0x00000ae9   Thumb Code    30  llshl.o(.text)
    _ll_shift_l                              0x00000ae9   Thumb Code     0  llshl.o(.text)
    __aeabi_llsr                             0x00000b07   Thumb Code    32  llushr.o(.text)
    _ll_ushift_r                             0x00000b07   Thumb Code     0  llushr.o(.text)
    __aeabi_lasr                             0x00000b27   Thumb Code    36  llsshr.o(.text)
    _ll_sshift_r                             0x00000b27   Thumb Code     0  llsshr.o(.text)
    strtol                                   0x00000b4b   Thumb Code   112  strtol.o(.text)
    __I$use$fp                               0x00000bbb   Thumb Code     0  iusefp.o(.text)
    _float_round                             0x00000bbb   Thumb Code    18  fepilogue.o(.text)
    _float_epilogue                          0x00000bcd   Thumb Code    92  fepilogue.o(.text)
    _double_round                            0x00000c29   Thumb Code    30  depilogue.o(.text)
    _double_epilogue                         0x00000c47   Thumb Code   156  depilogue.o(.text)
    __aeabi_d2ulz                            0x00000ce3   Thumb Code    48  dfixul.o(.text)
    __aeabi_cdrcmple                         0x00000d15   Thumb Code    48  cdrcmple.o(.text)
    __scatterload                            0x00000d45   Thumb Code    38  init.o(.text)
    __scatterload_rt2                        0x00000d45   Thumb Code     0  init.o(.text)
    __rt_ctype_table                         0x00000d75   Thumb Code     4  ctype_o.o(.text)
    _strtoul                                 0x00000d7d   Thumb Code   158  _strtoul.o(.text)
    _chval                                   0x00000e1b   Thumb Code    28  _chval.o(.text)
    ADuCM430Setup                            0x00000e39   Thumb Code   330  aducm430_setup.o(.text.ADuCM430Setup)
    AdcGo                                    0x00000f85   Thumb Code    56  adclib.o(.text.AdcGo)
    AdcInit                                  0x00000fbd   Thumb Code    44  main.o(.text.AdcInit)
    AdcPinExt                                0x00000fe9   Thumb Code    20  adclib.o(.text.AdcPinExt)
    page0_checksum                           0x00000ffc   Data           4  system_aducm430.o(.ARM.__at_0x00000FFC)
    AdcIntEn                                 0x00001001   Thumb Code    56  adclib.o(.text.AdcIntEn)
    AdcOverSampling                          0x00001039   Thumb Code   276  adclib.o(.text.AdcOverSampling)
    AdcPinInt                                0x0000114d   Thumb Code    68  adclib.o(.text.AdcPinInt)
    AdcPowerDown                             0x00001191   Thumb Code    88  adclib.o(.text.AdcPowerDown)
    AdcRd                                    0x000011e9   Thumb Code    44  adclib.o(.text.AdcRd)
    AdcSpeed                                 0x00001215   Thumb Code    72  adclib.o(.text.AdcSpeed)
    Adc_read                                 0x0000125d   Thumb Code    98  main.o(.text.Adc_read)
    BusFault_Handler                         0x000012c1   Thumb Code     4  startup_aducm430.o(.text.Default_Handler)
    COMP0_Int_Handler                        0x000012c1   Thumb Code     4  startup_aducm430.o(.text.Default_Handler)
    COMP1_Int_Handler                        0x000012c1   Thumb Code     4  startup_aducm430.o(.text.Default_Handler)
    COMP2_Int_Handler                        0x000012c1   Thumb Code     4  startup_aducm430.o(.text.Default_Handler)
    COMP3_Int_Handler                        0x000012c1   Thumb Code     4  startup_aducm430.o(.text.Default_Handler)
    DIGCOMP0_Int_Handler                     0x000012c1   Thumb Code     4  startup_aducm430.o(.text.Default_Handler)
    DIGCOMP1_Int_Handler                     0x000012c1   Thumb Code     4  startup_aducm430.o(.text.Default_Handler)
    DIGCOMP2_Int_Handler                     0x000012c1   Thumb Code     4  startup_aducm430.o(.text.Default_Handler)
    DIGCOMP3_Int_Handler                     0x000012c1   Thumb Code     4  startup_aducm430.o(.text.Default_Handler)
    DMA_ADC_Int_Handler                      0x000012c1   Thumb Code     4  startup_aducm430.o(.text.Default_Handler)
    DMA_Err_Int_Handler                      0x000012c1   Thumb Code     4  startup_aducm430.o(.text.Default_Handler)
    DMA_Flash0_Int_Handler                   0x000012c1   Thumb Code     4  startup_aducm430.o(.text.Default_Handler)
    DMA_Flash1_Int_Handler                   0x000012c1   Thumb Code     4  startup_aducm430.o(.text.Default_Handler)
    DMA_I2C0_MTX_Int_Handler                 0x000012c1   Thumb Code     4  startup_aducm430.o(.text.Default_Handler)
    DMA_I2C0_SRX_Int_Handler                 0x000012c1   Thumb Code     4  startup_aducm430.o(.text.Default_Handler)
    DMA_I2C0_STX_Int_Handler                 0x000012c1   Thumb Code     4  startup_aducm430.o(.text.Default_Handler)
    DMA_I2C1_MTX_Int_Handler                 0x000012c1   Thumb Code     4  startup_aducm430.o(.text.Default_Handler)
    DMA_I2C1_SRX_Int_Handler                 0x000012c1   Thumb Code     4  startup_aducm430.o(.text.Default_Handler)
    DMA_I2C1_STX_Int_Handler                 0x000012c1   Thumb Code     4  startup_aducm430.o(.text.Default_Handler)
    DMA_MDIO_RX_Int_Handler                  0x000012c1   Thumb Code     4  startup_aducm430.o(.text.Default_Handler)
    DMA_MDIO_TX_Int_Handler                  0x000012c1   Thumb Code     4  startup_aducm430.o(.text.Default_Handler)
    DMA_SPI0_RX_Int_Handler                  0x000012c1   Thumb Code     4  startup_aducm430.o(.text.Default_Handler)
    DMA_SPI0_TX_Int_Handler                  0x000012c1   Thumb Code     4  startup_aducm430.o(.text.Default_Handler)
    DMA_SPI1_RX_Int_Handler                  0x000012c1   Thumb Code     4  startup_aducm430.o(.text.Default_Handler)
    DMA_SPI1_TX_Int_Handler                  0x000012c1   Thumb Code     4  startup_aducm430.o(.text.Default_Handler)
    DMA_TRIG0_Int_Handler                    0x000012c1   Thumb Code     4  startup_aducm430.o(.text.Default_Handler)
    DMA_TRIG1_Int_Handler                    0x000012c1   Thumb Code     4  startup_aducm430.o(.text.Default_Handler)
    DMA_UART_RX_Int_Handler                  0x000012c1   Thumb Code     4  startup_aducm430.o(.text.Default_Handler)
    DMA_UART_TX_Int_Handler                  0x000012c1   Thumb Code     4  startup_aducm430.o(.text.Default_Handler)
    DebugMon_Handler                         0x000012c1   Thumb Code     4  startup_aducm430.o(.text.Default_Handler)
    Default_Handler                          0x000012c1   Thumb Code     4  startup_aducm430.o(.text.Default_Handler)
    Ext_Int0_Handler                         0x000012c1   Thumb Code     4  startup_aducm430.o(.text.Default_Handler)
    Ext_Int1_Handler                         0x000012c1   Thumb Code     4  startup_aducm430.o(.text.Default_Handler)
    Ext_Int2_Handler                         0x000012c1   Thumb Code     4  startup_aducm430.o(.text.Default_Handler)
    Ext_Int3_Handler                         0x000012c1   Thumb Code     4  startup_aducm430.o(.text.Default_Handler)
    Ext_Int4_Handler                         0x000012c1   Thumb Code     4  startup_aducm430.o(.text.Default_Handler)
    Ext_Int5_Handler                         0x000012c1   Thumb Code     4  startup_aducm430.o(.text.Default_Handler)
    Ext_Int6_Handler                         0x000012c1   Thumb Code     4  startup_aducm430.o(.text.Default_Handler)
    Ext_Int7_Handler                         0x000012c1   Thumb Code     4  startup_aducm430.o(.text.Default_Handler)
    Ext_Int8_Handler                         0x000012c1   Thumb Code     4  startup_aducm430.o(.text.Default_Handler)
    Ext_Int9_Handler                         0x000012c1   Thumb Code     4  startup_aducm430.o(.text.Default_Handler)
    Flash0_Int_Handler                       0x000012c1   Thumb Code     4  startup_aducm430.o(.text.Default_Handler)
    Flash1_Int_Handler                       0x000012c1   Thumb Code     4  startup_aducm430.o(.text.Default_Handler)
    GPIO_INTA_Int_Handler                    0x000012c1   Thumb Code     4  startup_aducm430.o(.text.Default_Handler)
    GPIO_INTB_Int_Handler                    0x000012c1   Thumb Code     4  startup_aducm430.o(.text.Default_Handler)
    GP_Tmr0_Int_Handler                      0x000012c1   Thumb Code     4  startup_aducm430.o(.text.Default_Handler)
    GP_Tmr1_Int_Handler                      0x000012c1   Thumb Code     4  startup_aducm430.o(.text.Default_Handler)
    GP_Tmr2_Int_Handler                      0x000012c1   Thumb Code     4  startup_aducm430.o(.text.Default_Handler)
    GP_Tmr3_Int_Handler                      0x000012c1   Thumb Code     4  startup_aducm430.o(.text.Default_Handler)
    HFOSC_Int_Handler                        0x000012c1   Thumb Code     4  startup_aducm430.o(.text.Default_Handler)
    I2C0_Master_Int_Handler                  0x000012c1   Thumb Code     4  startup_aducm430.o(.text.Default_Handler)
    I2C0_Slave_Int_Handler                   0x000012c1   Thumb Code     4  startup_aducm430.o(.text.Default_Handler)
    I2C1_Master_Int_Handler                  0x000012c1   Thumb Code     4  startup_aducm430.o(.text.Default_Handler)
    I2C1_Slave_Int_Handler                   0x000012c1   Thumb Code     4  startup_aducm430.o(.text.Default_Handler)
    IDAC_RES_LOW_Int_Handler                 0x000012c1   Thumb Code     4  startup_aducm430.o(.text.Default_Handler)
    MCODEC_Int_Handler                       0x000012c1   Thumb Code     4  startup_aducm430.o(.text.Default_Handler)
    MDIO_Int_Handler                         0x000012c1   Thumb Code     4  startup_aducm430.o(.text.Default_Handler)
    MemManage_Handler                        0x000012c1   Thumb Code     4  startup_aducm430.o(.text.Default_Handler)
    NMI_Handler                              0x000012c1   Thumb Code     4  startup_aducm430.o(.text.Default_Handler)
    OVERTEMP_Int_Handler                     0x000012c1   Thumb Code     4  startup_aducm430.o(.text.Default_Handler)
    PLA0_Int_Handler                         0x000012c1   Thumb Code     4  startup_aducm430.o(.text.Default_Handler)
    PLA1_Int_Handler                         0x000012c1   Thumb Code     4  startup_aducm430.o(.text.Default_Handler)
    PLA2_Int_Handler                         0x000012c1   Thumb Code     4  startup_aducm430.o(.text.Default_Handler)
    PLA3_Int_Handler                         0x000012c1   Thumb Code     4  startup_aducm430.o(.text.Default_Handler)
    PWM0_Int_Handler                         0x000012c1   Thumb Code     4  startup_aducm430.o(.text.Default_Handler)
    PWM1_Int_Handler                         0x000012c1   Thumb Code     4  startup_aducm430.o(.text.Default_Handler)
    PWM2_Int_Handler                         0x000012c1   Thumb Code     4  startup_aducm430.o(.text.Default_Handler)
    PWM3_Int_Handler                         0x000012c1   Thumb Code     4  startup_aducm430.o(.text.Default_Handler)
    PWMTrip_Int_Handle                       0x000012c1   Thumb Code     4  startup_aducm430.o(.text.Default_Handler)
    PendSV_Handler                           0x000012c1   Thumb Code     4  startup_aducm430.o(.text.Default_Handler)
    SEQ_Int_Handler                          0x000012c1   Thumb Code     4  startup_aducm430.o(.text.Default_Handler)
    SPI0_Int_Handler                         0x000012c1   Thumb Code     4  startup_aducm430.o(.text.Default_Handler)
    SPI1_Int_Handler                         0x000012c1   Thumb Code     4  startup_aducm430.o(.text.Default_Handler)
    SRAM_Err_Int_Handler                     0x000012c1   Thumb Code     4  startup_aducm430.o(.text.Default_Handler)
    SVC_Handler                              0x000012c1   Thumb Code     4  startup_aducm430.o(.text.Default_Handler)
    SysTick_Handler                          0x000012c1   Thumb Code     4  startup_aducm430.o(.text.Default_Handler)
    TEC_Int_Handler                          0x000012c1   Thumb Code     4  startup_aducm430.o(.text.Default_Handler)
    UnUsed_Handler                           0x000012c1   Thumb Code     4  startup_aducm430.o(.text.Default_Handler)
    UsageFault_Handler                       0x000012c1   Thumb Code     4  startup_aducm430.o(.text.Default_Handler)
    WDog_Tmr_Int_Handler                     0x000012c1   Thumb Code     4  startup_aducm430.o(.text.Default_Handler)
    WakeUp_Int_Handler                       0x000012c1   Thumb Code     4  startup_aducm430.o(.text.Default_Handler)
    DioCfgPin                                0x000012c5   Thumb Code   104  diolib.o(.text.DioCfgPin)
    DioClr                                   0x0000132d   Thumb Code    20  diolib.o(.text.DioClr)
    DioOenPin                                0x00001341   Thumb Code    60  diolib.o(.text.DioOenPin)
    DioSet                                   0x0000137d   Thumb Code    20  diolib.o(.text.DioSet)
    HardFault_Handler                        0x00001391   Thumb Code     4  startup_aducm430.o(.text.HardFault_Handler)
    IDacCfg                                  0x00001395   Thumb Code    78  daclib.o(.text.IDacCfg)
    IDacSync                                 0x000013e5   Thumb Code    40  daclib.o(.text.IDacSync)
    IDacWr                                   0x0000140d   Thumb Code    66  daclib.o(.text.IDacWr)
    I_dac_write                              0x00001451   Thumb Code    24  main.o(.text.I_dac_write)
    MPD_read                                 0x00001469   Thumb Code   108  main.o(.text.MPD_read)
    PID_Compute                              0x000014d5   Thumb Code   186  main.o(.text.PID_Compute)
    PID_Init                                 0x00001591   Thumb Code    72  main.o(.text.PID_Init)
    PLL_Interrupt_Init                       0x000015d9   Thumb Code    26  main.o(.text.PLL_Interrupt_Init)
    Reset_Handler                            0x000015f5   Thumb Code    28  startup_aducm430.o(.text.Reset_Handler)
    SetGain                                  0x00001611   Thumb Code    88  main.o(.text.SetGain)
    SetPhase                                 0x00001669   Thumb Code    78  main.o(.text.SetPhase)
    SetR1                                    0x000016b9   Thumb Code    78  main.o(.text.SetR1)
    SetR2                                    0x00001709   Thumb Code    78  main.o(.text.SetR2)
    SetSOA                                   0x00001759   Thumb Code    78  main.o(.text.SetSOA)
    Setup                                    0x000017a9   Thumb Code   242  main.o(.text.Setup)
    SystemCoreClockUpdate                    0x0000189d   Thumb Code    20  system_aducm430.o(.text.SystemCoreClockUpdate)
    SystemInit                               0x000018b1   Thumb Code   144  system_aducm430.o(.text.SystemInit)
    TecInit                                  0x00001941   Thumb Code   172  main.o(.text.TecInit)
    UART_Int_Handler                         0x000019ed   Thumb Code   218  main.o(.text.UART_Int_Handler)
    UART_Setup                               0x00001ac9   Thumb Code    82  main.o(.text.UART_Setup)
    UrtCfg                                   0x00001b1d   Thumb Code   348  urtlib.o(.text.UrtCfg)
    UrtFifoCfg                               0x00001c79   Thumb Code    30  urtlib.o(.text.UrtFifoCfg)
    UrtFifoClr                               0x00001c99   Thumb Code    34  urtlib.o(.text.UrtFifoClr)
    UrtIntCfg                                0x00001cbd   Thumb Code    18  urtlib.o(.text.UrtIntCfg)
    UrtIntSta                                0x00001cd1   Thumb Code    12  urtlib.o(.text.UrtIntSta)
    UrtPrint                                 0x00001cdd   Thumb Code   124  aducm430_setup.o(.text.UrtPrint)
    UrtSendString                            0x00001d59   Thumb Code    54  urtlib.o(.text.UrtSendString)
    UrtTx                                    0x00001d91   Thumb Code    42  urtlib.o(.text.UrtTx)
    VDacCfg                                  0x00001dbd   Thumb Code   338  daclib.o(.text.VDacCfg)
    VDacSync                                 0x00001f11   Thumb Code    30  daclib.o(.text.VDacSync)
    VDacWr                                   0x00001f31   Thumb Code   218  daclib.o(.text.VDacWr)
    VDacWrAutoSync                           0x0000200d   Thumb Code   200  daclib.o(.text.VDacWrAutoSync)
    V_dac_write                              0x000020d5   Thumb Code    28  main.o(.text.V_dac_write)
    WLPD_read                                0x000020f1   Thumb Code   108  main.o(.text.WLPD_read)
    WMPD_read                                0x0000215d   Thumb Code   116  main.o(.text.WMPD_read)
    WdtGo                                    0x000021d1   Thumb Code    52  wdtlib.o(.text.WdtGo)
    build_outbound_frame_spec                0x000022d1   Thumb Code   144  nanoitla.o(.text.build_outbound_frame_spec)
    delay                                    0x00003645   Thumb Code    58  main.o(.text.delay)
    itla_get_direct_ctrl_mode                0x00003921   Thumb Code    12  nanoitla.o(.text.itla_get_direct_ctrl_mode)
    itla_handle_frame                        0x0000392d   Thumb Code   252  nanoitla.o(.text.itla_handle_frame)
    main                                     0x00003ba1   Thumb Code  6074  main.o(.text.main)
    nano_apply_channel_from_lut              0x0000535d   Thumb Code   184  nano_lut_50ghz.o(.text.nano_apply_channel_from_lut)
    parse_inbound_frame                      0x00005415   Thumb Code   196  nanoitla.o(.text.parse_inbound_frame)
    read_parameters                          0x00005511   Thumb Code   202  main.o(.text.read_parameters)
    time_0_init                              0x00005641   Thumb Code    34  main.o(.text.time_0_init)
    __0sprintf                               0x000056ed   Thumb Code    34  printfa.o(i.__0sprintf)
    __1sprintf                               0x000056ed   Thumb Code     0  printfa.o(i.__0sprintf)
    __2sprintf                               0x000056ed   Thumb Code     0  printfa.o(i.__0sprintf)
    __c89sprintf                             0x000056ed   Thumb Code     0  printfa.o(i.__0sprintf)
    sprintf                                  0x000056ed   Thumb Code     0  printfa.o(i.__0sprintf)
    __0vsprintf                              0x00005715   Thumb Code    30  printfa.o(i.__0vsprintf)
    __1vsprintf                              0x00005715   Thumb Code     0  printfa.o(i.__0vsprintf)
    __2vsprintf                              0x00005715   Thumb Code     0  printfa.o(i.__0vsprintf)
    __c89vsprintf                            0x00005715   Thumb Code     0  printfa.o(i.__0vsprintf)
    vsprintf                                 0x00005715   Thumb Code     0  printfa.o(i.__0vsprintf)
    __aeabi_errno_addr                       0x00005739   Thumb Code     4  errno.o(i.__aeabi_errno_addr)
    __rt_errno_addr                          0x00005739   Thumb Code     0  errno.o(i.__aeabi_errno_addr)
    __scatterload_copy                       0x00005741   Thumb Code    14  handlers.o(i.__scatterload_copy)
    __scatterload_null                       0x0000574f   Thumb Code     2  handlers.o(i.__scatterload_null)
    __scatterload_zeroinit                   0x00005751   Thumb Code    14  handlers.o(i.__scatterload_zeroinit)
    __ctype_table                            0x0000601c   Data         129  ctype_o.o(.constdata)
    g_lut_50GHz                              0x000060a8   Data        4848  nano_lut_50ghz.o(.rodata.g_lut_50GHz)
    Region$$Table$$Base                      0x000078f8   Number         0  anon$$obj.o(Region$$Table)
    Region$$Table$$Limit                     0x00007928   Number         0  anon$$obj.o(Region$$Table)
    __relocated_vector_table                 0x10000000   Data         960  system_aducm430.o(.bss.IRAM_IVT)
    ADC_Int_Handler                          0x10000401   Thumb Code   178  iramcode.o(.IRAM_INTERRUPT)
    PLL_Int_Handler                          0x100004b5   Thumb Code   130  iramcode.o(.IRAM_INTERRUPT)
    SystemCoreClock                          0x20000008   Data           4  system_aducm430.o(.data.SystemCoreClock)
    kd                                       0x2000000c   Data           4  main.o(.data.kd)
    ki                                       0x20000010   Data           4  main.o(.data.ki)
    setpoint                                 0x20000014   Data           4  main.o(.data.setpoint)
    ADCIRQSTA                                0x20000028   Data           4  iramcode.o(.bss.ADCIRQSTA)
    AdcData                                  0x2000002c   Data          80  main.o(.bss.AdcData)
    UrtPrBuf                                 0x2000007c   Data         256  aducm430_setup.o(.bss.UrtPrBuf)
    conversionDone                           0x20000180   Data           4  main.o(.bss.conversionDone)
    counts                                   0x20000184   Data           4  main.o(.bss.counts)
    data                                     0x20000188   Data           4  iramcode.o(.bss.data)
    dataCnt                                  0x2000018c   Data           4  main.o(.bss.dataCnt)
    g_gain                                   0x2000019c   Data           4  main.o(.bss.g_gain)
    g_mpd                                    0x200001a4   Data           4  main.o(.bss.g_mpd)
    g_mpd_meas                               0x200001a8   Data           4  main.o(.bss.g_mpd_meas)
    g_soa                                    0x200001ac   Data           4  main.o(.bss.g_soa)
    g_temp                                   0x200001b0   Data           4  main.o(.bss.g_temp)
    g_v1                                     0x200001b4   Data           4  main.o(.bss.g_v1)
    g_v2                                     0x200001b8   Data           4  main.o(.bss.g_v2)
    g_v3                                     0x200001bc   Data           4  main.o(.bss.g_v3)
    g_wlpd                                   0x200001c0   Data           4  main.o(.bss.g_wlpd)
    g_wlpd_meas                              0x200001c4   Data           4  main.o(.bss.g_wlpd_meas)
    g_wmpd                                   0x200001c8   Data           4  main.o(.bss.g_wmpd)
    g_wmpd_meas                              0x200001cc   Data           4  main.o(.bss.g_wmpd_meas)
    ucFirstIRQ                               0x200002a6   Data           1  main.o(.bss.ucFirstIRQ)
    ucPLLLoss                                0x200002a7   Data           1  main.o(.bss.ucPLLLoss)
    urt_data                                 0x200002a8   Data          50  main.o(.bss.urt_data)
    Image$$ARM_LIB_STACK$$ZI$$Limit          0x20008000   Number         0  anon$$obj.o ABSOLUTE



==============================================================================

Memory Map of the image

  Image Entry point : 0x000003c1

  Load Region LR_ROM (Base: 0x00000000, Size: 0x00007a88, Max: 0x00080000, ABSOLUTE)

    Execution Region ER_ROM (Exec base: 0x00000000, Load base: 0x00000000, Size: 0x00007928, Max: 0x00080000, ABSOLUTE)

    Exec Addr    Load Addr    Size         Type   Attr      Idx    E Section Name        Object

    0x00000000   0x00000000   0x000003c0   Data   RO          533    RESET               startup_aducm430.o
    0x000003c0   0x000003c0   0x00000000   Code   RO          556  * .ARM.Collect$$$$00000000  mc_w.l(entry.o)
    0x000003c0   0x000003c0   0x00000004   Code   RO          633    .ARM.Collect$$$$00000003  mc_w.l(entry4.o)
    0x000003c4   0x000003c4   0x00000004   Code   RO          636    .ARM.Collect$$$$00000004  mc_w.l(entry5.o)
    0x000003c8   0x000003c8   0x00000000   Code   RO          638    .ARM.Collect$$$$00000008  mc_w.l(entry7b.o)
    0x000003c8   0x000003c8   0x00000000   Code   RO          640    .ARM.Collect$$$$0000000A  mc_w.l(entry8b.o)
    0x000003c8   0x000003c8   0x00000008   Code   RO          641    .ARM.Collect$$$$0000000B  mc_w.l(entry9a.o)
    0x000003d0   0x000003d0   0x00000000   Code   RO          643    .ARM.Collect$$$$0000000D  mc_w.l(entry10a.o)
    0x000003d0   0x000003d0   0x00000000   Code   RO          645    .ARM.Collect$$$$0000000F  mc_w.l(entry11a.o)
    0x000003d0   0x000003d0   0x00000004   Code   RO          634    .ARM.Collect$$$$00002714  mc_w.l(entry4.o)
    0x000003d4   0x000003d4   0x00000062   Code   RO          559    .text               mc_w.l(uldiv.o)
    0x00000436   0x00000436   0x0000000e   Code   RO          561    .text               mc_w.l(strlen.o)
    0x00000444   0x00000444   0x0000001c   Code   RO          563    .text               mc_w.l(strcmp.o)
    0x00000460   0x00000460   0x00000044   Code   RO          565    .text               mc_w.l(strtok.o)
    0x000004a4   0x000004a4   0x0000001a   Code   RO          599    .text               mc_w.l(atoi.o)
    0x000004be   0x000004be   0x000000b0   Code   RO          601    .text               mf_w.l(fadd.o)
    0x0000056e   0x0000056e   0x00000064   Code   RO          603    .text               mf_w.l(fmul.o)
    0x000005d2   0x000005d2   0x0000007c   Code   RO          605    .text               mf_w.l(fdiv.o)
    0x0000064e   0x0000064e   0x0000014e   Code   RO          607    .text               mf_w.l(dadd.o)
    0x0000079c   0x0000079c   0x000000e4   Code   RO          609    .text               mf_w.l(dmul.o)
    0x00000880   0x00000880   0x000000de   Code   RO          611    .text               mf_w.l(ddiv.o)
    0x0000095e   0x0000095e   0x0000001c   Code   RO          613    .text               mf_w.l(fcmple.o)
    0x0000097a   0x0000097a   0x0000001c   Code   RO          615    .text               mf_w.l(fcmpge.o)
    0x00000996   0x00000996   0x00000012   Code   RO          617    .text               mf_w.l(fflti.o)
    0x000009a8   0x000009a8   0x0000000a   Code   RO          619    .text               mf_w.l(ffltui.o)
    0x000009b2   0x000009b2   0x00000022   Code   RO          621    .text               mf_w.l(dflti.o)
    0x000009d4   0x000009d4   0x0000001a   Code   RO          623    .text               mf_w.l(dfltui.o)
    0x000009ee   0x000009ee   0x00000032   Code   RO          625    .text               mf_w.l(ffixi.o)
    0x00000a20   0x00000a20   0x0000003e   Code   RO          627    .text               mf_w.l(dfixi.o)
    0x00000a5e   0x00000a5e   0x00000026   Code   RO          629    .text               mf_w.l(f2d.o)
    0x00000a84   0x00000a84   0x00000038   Code   RO          631    .text               mf_w.l(d2f.o)
    0x00000abc   0x00000abc   0x0000002c   Code   RO          661    .text               mc_w.l(uidiv.o)
    0x00000ae8   0x00000ae8   0x0000001e   Code   RO          663    .text               mc_w.l(llshl.o)
    0x00000b06   0x00000b06   0x00000020   Code   RO          665    .text               mc_w.l(llushr.o)
    0x00000b26   0x00000b26   0x00000024   Code   RO          667    .text               mc_w.l(llsshr.o)
    0x00000b4a   0x00000b4a   0x00000070   Code   RO          676    .text               mc_w.l(strtol.o)
    0x00000bba   0x00000bba   0x00000000   Code   RO          678    .text               mc_w.l(iusefp.o)
    0x00000bba   0x00000bba   0x0000006e   Code   RO          679    .text               mf_w.l(fepilogue.o)
    0x00000c28   0x00000c28   0x000000ba   Code   RO          681    .text               mf_w.l(depilogue.o)
    0x00000ce2   0x00000ce2   0x00000030   Code   RO          683    .text               mf_w.l(dfixul.o)
    0x00000d12   0x00000d12   0x00000002   PAD
    0x00000d14   0x00000d14   0x00000030   Code   RO          685    .text               mf_w.l(cdrcmple.o)
    0x00000d44   0x00000d44   0x00000030   Code   RO          687    .text               mc_w.l(init.o)
    0x00000d74   0x00000d74   0x00000008   Code   RO          690    .text               mc_w.l(ctype_o.o)
    0x00000d7c   0x00000d7c   0x0000009e   Code   RO          718    .text               mc_w.l(_strtoul.o)
    0x00000e1a   0x00000e1a   0x0000001c   Code   RO          721    .text               mc_w.l(_chval.o)
    0x00000e36   0x00000e36   0x00000002   PAD
    0x00000e38   0x00000e38   0x0000014a   Code   RO          107    .text.ADuCM430Setup  aducm430_setup.o
    0x00000f82   0x00000f82   0x00000002   PAD
    0x00000f84   0x00000f84   0x00000038   Code   RO          306    .text.AdcGo         adclib.o
    0x00000fbc   0x00000fbc   0x0000002c   Code   RO           18    .text.AdcInit       main.o
    0x00000fe8   0x00000fe8   0x00000014   Code   RO          310    .text.AdcPinExt     adclib.o
    0x00000ffc   0x00000ffc   0x00000004   Data   RO          547    .ARM.__at_0x00000FFC  system_aducm430.o
    0x00001000   0x00001000   0x00000038   Code   RO          316    .text.AdcIntEn      adclib.o
    0x00001038   0x00001038   0x00000114   Code   RO          304    .text.AdcOverSampling  adclib.o
    0x0000114c   0x0000114c   0x00000044   Code   RO          312    .text.AdcPinInt     adclib.o
    0x00001190   0x00001190   0x00000058   Code   RO          300    .text.AdcPowerDown  adclib.o
    0x000011e8   0x000011e8   0x0000002c   Code   RO          320    .text.AdcRd         adclib.o
    0x00001214   0x00001214   0x00000048   Code   RO          302    .text.AdcSpeed      adclib.o
    0x0000125c   0x0000125c   0x00000062   Code   RO           20    .text.Adc_read      main.o
    0x000012be   0x000012be   0x00000002   PAD
    0x000012c0   0x000012c0   0x00000004   Code   RO          527    .text.Default_Handler  startup_aducm430.o
    0x000012c4   0x000012c4   0x00000068   Code   RO          401    .text.DioCfgPin     diolib.o
    0x0000132c   0x0000132c   0x00000014   Code   RO          423    .text.DioClr        diolib.o
    0x00001340   0x00001340   0x0000003c   Code   RO          407    .text.DioOenPin     diolib.o
    0x0000137c   0x0000137c   0x00000014   Code   RO          421    .text.DioSet        diolib.o
    0x00001390   0x00001390   0x00000004   Code   RO          531    .text.HardFault_Handler  startup_aducm430.o
    0x00001394   0x00001394   0x0000004e   Code   RO          382    .text.IDacCfg       daclib.o
    0x000013e2   0x000013e2   0x00000002   PAD
    0x000013e4   0x000013e4   0x00000028   Code   RO          388    .text.IDacSync      daclib.o
    0x0000140c   0x0000140c   0x00000042   Code   RO          384    .text.IDacWr        daclib.o
    0x0000144e   0x0000144e   0x00000002   PAD
    0x00001450   0x00001450   0x00000018   Code   RO           44    .text.I_dac_write   main.o
    0x00001468   0x00001468   0x0000006c   Code   RO           26    .text.MPD_read      main.o
    0x000014d4   0x000014d4   0x000000ba   Code   RO           12    .text.PID_Compute   main.o
    0x0000158e   0x0000158e   0x00000002   PAD
    0x00001590   0x00001590   0x00000048   Code   RO           10    .text.PID_Init      main.o
    0x000015d8   0x000015d8   0x0000001a   Code   RO           16    .text.PLL_Interrupt_Init  main.o
    0x000015f2   0x000015f2   0x00000002   PAD
    0x000015f4   0x000015f4   0x0000001c   Code   RO          529    .text.Reset_Handler  startup_aducm430.o
    0x00001610   0x00001610   0x00000058   Code   RO           52    .text.SetGain       main.o
    0x00001668   0x00001668   0x0000004e   Code   RO           58    .text.SetPhase      main.o
    0x000016b6   0x000016b6   0x00000002   PAD
    0x000016b8   0x000016b8   0x0000004e   Code   RO           54    .text.SetR1         main.o
    0x00001706   0x00001706   0x00000002   PAD
    0x00001708   0x00001708   0x0000004e   Code   RO           56    .text.SetR2         main.o
    0x00001756   0x00001756   0x00000002   PAD
    0x00001758   0x00001758   0x0000004e   Code   RO           50    .text.SetSOA        main.o
    0x000017a6   0x000017a6   0x00000002   PAD
    0x000017a8   0x000017a8   0x000000f2   Code   RO           40    .text.Setup         main.o
    0x0000189a   0x0000189a   0x00000002   PAD
    0x0000189c   0x0000189c   0x00000014   Code   RO          541    .text.SystemCoreClockUpdate  system_aducm430.o
    0x000018b0   0x000018b0   0x00000090   Code   RO          543    .text.SystemInit    system_aducm430.o
    0x00001940   0x00001940   0x000000ac   Code   RO           34    .text.TecInit       main.o
    0x000019ec   0x000019ec   0x000000da   Code   RO           32    .text.UART_Int_Handler  main.o
    0x00001ac6   0x00001ac6   0x00000002   PAD
    0x00001ac8   0x00001ac8   0x00000052   Code   RO            6    .text.UART_Setup    main.o
    0x00001b1a   0x00001b1a   0x00000002   PAD
    0x00001b1c   0x00001b1c   0x0000015c   Code   RO          473    .text.UrtCfg        urtlib.o
    0x00001c78   0x00001c78   0x0000001e   Code   RO          475    .text.UrtFifoCfg    urtlib.o
    0x00001c96   0x00001c96   0x00000002   PAD
    0x00001c98   0x00001c98   0x00000022   Code   RO          477    .text.UrtFifoClr    urtlib.o
    0x00001cba   0x00001cba   0x00000002   PAD
    0x00001cbc   0x00001cbc   0x00000012   Code   RO          491    .text.UrtIntCfg     urtlib.o
    0x00001cce   0x00001cce   0x00000002   PAD
    0x00001cd0   0x00001cd0   0x0000000c   Code   RO          493    .text.UrtIntSta     urtlib.o
    0x00001cdc   0x00001cdc   0x0000007c   Code   RO          109    .text.UrtPrint      aducm430_setup.o
    0x00001d58   0x00001d58   0x00000036   Code   RO          495    .text.UrtSendString  urtlib.o
    0x00001d8e   0x00001d8e   0x00000002   PAD
    0x00001d90   0x00001d90   0x0000002a   Code   RO          483    .text.UrtTx         urtlib.o
    0x00001dba   0x00001dba   0x00000002   PAD
    0x00001dbc   0x00001dbc   0x00000152   Code   RO          376    .text.VDacCfg       daclib.o
    0x00001f0e   0x00001f0e   0x00000002   PAD
    0x00001f10   0x00001f10   0x0000001e   Code   RO          378    .text.VDacSync      daclib.o
    0x00001f2e   0x00001f2e   0x00000002   PAD
    0x00001f30   0x00001f30   0x000000da   Code   RO          372    .text.VDacWr        daclib.o
    0x0000200a   0x0000200a   0x00000002   PAD
    0x0000200c   0x0000200c   0x000000c8   Code   RO          374    .text.VDacWrAutoSync  daclib.o
    0x000020d4   0x000020d4   0x0000001c   Code   RO           46    .text.V_dac_write   main.o
    0x000020f0   0x000020f0   0x0000006c   Code   RO           28    .text.WLPD_read     main.o
    0x0000215c   0x0000215c   0x00000074   Code   RO           30    .text.WMPD_read     main.o
    0x000021d0   0x000021d0   0x00000034   Code   RO          512    .text.WdtGo         wdtlib.o
    0x00002204   0x00002204   0x0000002a   Code   RO          545    .text.__NVIC_ClearPendingIRQ  system_aducm430.o
    0x0000222e   0x0000222e   0x00000002   PAD
    0x00002230   0x00002230   0x00000032   Code   RO           22    .text.__NVIC_DisableIRQ  main.o
    0x00002262   0x00002262   0x00000002   PAD
    0x00002264   0x00002264   0x0000002a   Code   RO            8    .text.__NVIC_EnableIRQ  main.o
    0x0000228e   0x0000228e   0x00000002   PAD
    0x00002290   0x00002290   0x00000040   Code   RO          174    .text.bip4          nanoitla.o
    0x000022d0   0x000022d0   0x00000090   Code   RO          178    .text.build_outbound_frame_spec  nanoitla.o
    0x00002360   0x00002360   0x00000010   Code   RO          218    .text.c_get_pending  nanoitla.o
    0x00002370   0x00002370   0x0000002a   Code   RO          216    .text.c_get_srq     nanoitla.o
    0x0000239a   0x0000239a   0x00000002   PAD
    0x0000239c   0x0000239c   0x000012a6   Code   RO          212    .text.c_handle_register  nanoitla.o
    0x00003642   0x00003642   0x00000002   PAD
    0x00003644   0x00003644   0x0000003a   Code   RO            4    .text.delay         main.o
    0x0000367e   0x0000367e   0x00000002   PAD
    0x00003680   0x00003680   0x00000052   Code   RO          220    .text.ea_set        nanoitla.o
    0x000036d2   0x000036d2   0x00000002   PAD
    0x000036d4   0x000036d4   0x000000f6   Code   RO          234    .text.freq_gx1e4    nanoitla.o
    0x000037ca   0x000037ca   0x00000002   PAD
    0x000037cc   0x000037cc   0x00000154   Code   RO          200    .text.handle_register_and_build_response  nanoitla.o
    0x00003920   0x00003920   0x0000000c   Code   RO          196    .text.itla_get_direct_ctrl_mode  nanoitla.o
    0x0000392c   0x0000392c   0x000000fc   Code   RO          202    .text.itla_handle_frame  nanoitla.o
    0x00003a28   0x00003a28   0x000000a6   Code   RO          232    .text.last_freq_split  nanoitla.o
    0x00003ace   0x00003ace   0x00000002   PAD
    0x00003ad0   0x00003ad0   0x0000001e   Code   RO          222    .text.lf1_thz       nanoitla.o
    0x00003aee   0x00003aee   0x00000002   PAD
    0x00003af0   0x00003af0   0x0000003e   Code   RO          224    .text.lf2_g10       nanoitla.o
    0x00003b2e   0x00003b2e   0x00000002   PAD
    0x00003b30   0x00003b30   0x00000058   Code   RO          226    .text.lf3_mhz       nanoitla.o
    0x00003b88   0x00003b88   0x0000000c   Code   RO          228    .text.lfl1_thz      nanoitla.o
    0x00003b94   0x00003b94   0x0000000c   Code   RO          230    .text.lfl2_g10      nanoitla.o
    0x00003ba0   0x00003ba0   0x000017ba   Code   RO           38    .text.main          main.o
    0x0000535a   0x0000535a   0x00000002   PAD
    0x0000535c   0x0000535c   0x000000b8   Code   RO          160    .text.nano_apply_channel_from_lut  nano_lut_50ghz.o
    0x00005414   0x00005414   0x000000c4   Code   RO          176    .text.parse_inbound_frame  nanoitla.o
    0x000054d8   0x000054d8   0x0000001c   Code   RO          210    .text.py_get_pending  nanoitla.o
    0x000054f4   0x000054f4   0x0000001c   Code   RO          208    .text.py_get_srq    nanoitla.o
    0x00005510   0x00005510   0x000000ca   Code   RO           36    .text.read_parameters  main.o
    0x000055da   0x000055da   0x00000002   PAD
    0x000055dc   0x000055dc   0x00000032   Code   RO          214    .text.set_busy      nanoitla.o
    0x0000560e   0x0000560e   0x00000002   PAD
    0x00005610   0x00005610   0x00000030   Code   RO          206    .text.tick_pending  nanoitla.o
    0x00005640   0x00005640   0x00000022   Code   RO           14    .text.time_0_init   main.o
    0x00005662   0x00005662   0x00000002   PAD
    0x00005664   0x00005664   0x00000040   Code   RO           42    .text.uart1_init    main.o
    0x000056a4   0x000056a4   0x00000046   Code   RO           48    .text.uart1_write_bytes  main.o
    0x000056ea   0x000056ea   0x00000002   PAD
    0x000056ec   0x000056ec   0x00000028   Code   RO          574    i.__0sprintf        mc_w.l(printfa.o)
    0x00005714   0x00005714   0x00000024   Code   RO          578    i.__0vsprintf       mc_w.l(printfa.o)
    0x00005738   0x00005738   0x00000008   Code   RO          669    i.__aeabi_errno_addr  mc_w.l(errno.o)
    0x00005740   0x00005740   0x0000000e   Code   RO          725    i.__scatterload_copy  mc_w.l(handlers.o)
    0x0000574e   0x0000574e   0x00000002   Code   RO          726    i.__scatterload_null  mc_w.l(handlers.o)
    0x00005750   0x00005750   0x0000000e   Code   RO          727    i.__scatterload_zeroinit  mc_w.l(handlers.o)
    0x0000575e   0x0000575e   0x00000002   PAD
    0x00005760   0x00005760   0x00000184   Code   RO          579    i._fp_digits        mc_w.l(printfa.o)
    0x000058e4   0x000058e4   0x000006dc   Code   RO          580    i._printf_core      mc_w.l(printfa.o)
    0x00005fc0   0x00005fc0   0x00000024   Code   RO          581    i._printf_post_padding  mc_w.l(printfa.o)
    0x00005fe4   0x00005fe4   0x0000002e   Code   RO          582    i._printf_pre_padding  mc_w.l(printfa.o)
    0x00006012   0x00006012   0x0000000a   Code   RO          584    i._sputc            mc_w.l(printfa.o)
    0x0000601c   0x0000601c   0x00000081   Data   RO          691    .constdata          mc_w.l(ctype_o.o)
    0x0000609d   0x0000609d   0x00000003   PAD
    0x000060a0   0x000060a0   0x00000004   Data   RO          692    .constdata          mc_w.l(ctype_o.o)
    0x000060a4   0x000060a4   0x00000004   PAD
    0x000060a8   0x000060a8   0x000012f0   Data   RO          162    .rodata.g_lut_50GHz  nano_lut_50ghz.o
    0x00007398   0x00007398   0x00000008   Data   RO          243    .rodata.s_devtyp    nanoitla.o
    0x000073a0   0x000073a0   0x0000000b   Data   RO          248    .rodata.s_mfgdate   nanoitla.o
    0x000073ab   0x000073ab   0x00000010   Data   RO          245    .rodata.s_mfgr      nanoitla.o
    0x000073bb   0x000073bb   0x0000000a   Data   RO          246    .rodata.s_model     nanoitla.o
    0x000073c5   0x000073c5   0x00000006   Data   RO          250    .rodata.s_relback   nanoitla.o
    0x000073cb   0x000073cb   0x00000006   Data   RO          249    .rodata.s_release   nanoitla.o
    0x000073d1   0x000073d1   0x0000000a   Data   RO          247    .rodata.s_serno     nanoitla.o
    0x000073db   0x000073db   0x000004d1   Data   RO           92    .rodata.str1.1      main.o
    0x000078ac   0x000078ac   0x0000004a   Data   RO          111    .rodata.str1.1      aducm430_setup.o
    0x000078f6   0x000078f6   0x00000002   PAD
    0x000078f8   0x000078f8   0x00000030   Data   RO          724    Region$$Table       anon$$obj.o


    Execution Region RW_IRAM (Exec base: 0x10000000, Load base: 0x00007928, Size: 0x000003c0, Max: 0x00000400, ABSOLUTE, UNINIT)

    Exec Addr    Load Addr    Size         Type   Attr      Idx    E Section Name        Object

    0x10000000        -       0x000003c0   Zero   RW          549    .bss.IRAM_IVT       system_aducm430.o


    Execution Region RW_IRAM2 (Exec base: 0x10000400, Load base: 0x00007928, Size: 0x00000138, Max: 0x00003c00, ABSOLUTE)

    Exec Addr    Load Addr    Size         Type   Attr      Idx    E Section Name        Object

    0x10000400   0x00007928   0x00000136   Code   RO          122    .IRAM_INTERRUPT     iramcode.o


    Execution Region RW_RAM (Exec base: 0x20000000, Load base: 0x00007a60, Size: 0x000002dc, Max: 0x00006b00, ABSOLUTE)

    Exec Addr    Load Addr    Size         Type   Attr      Idx    E Section Name        Object

    0x20000000   0x00007a60   0x00000004   Data   RW          566    .data               mc_w.l(strtok.o)
    0x20000004   0x00007a64   0x00000004   Data   RW          672    .data               mc_w.l(errno.o)
    0x20000008   0x00007a68   0x00000004   Data   RW          548    .data.SystemCoreClock  system_aducm430.o
    0x2000000c   0x00007a6c   0x00000004   Data   RW           85    .data.kd            main.o
    0x20000010   0x00007a70   0x00000004   Data   RW           84    .data.ki            main.o
    0x20000014   0x00007a74   0x00000004   Data   RW           82    .data.setpoint      main.o
    0x20000018   0x00007a78   0x00000002   Data   RW          279    .data.st_CTemp      nanoitla.o
    0x2000001a   0x00007a7a   0x00000002   Data   RW          276    .data.st_FCF1_THz   nanoitla.o
    0x2000001c   0x00007a7c   0x00000002   Data   RW          277    .data.st_FCF2_G10   nanoitla.o
    0x2000001e   0x00007a7e   0x00000002   Data   RW          280    .data.st_FTFR_MHz   nanoitla.o
    0x20000020   0x00007a80   0x00000002   Data   RW          275    .data.st_GRID       nanoitla.o
    0x20000022   0x00007a82   0x00000002   Data   RW          283    .data.st_LGrid10    nanoitla.o
    0x20000024   0x00007a84   0x00000002   Data   RW          282    .data.st_OPSH       nanoitla.o
    0x20000026   0x00007a86   0x00000002   PAD
    0x20000028        -       0x00000004   Zero   RW          124    .bss.ADCIRQSTA      iramcode.o
    0x2000002c        -       0x00000050   Zero   RW           93    .bss.AdcData        main.o
    0x2000007c        -       0x00000100   Zero   RW          112    .bss.UrtPrBuf       aducm430_setup.o
    0x2000017c        -       0x00000004   Zero   RW          254    .bss.aea_idx        nanoitla.o
    0x20000180        -       0x00000004   Zero   RW           91    .bss.conversionDone  main.o
    0x20000184        -       0x00000004   Zero   RW           77    .bss.counts         main.o
    0x20000188        -       0x00000004   Zero   RW          125    .bss.data           iramcode.o
    0x2000018c        -       0x00000004   Zero   RW           90    .bss.dataCnt        main.o
    0x20000190        -       0x00000004   Zero   RW          255    .bss.ea_buf         nanoitla.o
    0x20000194        -       0x00000004   Zero   RW          244    .bss.ea_len         nanoitla.o
    0x20000198        -       0x00000001   Zero   RW          236    .bss.g_direct_ctrl_mode  nanoitla.o
    0x20000199   0x00007a86   0x00000003   PAD
    0x2000019c        -       0x00000004   Zero   RW           65    .bss.g_gain         main.o
    0x200001a0        -       0x00000001   Zero   RW          238    .bss.g_last_error   nanoitla.o
    0x200001a1   0x00007a86   0x00000003   PAD
    0x200001a4        -       0x00000004   Zero   RW           68    .bss.g_mpd          main.o
    0x200001a8        -       0x00000004   Zero   RW           71    .bss.g_mpd_meas     main.o
    0x200001ac        -       0x00000004   Zero   RW           66    .bss.g_soa          main.o
    0x200001b0        -       0x00000004   Zero   RW           67    .bss.g_temp         main.o
    0x200001b4        -       0x00000004   Zero   RW           62    .bss.g_v1           main.o
    0x200001b8        -       0x00000004   Zero   RW           63    .bss.g_v2           main.o
    0x200001bc        -       0x00000004   Zero   RW           64    .bss.g_v3           main.o
    0x200001c0        -       0x00000004   Zero   RW           69    .bss.g_wlpd         main.o
    0x200001c4        -       0x00000004   Zero   RW           72    .bss.g_wlpd_meas    main.o
    0x200001c8        -       0x00000004   Zero   RW           70    .bss.g_wmpd         main.o
    0x200001cc        -       0x00000004   Zero   RW           73    .bss.g_wmpd_meas    main.o
    0x200001d0        -       0x00000001   Zero   RW           97    .bss.main.last_direct_mode  main.o
    0x200001d1   0x00007a86   0x00000003   PAD
    0x200001d4        -       0x00000004   Zero   RW           96    .bss.main.pd_sample_div  main.o
    0x200001d8        -       0x00000004   Zero   RW          259    .bss.man_idx        nanoitla.o
    0x200001dc        -       0x00000004   Zero   RW          240    .bss.pending_cnt    nanoitla.o
    0x200001e0        -       0x00000080   Zero   RW           95    .bss.printBuffer    main.o
    0x20000260        -       0x00000002   Zero   RW          253    .bss.st_AEA_EA      nanoitla.o
    0x20000262        -       0x00000002   Zero   RW          252    .bss.st_AEA_EAC     nanoitla.o
    0x20000264        -       0x00000002   Zero   RW          269    .bss.st_ALMT        nanoitla.o
    0x20000266        -       0x00000002   Zero   RW          291    .bss.st_BIAS_raw    nanoitla.o
    0x20000268        -       0x00000002   Zero   RW          271    .bss.st_CHANNEL     nanoitla.o
    0x2000026a        -       0x00000002   Zero   RW          270    .bss.st_CHANNELH    nanoitla.o
    0x2000026c        -       0x00000002   Zero   RW          260    .bss.st_DLConfig    nanoitla.o
    0x2000026e        -       0x00000002   Zero   RW          261    .bss.st_DLStatus    nanoitla.o
    0x20000270        -       0x00000002   Zero   RW          258    .bss.st_EA          nanoitla.o
    0x20000272        -       0x00000002   Zero   RW          257    .bss.st_EAC         nanoitla.o
    0x20000274        -       0x00000002   Zero   RW          285    .bss.st_FCF3_MHz    nanoitla.o
    0x20000276        -       0x00000002   Zero   RW          264    .bss.st_FFreqTh     nanoitla.o
    0x20000278        -       0x00000002   Zero   RW          262    .bss.st_FPowTh      nanoitla.o
    0x2000027a        -       0x00000002   Zero   RW          286    .bss.st_FTF_MHz     nanoitla.o
    0x2000027c        -       0x00000002   Zero   RW          266    .bss.st_FThermTh    nanoitla.o
    0x2000027e        -       0x00000002   Zero   RW          268    .bss.st_FatalT      nanoitla.o
    0x20000280        -       0x00000002   Zero   RW          284    .bss.st_GRID2       nanoitla.o
    0x20000282        -       0x00000002   Zero   RW          251    .bss.st_GenCfg      nanoitla.o
    0x20000284        -       0x00000002   Zero   RW          256    .bss.st_IOCap       nanoitla.o
    0x20000286        -       0x00000002   Zero   RW          274    .bss.st_MCB         nanoitla.o
    0x20000288        -       0x00000002   Zero   RW          278    .bss.st_OOP         nanoitla.o
    0x2000028a        -       0x00000002   Zero   RW          281    .bss.st_OPSL        nanoitla.o
    0x2000028c        -       0x00000002   Zero   RW          272    .bss.st_PWR         nanoitla.o
    0x2000028e        -       0x00000002   Zero   RW          273    .bss.st_ResEna      nanoitla.o
    0x20000290        -       0x00000002   Zero   RW          290    .bss.st_SOA_centi   nanoitla.o
    0x20000292        -       0x00000002   Zero   RW          242    .bss.st_SRQ_MASK    nanoitla.o
    0x20000294        -       0x00000002   Zero   RW          241    .bss.st_StatusF     nanoitla.o
    0x20000296        -       0x00000002   Zero   RW          239    .bss.st_StatusW     nanoitla.o
    0x20000298        -       0x00000002   Zero   RW          292    .bss.st_TEC_raw     nanoitla.o
    0x2000029a        -       0x00000002   Zero   RW          287    .bss.st_TUNER_PHASE_milli  nanoitla.o
    0x2000029c        -       0x00000002   Zero   RW          288    .bss.st_TUNER_RING1_milli  nanoitla.o
    0x2000029e        -       0x00000002   Zero   RW          289    .bss.st_TUNER_RING2_milli  nanoitla.o
    0x200002a0        -       0x00000002   Zero   RW          265    .bss.st_WFreqTh     nanoitla.o
    0x200002a2        -       0x00000002   Zero   RW          263    .bss.st_WPowTh      nanoitla.o
    0x200002a4        -       0x00000002   Zero   RW          267    .bss.st_WThermTh    nanoitla.o
    0x200002a6        -       0x00000001   Zero   RW           78    .bss.ucFirstIRQ     main.o
    0x200002a7        -       0x00000001   Zero   RW           79    .bss.ucPLLLoss      main.o
    0x200002a8        -       0x00000032   Zero   RW           76    .bss.urt_data       main.o


    Execution Region ARM_LIB_HEAP (Exec base: 0x200002e0, Load base: 0x00007a88, Size: 0x00000c00, Max: 0x00000c00, ABSOLUTE)

    Exec Addr    Load Addr    Size         Type   Attr      Idx    E Section Name        Object

    0x200002e0        -       0x00000c00   Zero   RW            1    ARM_LIB_HEAP.bss    anon$$obj.o


    Execution Region ARM_LIB_STACK (Exec base: 0x20007c00, Load base: 0x00007a88, Size: 0x00000400, Max: 0x00000400, ABSOLUTE)

    Exec Addr    Load Addr    Size         Type   Attr      Idx    E Section Name        Object

    0x20007c00        -       0x00000400   Zero   RW            2    ARM_LIB_STACK.bss   anon$$obj.o


==============================================================================

Image component sizes


      Code (inc. data)   RO Data    RW Data    ZI Data      Debug   Object Name

       680          6          0          0          0       4903   adclib.o
       454          0         74          0        256       3592   aducm430_setup.o
       970         30          0          0          0       5037   daclib.o
       204          0          0          0          0       4234   diolib.o
       310          0          0          0          8       3388   iramcode.o
      8518          0       1233         12        325      18804   main.o
       184          0       4848          0          0       1189   nano_lut_50ghz.o
      6692        294         67         14         92      13191   nanoitla.o
        36          0        960          0          0       1276   startup_aducm430.o
       206          0          4          4        960       4559   system_aducm430.o
       538          0          0          0          0       4055   urtlib.o
        52          0          0          0          0       2212   wdtlib.o

    ----------------------------------------------------------------------
     18920        330       7236         32       5748      66440   Object Totals
         0          0         48          0       4096          0   (incl. Generated)
        76          0          2          2         11          0   (incl. Padding)

    ----------------------------------------------------------------------

      Code (inc. data)   RO Data    RW Data    ZI Data      Debug   Library Member Name

        28          0          0          0          0         68   _chval.o
       158          0          0          0          0         92   _strtoul.o
        26          0          0          0          0         80   atoi.o
         8          4        133          0          0         68   ctype_o.o
         0          0          0          0          0          0   entry.o
         0          0          0          0          0          0   entry10a.o
         0          0          0          0          0          0   entry11a.o
         8          4          0          0          0          0   entry4.o
         4          0          0          0          0          0   entry5.o
         0          0          0          0          0          0   entry7b.o
         0          0          0          0          0          0   entry8b.o
         8          4          0          0          0          0   entry9a.o
         8          4          0          4          0         68   errno.o
        30          0          0          0          0          0   handlers.o
        48         10          0          0          0         68   init.o
         0          0          0          0          0          0   iusefp.o
        30          0          0          0          0         68   llshl.o
        36          0          0          0          0         68   llsshr.o
        32          0          0          0          0         68   llushr.o
      2312         92          0          0          0        600   printfa.o
        28          0          0          0          0         76   strcmp.o
        14          0          0          0          0         68   strlen.o
        68          6          0          4          0         80   strtok.o
       112          0          0          0          0         88   strtol.o
        44          0          0          0          0         80   uidiv.o
        98          0          0          0          0         92   uldiv.o
        48          0          0          0          0         68   cdrcmple.o
        56          0          0          0          0         88   d2f.o
       334          0          0          0          0        148   dadd.o
       222          0          0          0          0        100   ddiv.o
       186          0          0          0          0        176   depilogue.o
        62          0          0          0          0         80   dfixi.o
        48          0          0          0          0         68   dfixul.o
        34          0          0          0          0         76   dflti.o
        26          0          0          0          0         76   dfltui.o
       228          0          0          0          0         96   dmul.o
        38          0          0          0          0         68   f2d.o
       176          0          0          0          0        140   fadd.o
        28          0          0          0          0         68   fcmpge.o
        28          0          0          0          0         68   fcmple.o
       124          0          0          0          0         88   fdiv.o
       110          0          0          0          0        168   fepilogue.o
        50          0          0          0          0         68   ffixi.o
        18          0          0          0          0         68   fflti.o
        10          0          0          0          0         68   ffltui.o
       100          0          0          0          0         76   fmul.o

    ----------------------------------------------------------------------
      5032        124        140          8          0       3588   Library Totals
         6          0          7          0          0          0   (incl. Padding)

    ----------------------------------------------------------------------

      Code (inc. data)   RO Data    RW Data    ZI Data      Debug   Library Name

      3100        124        133          8          0       1732   mc_w.l
      1926          0          0          0          0       1856   mf_w.l

    ----------------------------------------------------------------------
      5032        124        140          8          0       3588   Library Totals

    ----------------------------------------------------------------------

==============================================================================


      Code (inc. data)   RO Data    RW Data    ZI Data      Debug   

     23952        454       7376         40       5748      68036   Grand Totals
     23952        454       7376         40       5748      68036   ELF Image Totals
     23952        454       7376         40          0          0   ROM Totals

==============================================================================

    Total RO  Size (Code + RO Data)                31328 (  30.59kB)
    Total RW  Size (RW Data + ZI Data)              5788 (   5.65kB)
    Total ROM Size (Code + RO Data + RW Data)      31368 (  30.63kB)

==============================================================================

