Component: Arm Compiler for Embedded 6.22 Tool: armlink [5ee90200]

==============================================================================

Section Cross References

    main.o(.ARM.exidx.text.delay) refers to main.o(.text.delay) for [Anonymous Symbol]
    main.o(.text.UART_Setup) refers to diolib.o(.text.DioCfgPin) for DioCfgPin
    main.o(.text.UART_Setup) refers to urtlib.o(.text.UrtCfg) for UrtCfg
    main.o(.text.UART_Setup) refers to urtlib.o(.text.UrtIntCfg) for UrtIntCfg
    main.o(.text.UART_Setup) refers to urtlib.o(.text.UrtFifoCfg) for UrtFifoCfg
    main.o(.text.UART_Setup) refers to main.o(.text.__NVIC_EnableIRQ) for __NVIC_EnableIRQ
    main.o(.ARM.exidx.text.UART_Setup) refers to main.o(.text.UART_Setup) for [Anonymous Symbol]
    main.o(.ARM.exidx.text.__NVIC_EnableIRQ) refers to main.o(.text.__NVIC_EnableIRQ) for [Anonymous Symbol]
    main.o(.ARM.exidx.text.PID_Init) refers to main.o(.text.PID_Init) for [Anonymous Symbol]
    main.o(.text.PID_Compute) refers to fadd.o(.text) for __aeabi_fsub
    main.o(.text.PID_Compute) refers to fmul.o(.text) for __aeabi_fmul
    main.o(.text.PID_Compute) refers to fcmple.o(.text) for __aeabi_fcmple
    main.o(.text.PID_Compute) refers to fcmpge.o(.text) for __aeabi_fcmpge
    main.o(.text.PID_Compute) refers to fdiv.o(.text) for __aeabi_fdiv
    main.o(.ARM.exidx.text.PID_Compute) refers to main.o(.text.PID_Compute) for [Anonymous Symbol]
    main.o(.ARM.exidx.text.time_0_init) refers to main.o(.text.time_0_init) for [Anonymous Symbol]
    main.o(.text.PLL_Interrupt_Init) refers to main.o(.text.__NVIC_EnableIRQ) for __NVIC_EnableIRQ
    main.o(.ARM.exidx.text.PLL_Interrupt_Init) refers to main.o(.text.PLL_Interrupt_Init) for [Anonymous Symbol]
    main.o(.text.AdcInit) refers to adclib.o(.text.AdcPowerDown) for AdcPowerDown
    main.o(.text.AdcInit) refers to adclib.o(.text.AdcSpeed) for AdcSpeed
    main.o(.text.AdcInit) refers to adclib.o(.text.AdcOverSampling) for AdcOverSampling
    main.o(.text.AdcInit) refers to adclib.o(.text.AdcPinExt) for AdcPinExt
    main.o(.text.AdcInit) refers to adclib.o(.text.AdcIntEn) for AdcIntEn
    main.o(.ARM.exidx.text.AdcInit) refers to main.o(.text.AdcInit) for [Anonymous Symbol]
    main.o(.text.Adc_read) refers to adclib.o(.text.AdcGo) for AdcGo
    main.o(.text.Adc_read) refers to main.o(.text.__NVIC_DisableIRQ) for __NVIC_DisableIRQ
    main.o(.text.Adc_read) refers to adclib.o(.text.AdcIntEn) for AdcIntEn
    main.o(.text.Adc_read) refers to adclib.o(.text.AdcPinExt) for AdcPinExt
    main.o(.text.Adc_read) refers to adclib.o(.text.AdcRd) for AdcRd
    main.o(.ARM.exidx.text.Adc_read) refers to main.o(.text.Adc_read) for [Anonymous Symbol]
    main.o(.ARM.exidx.text.__NVIC_DisableIRQ) refers to main.o(.text.__NVIC_DisableIRQ) for [Anonymous Symbol]
    main.o(.text.AdcIntTest) refers to main.o(.bss.dataCnt) for dataCnt
    main.o(.text.AdcIntTest) refers to adclib.o(.text.AdcIntEn) for AdcIntEn
    main.o(.text.AdcIntTest) refers to adclib.o(.text.AdcPinExt) for AdcPinExt
    main.o(.text.AdcIntTest) refers to main.o(.bss.conversionDone) for conversionDone
    main.o(.text.AdcIntTest) refers to main.o(.text.__NVIC_EnableIRQ) for __NVIC_EnableIRQ
    main.o(.text.AdcIntTest) refers to main.o(.bss.ucFirstIRQ) for ucFirstIRQ
    main.o(.text.AdcIntTest) refers to adclib.o(.text.AdcGo) for AdcGo
    main.o(.text.AdcIntTest) refers to main.o(.rodata.str1.1) for .L.str
    main.o(.text.AdcIntTest) refers to aducm430_setup.o(.text.UrtPrint) for UrtPrint
    main.o(.text.AdcIntTest) refers to main.o(.bss.AdcData) for AdcData
    main.o(.text.AdcIntTest) refers to main.o(.bss.AdcData16b) for AdcData16b
    main.o(.ARM.exidx.text.AdcIntTest) refers to main.o(.text.AdcIntTest) for [Anonymous Symbol]
    main.o(.text.MPD_read) refers to adclib.o(.text.AdcGo) for AdcGo
    main.o(.text.MPD_read) refers to main.o(.text.__NVIC_DisableIRQ) for __NVIC_DisableIRQ
    main.o(.text.MPD_read) refers to adclib.o(.text.AdcIntEn) for AdcIntEn
    main.o(.text.MPD_read) refers to adclib.o(.text.AdcPinExt) for AdcPinExt
    main.o(.text.MPD_read) refers to adclib.o(.text.AdcRd) for AdcRd
    main.o(.ARM.exidx.text.MPD_read) refers to main.o(.text.MPD_read) for [Anonymous Symbol]
    main.o(.text.WLPD_read) refers to adclib.o(.text.AdcGo) for AdcGo
    main.o(.text.WLPD_read) refers to main.o(.text.__NVIC_DisableIRQ) for __NVIC_DisableIRQ
    main.o(.text.WLPD_read) refers to adclib.o(.text.AdcIntEn) for AdcIntEn
    main.o(.text.WLPD_read) refers to adclib.o(.text.AdcPinExt) for AdcPinExt
    main.o(.text.WLPD_read) refers to adclib.o(.text.AdcRd) for AdcRd
    main.o(.ARM.exidx.text.WLPD_read) refers to main.o(.text.WLPD_read) for [Anonymous Symbol]
    main.o(.text.WMPD_read) refers to main.o(.text.__NVIC_DisableIRQ) for __NVIC_DisableIRQ
    main.o(.text.WMPD_read) refers to adclib.o(.text.AdcGo) for AdcGo
[...]
    c_handle_register                        0x00002215   Thumb Code  6214  nanoitla.o(.text.c_handle_register)
    [Anonymous Symbol]                       0x00002214   Section        0  nanoitla.o(.text.c_handle_register)
    clamp_i16                                0x00003a5d   Thumb Code    60  nanoitla.o(.text.clamp_i16)
    [Anonymous Symbol]                       0x00003a5c   Section        0  nanoitla.o(.text.clamp_i16)
    [Anonymous Symbol]                       0x00003a98   Section        0  main.o(.text.delay)
    dl_apply_config                          0x00003ad5   Thumb Code   522  nanoitla.o(.text.dl_apply_config)
    [Anonymous Symbol]                       0x00003ad4   Section        0  nanoitla.o(.text.dl_apply_config)
    dl_refresh_status                        0x00003ce1   Thumb Code   138  nanoitla.o(.text.dl_refresh_status)
    [Anonymous Symbol]                       0x00003ce0   Section        0  nanoitla.o(.text.dl_refresh_status)
    dl_set_flags_from_status                 0x00003d6d   Thumb Code    82  nanoitla.o(.text.dl_set_flags_from_status)
    [Anonymous Symbol]                       0x00003d6c   Section        0  nanoitla.o(.text.dl_set_flags_from_status)
    dl_tick                                  0x00003dc1   Thumb Code   222  nanoitla.o(.text.dl_tick)
    [Anonymous Symbol]                       0x00003dc0   Section        0  nanoitla.o(.text.dl_tick)
    ea_set                                   0x00003ea1   Thumb Code    28  nanoitla.o(.text.ea_set)
    [Anonymous Symbol]                       0x00003ea0   Section        0  nanoitla.o(.text.ea_set)
    ea_set_buf                               0x00003ebd   Thumb Code    76  nanoitla.o(.text.ea_set_buf)
    [Anonymous Symbol]                       0x00003ebc   Section        0  nanoitla.o(.text.ea_set_buf)
    freq_gx1e4                               0x00003f09   Thumb Code   246  nanoitla.o(.text.freq_gx1e4)
    [Anonymous Symbol]                       0x00003f08   Section        0  nanoitla.o(.text.freq_gx1e4)
    freq_th_mhz                              0x00004001   Thumb Code    30  nanoitla.o(.text.freq_th_mhz)
    [Anonymous Symbol]                       0x00004000   Section        0  nanoitla.o(.text.freq_th_mhz)
    handle_register_and_build_response       0x00004021   Thumb Code   462  nanoitla.o(.text.handle_register_and_build_response)
    [Anonymous Symbol]                       0x00004020   Section        0  nanoitla.o(.text.handle_register_and_build_response)
    [Anonymous Symbol]                       0x000041f0   Section        0  nanoitla.o(.text.itla_backend_dl_abort)
    [Anonymous Symbol]                       0x000041fc   Section        0  nanoitla.o(.text.itla_backend_dl_poll)
    [Anonymous Symbol]                       0x0000420c   Section        0  nanoitla.o(.text.itla_backend_dl_reset)
    [Anonymous Symbol]                       0x00004218   Section        0  nanoitla.o(.text.itla_backend_dl_start)
    [Anonymous Symbol]                       0x0000422c   Section        0  nanoitla.o(.text.itla_backend_get_caps97)
    [Anonymous Symbol]                       0x00004244   Section        0  nanoitla.o(.text.itla_handle_frame)
    last_freq_split                          0x00004351   Thumb Code   166  nanoitla.o(.text.last_freq_split)
    [Anonymous Symbol]                       0x00004350   Section        0  nanoitla.o(.text.last_freq_split)
    lf1_thz                                  0x000043f9   Thumb Code    30  nanoitla.o(.text.lf1_thz)
    [Anonymous Symbol]                       0x000043f8   Section        0  nanoitla.o(.text.lf1_thz)
    lf2_g10                                  0x00004419   Thumb Code    62  nanoitla.o(.text.lf2_g10)
    [Anonymous Symbol]                       0x00004418   Section        0  nanoitla.o(.text.lf2_g10)
    lf3_mhz                                  0x00004459   Thumb Code    88  nanoitla.o(.text.lf3_mhz)
    [Anonymous Symbol]                       0x00004458   Section        0  nanoitla.o(.text.lf3_mhz)
    lfh3_mhz                                 0x000044b1   Thumb Code   160  nanoitla.o(.text.lfh3_mhz)
    [Anonymous Symbol]                       0x000044b0   Section        0  nanoitla.o(.text.lfh3_mhz)
    lfl1_thz                                 0x00004551   Thumb Code    12  nanoitla.o(.text.lfl1_thz)
    [Anonymous Symbol]                       0x00004550   Section        0  nanoitla.o(.text.lfl1_thz)
    lfl2_g10                                 0x0000455d   Thumb Code    12  nanoitla.o(.text.lfl2_g10)
    [Anonymous Symbol]                       0x0000455c   Section        0  nanoitla.o(.text.lfl2_g10)
    lfl3_mhz                                 0x00004569   Thumb Code    12  nanoitla.o(.text.lfl3_mhz)
    [Anonymous Symbol]                       0x00004568   Section        0  nanoitla.o(.text.lfl3_mhz)
    load_caps97_once                         0x00004575   Thumb Code   110  nanoitla.o(.text.load_caps97_once)
    [Anonymous Symbol]                       0x00004574   Section        0  nanoitla.o(.text.load_caps97_once)
    [Anonymous Symbol]                       0x000045e4   Section        0  main.o(.text.main)
    mcb_adt_enabled                          0x00004969   Thumb Code    16  nanoitla.o(.text.mcb_adt_enabled)
    [Anonymous Symbol]                       0x00004968   Section        0  nanoitla.o(.text.mcb_adt_enabled)
    mcb_sdf_enabled                          0x00004979   Thumb Code    16  nanoitla.o(.text.mcb_sdf_enabled)
    [Anonymous Symbol]                       0x00004978   Section        0  nanoitla.o(.text.mcb_sdf_enabled)
    [Anonymous Symbol]                       0x00004988   Section        0  nano_lut_50ghz.o(.text.nano_apply_channel_from_lut)
    [Anonymous Symbol]                       0x00004a40   Section        0  nanoitla.o(.text.parse_inbound_frame)
    prep_currents_aea                        0x00004b05   Thumb Code   166  nanoitla.o(.text.prep_currents_aea)
    [Anonymous Symbol]                       0x00004b04   Section        0  nanoitla.o(.text.prep_currents_aea)
    prep_temps_aea                           0x00004bad   Thumb Code    92  nanoitla.o(.text.prep_temps_aea)
    [Anonymous Symbol]                       0x00004bac   Section        0  nanoitla.o(.text.prep_temps_aea)
    put_be16                                 0x00004c09   Thumb Code    36  nanoitla.o(.text.put_be16)
    [Anonymous Symbol]                       0x00004c08   Section        0  nanoitla.o(.text.put_be16)
    py_get_pending                           0x00004c2d   Thumb Code    28  nanoitla.o(.text.py_get_pending)
    [Anonymous Symbol]                       0x00004c2c   Section        0  nanoitla.o(.text.py_get_pending)
    py_get_srq                               0x00004c49   Thumb Code    28  nanoitla.o(.text.py_get_srq)
    [Anonymous Symbol]                       0x00004c48   Section        0  nanoitla.o(.text.py_get_srq)
    resena_apply_write                       0x00004c65   Thumb Code   196  nanoitla.o(.text.resena_apply_write)
    [Anonymous Symbol]                       0x00004c64   Section        0  nanoitla.o(.text.resena_apply_write)
    resena_output_enabled                    0x00004d29   Thumb Code    22  nanoitla.o(.text.resena_output_enabled)
    [Anonymous Symbol]                       0x00004d28   Section        0  nanoitla.o(.text.resena_output_enabled)
    set_busy                                 0x00004d41   Thumb Code    26  nanoitla.o(.text.set_busy)
    [Anonymous Symbol]                       0x00004d40   Section        0  nanoitla.o(.text.set_busy)
    status_clear_by_host                     0x00004d5d   Thumb Code   118  nanoitla.o(.text.status_clear_by_host)
    [Anonymous Symbol]                       0x00004d5c   Section        0  nanoitla.o(.text.status_clear_by_host)
    status_latch_comm_error                  0x00004dd5   Thumb Code    18  nanoitla.o(.text.status_latch_comm_error)
    [Anonymous Symbol]                       0x00004dd4   Section        0  nanoitla.o(.text.status_latch_comm_error)
    status_latch_exec_error                  0x00004de9   Thumb Code    18  nanoitla.o(.text.status_latch_exec_error)
    [Anonymous Symbol]                       0x00004de8   Section        0  nanoitla.o(.text.status_latch_exec_error)
    status_refresh                           0x00004dfd   Thumb Code  1904  nanoitla.o(.text.status_refresh)
    [Anonymous Symbol]                       0x00004dfc   Section        0  nanoitla.o(.text.status_refresh)
    tick_pending                             0x0000556d   Thumb Code    48  nanoitla.o(.text.tick_pending)
    [Anonymous Symbol]                       0x0000556c   Section        0  nanoitla.o(.text.tick_pending)
    [Anonymous Symbol]                       0x0000559c   Section        0  main.o(.text.time_0_init)
    uart1_init                               0x000055c1   Thumb Code    64  main.o(.text.uart1_init)
    [Anonymous Symbol]                       0x000055c0   Section        0  main.o(.text.uart1_init)
    uart1_write_bytes                        0x00005601   Thumb Code    70  main.o(.text.uart1_write_bytes)
    [Anonymous Symbol]                       0x00005600   Section        0  main.o(.text.uart1_write_bytes)
    i.__0sprintf                             0x00005648   Section        0  printfa.o(i.__0sprintf)
    i.__0vsprintf                            0x00005670   Section        0  printfa.o(i.__0vsprintf)
    i.__scatterload_copy                     0x00005694   Section       14  handlers.o(i.__scatterload_copy)
    i.__scatterload_zeroinit                 0x000056a2   Section       14  handlers.o(i.__scatterload_zeroinit)
    _fp_digits                               0x000056b1   Thumb Code   366  printfa.o(i._fp_digits)
    i._fp_digits                             0x000056b0   Section        0  printfa.o(i._fp_digits)
    _printf_core                             0x00005835   Thumb Code  1744  printfa.o(i._printf_core)
    i._printf_core                           0x00005834   Section        0  printfa.o(i._printf_core)
    _printf_post_padding                     0x00005f11   Thumb Code    36  printfa.o(i._printf_post_padding)
    i._printf_post_padding                   0x00005f10   Section        0  printfa.o(i._printf_post_padding)
    _printf_pre_padding                      0x00005f35   Thumb Code    46  printfa.o(i._printf_pre_padding)
    i._printf_pre_padding                    0x00005f34   Section        0  printfa.o(i._printf_pre_padding)
    _sputc                                   0x00005f63   Thumb Code    10  printfa.o(i._sputc)
    i._sputc                                 0x00005f62   Section        0  printfa.o(i._sputc)
    s_devtyp                                 0x00007260   Data           8  nanoitla.o(.rodata.s_devtyp)
    [Anonymous Symbol]                       0x00007260   Section        0  nanoitla.o(.rodata.s_devtyp)
    s_mfgdate                                0x00007268   Data          11  nanoitla.o(.rodata.s_mfgdate)
    [Anonymous Symbol]                       0x00007268   Section        0  nanoitla.o(.rodata.s_mfgdate)
    s_mfgr                                   0x00007273   Data          16  nanoitla.o(.rodata.s_mfgr)
    [Anonymous Symbol]                       0x00007273   Section        0  nanoitla.o(.rodata.s_mfgr)
    s_model                                  0x00007283   Data          10  nanoitla.o(.rodata.s_model)
    [Anonymous Symbol]                       0x00007283   Section        0  nanoitla.o(.rodata.s_model)
    s_release                                0x0000728d   Data           6  nanoitla.o(.rodata.s_release)
    [Anonymous Symbol]                       0x0000728d   Section        0  nanoitla.o(.rodata.s_release)
    s_serno                                  0x00007293   Data          10  nanoitla.o(.rodata.s_serno)
    [Anonymous Symbol]                       0x00007293   Section        0  nanoitla.o(.rodata.s_serno)
    .L.str                                   0x0000729d   Data          43  main.o(.rodata.str1.1)
    [Anonymous Symbol]                       0x0000729d   Section        0  main.o(.rodata.str1.1)
    .L.str.2                                 0x000072c8   Data          17  main.o(.rodata.str1.1)
    .L.str.1                                 0x000072d9   Data          20  main.o(.rodata.str1.1)
    .L.str.3                                 0x000072ed   Data           2  main.o(.rodata.str1.1)
    .L.str.3                                 0x000072ef   Data          12  aducm430_setup.o(.rodata.str1.1)
    [Anonymous Symbol]                       0x000072ef   Section        0  aducm430_setup.o(.rodata.str1.1)
    .L.str.2                                 0x000072fb   Data          15  aducm430_setup.o(.rodata.str1.1)
    .L.str.1                                 0x0000730a   Data          25  aducm430_setup.o(.rodata.str1.1)
    .L.str                                   0x00007323   Data          22  aducm430_setup.o(.rodata.str1.1)
    __tagsym$$used.1                         0x10000000   Number         0  system_aducm430.o(.bss.IRAM_IVT)
    [Anonymous Symbol]                       0x10000400   Section        0  iramcode.o(.IRAM_INTERRUPT)
    st_ALMT                                  0x20000008   Data           2  nanoitla.o(.data.st_ALMT)
    [Anonymous Symbol]                       0x20000008   Section        0  nanoitla.o(.data.st_ALMT)
    st_CTemp                                 0x2000000a   Data           2  nanoitla.o(.data.st_CTemp)
    [Anonymous Symbol]                       0x2000000a   Section        0  nanoitla.o(.data.st_CTemp)
    st_DitherR                               0x2000000c   Data           2  nanoitla.o(.data.st_DitherR)
    [Anonymous Symbol]                       0x2000000c   Section        0  nanoitla.o(.data.st_DitherR)
    st_FCF1_THz                              0x2000000e   Data           2  nanoitla.o(.data.st_FCF1_THz)
    [Anonymous Symbol]                       0x2000000e   Section        0  nanoitla.o(.data.st_FCF1_THz)
    st_FCF2_G10                              0x20000010   Data           2  nanoitla.o(.data.st_FCF2_G10)
    [Anonymous Symbol]                       0x20000010   Section        0  nanoitla.o(.data.st_FCF2_G10)
    st_FTFR_MHz                              0x20000012   Data           2  nanoitla.o(.data.st_FTFR_MHz)
    [Anonymous Symbol]                       0x20000012   Section        0  nanoitla.o(.data.st_FTFR_MHz)
    st_FatalT                                0x20000014   Data           2  nanoitla.o(.data.st_FatalT)
    [Anonymous Symbol]                       0x20000014   Section        0  nanoitla.o(.data.st_FatalT)
    st_GRID                                  0x20000016   Data           2  nanoitla.o(.data.st_GRID)
    [Anonymous Symbol]                       0x20000016   Section        0  nanoitla.o(.data.st_GRID)
    st_LGrid10                               0x20000018   Data           2  nanoitla.o(.data.st_LGrid10)
    [Anonymous Symbol]                       0x20000018   Section        0  nanoitla.o(.data.st_LGrid10)
    st_MCB                                   0x2000001a   Data           2  nanoitla.o(.data.st_MCB)
    [Anonymous Symbol]                       0x2000001a   Section        0  nanoitla.o(.data.st_MCB)
    st_OPSH                                  0x2000001c   Data           2  nanoitla.o(.data.st_OPSH)
    [Anonymous Symbol]                       0x2000001c   Section        0  nanoitla.o(.data.st_OPSH)
    st_SRQ_MASK                              0x2000001e   Data           2  nanoitla.o(.data.st_SRQ_MASK)
    [Anonymous Symbol]                       0x2000001e   Section        0  nanoitla.o(.data.st_SRQ_MASK)
    st_TBTFH                                 0x20000020   Data           2  nanoitla.o(.data.st_TBTFH)
    [Anonymous Symbol]                       0x20000020   Section        0  nanoitla.o(.data.st_TBTFH)
    st_TBTFL                                 0x20000022   Data           2  nanoitla.o(.data.st_TBTFL)
    [Anonymous Symbol]                       0x20000022   Section        0  nanoitla.o(.data.st_TBTFL)
    aea_currents_payload                     0x20000178   Data           8  nanoitla.o(.bss.aea_currents_payload)
    [Anonymous Symbol]                       0x20000178   Section        0  nanoitla.o(.bss.aea_currents_payload)
    aea_idx                                  0x20000180   Data           4  nanoitla.o(.bss.aea_idx)
    [Anonymous Symbol]                       0x20000180   Section        0  nanoitla.o(.bss.aea_idx)
    aea_temps_payload                        0x20000184   Data           4  nanoitla.o(.bss.aea_temps_payload)
    [Anonymous Symbol]                       0x20000184   Section        0  nanoitla.o(.bss.aea_temps_payload)
    ea_buf                                   0x20000198   Data           4  nanoitla.o(.bss.ea_buf)
    [Anonymous Symbol]                       0x20000198   Section        0  nanoitla.o(.bss.ea_buf)
    ea_len                                   0x2000019c   Data           4  nanoitla.o(.bss.ea_len)
    [Anonymous Symbol]                       0x2000019c   Section        0  nanoitla.o(.bss.ea_len)
    g_direct_ctrl_mode                       0x200001a0   Data           1  nanoitla.o(.bss.g_direct_ctrl_mode)
    [Anonymous Symbol]                       0x200001a0   Section        0  nanoitla.o(.bss.g_direct_ctrl_mode)
    g_last_error                             0x200001a8   Data           1  nanoitla.o(.bss.g_last_error)
    [Anonymous Symbol]                       0x200001a8   Section        0  nanoitla.o(.bss.g_last_error)
    g_last_resp                              0x200001aa   Data           6  nanoitla.o(.bss.g_last_resp)
    [Anonymous Symbol]                       0x200001aa   Section        0  nanoitla.o(.bss.g_last_resp)
    main.pd_sample_div                       0x200001dc   Data           4  main.o(.bss.main.pd_sample_div)
    [Anonymous Symbol]                       0x200001dc   Section        0  main.o(.bss.main.pd_sample_div)
    man_idx                                  0x200001e0   Data           4  nanoitla.o(.bss.man_idx)
    [Anonymous Symbol]                       0x200001e0   Section        0  nanoitla.o(.bss.man_idx)
    pending_cnt                              0x200001e4   Data           4  nanoitla.o(.bss.pending_cnt)
    [Anonymous Symbol]                       0x200001e4   Section        0  nanoitla.o(.bss.pending_cnt)
    printBuffer                              0x200001e8   Data         128  main.o(.bss.printBuffer)
    [Anonymous Symbol]                       0x200001e8   Section        0  main.o(.bss.printBuffer)
    st_AEA_EA                                0x20000268   Data           2  nanoitla.o(.bss.st_AEA_EA)
    [Anonymous Symbol]                       0x20000268   Section        0  nanoitla.o(.bss.st_AEA_EA)
    st_AEA_EAC                               0x2000026a   Data           2  nanoitla.o(.bss.st_AEA_EAC)
    [Anonymous Symbol]                       0x2000026a   Section        0  nanoitla.o(.bss.st_AEA_EAC)
    st_Age                                   0x2000026c   Data           2  nanoitla.o(.bss.st_Age)
    [Anonymous Symbol]                       0x2000026c   Section        0  nanoitla.o(.bss.st_Age)
    st_BIAS_raw                              0x2000026e   Data           2  nanoitla.o(.bss.st_BIAS_raw)
    [Anonymous Symbol]                       0x2000026e   Section        0  nanoitla.o(.bss.st_BIAS_raw)
    st_CHANNEL                               0x20000270   Data           2  nanoitla.o(.bss.st_CHANNEL)
    [Anonymous Symbol]                       0x20000270   Section        0  nanoitla.o(.bss.st_CHANNEL)
    st_CHANNELH                              0x20000272   Data           2  nanoitla.o(.bss.st_CHANNELH)
    [Anonymous Symbol]                       0x20000272   Section        0  nanoitla.o(.bss.st_CHANNELH)
    st_CHANNELH_pending                      0x20000274   Data           1  nanoitla.o(.bss.st_CHANNELH_pending)
    [Anonymous Symbol]                       0x20000274   Section        0  nanoitla.o(.bss.st_CHANNELH_pending)
    st_CHANNELH_staged                       0x20000276   Data           2  nanoitla.o(.bss.st_CHANNELH_staged)
    [Anonymous Symbol]                       0x20000276   Section        0  nanoitla.o(.bss.st_CHANNELH_staged)
    st_DLConfig                              0x20000278   Data           2  nanoitla.o(.bss.st_DLConfig)
    [Anonymous Symbol]                       0x20000278   Section        0  nanoitla.o(.bss.st_DLConfig)
    st_DLStatus                              0x2000027a   Data           2  nanoitla.o(.bss.st_DLStatus)
    [Anonymous Symbol]                       0x2000027a   Section        0  nanoitla.o(.bss.st_DLStatus)
    st_DitherA                               0x2000027c   Data           2  nanoitla.o(.bss.st_DitherA)
    [Anonymous Symbol]                       0x2000027c   Section        0  nanoitla.o(.bss.st_DitherA)
    st_DitherE                               0x2000027e   Data           2  nanoitla.o(.bss.st_DitherE)
    [Anonymous Symbol]                       0x2000027e   Section        0  nanoitla.o(.bss.st_DitherE)
    st_DitherF                               0x20000280   Data           2  nanoitla.o(.bss.st_DitherF)
    [Anonymous Symbol]                       0x20000280   Section        0  nanoitla.o(.bss.st_DitherF)
    st_EA                                    0x20000282   Data           2  nanoitla.o(.bss.st_EA)
    [Anonymous Symbol]                       0x20000282   Section        0  nanoitla.o(.bss.st_EA)
    st_EAC                                   0x20000284   Data           2  nanoitla.o(.bss.st_EAC)
    [Anonymous Symbol]                       0x20000284   Section        0  nanoitla.o(.bss.st_EAC)
    st_FAgeTh                                0x20000286   Data           2  nanoitla.o(.bss.st_FAgeTh)
    [Anonymous Symbol]                       0x20000286   Section        0  nanoitla.o(.bss.st_FAgeTh)
    st_FCF3_MHz                              0x20000288   Data           2  nanoitla.o(.bss.st_FCF3_MHz)
    [Anonymous Symbol]                       0x20000288   Section        0  nanoitla.o(.bss.st_FCF3_MHz)
    st_FFreqTh                               0x2000028a   Data           2  nanoitla.o(.bss.st_FFreqTh)
    [Anonymous Symbol]                       0x2000028a   Section        0  nanoitla.o(.bss.st_FFreqTh)
    st_FFreqTh2                              0x2000028c   Data           2  nanoitla.o(.bss.st_FFreqTh2)
    [Anonymous Symbol]                       0x2000028c   Section        0  nanoitla.o(.bss.st_FFreqTh2)
    st_FPowTh                                0x2000028e   Data           2  nanoitla.o(.bss.st_FPowTh)
    [Anonymous Symbol]                       0x2000028e   Section        0  nanoitla.o(.bss.st_FPowTh)
    st_FTF_MHz                               0x20000290   Data           2  nanoitla.o(.bss.st_FTF_MHz)
    [Anonymous Symbol]                       0x20000290   Section        0  nanoitla.o(.bss.st_FTF_MHz)
    st_FThermTh                              0x20000292   Data           2  nanoitla.o(.bss.st_FThermTh)
    [Anonymous Symbol]                       0x20000292   Section        0  nanoitla.o(.bss.st_FThermTh)
    st_GRID2                                 0x20000294   Data           2  nanoitla.o(.bss.st_GRID2)
    [Anonymous Symbol]                       0x20000294   Section        0  nanoitla.o(.bss.st_GRID2)
    st_GenCfg                                0x20000296   Data           2  nanoitla.o(.bss.st_GenCfg)
    [Anonymous Symbol]                       0x20000296   Section        0  nanoitla.o(.bss.st_GenCfg)
    st_IOCap                                 0x20000298   Data           2  nanoitla.o(.bss.st_IOCap)
    [Anonymous Symbol]                       0x20000298   Section        0  nanoitla.o(.bss.st_IOCap)
    st_LGrid2_MHz                            0x2000029a   Data           2  nanoitla.o(.bss.st_LGrid2_MHz)
    [Anonymous Symbol]                       0x2000029a   Section        0  nanoitla.o(.bss.st_LGrid2_MHz)
    st_OOP                                   0x2000029c   Data           2  nanoitla.o(.bss.st_OOP)
    [Anonymous Symbol]                       0x2000029c   Section        0  nanoitla.o(.bss.st_OOP)
    st_OPSL                                  0x2000029e   Data           2  nanoitla.o(.bss.st_OPSL)
    [Anonymous Symbol]                       0x2000029e   Section        0  nanoitla.o(.bss.st_OPSL)
    st_PWR                                   0x200002a0   Data           2  nanoitla.o(.bss.st_PWR)
    [Anonymous Symbol]                       0x200002a0   Section        0  nanoitla.o(.bss.st_PWR)
    st_ResEna                                0x200002a2   Data           2  nanoitla.o(.bss.st_ResEna)
    [Anonymous Symbol]                       0x200002a2   Section        0  nanoitla.o(.bss.st_ResEna)
    st_SOA_centi                             0x200002a4   Data           2  nanoitla.o(.bss.st_SOA_centi)
    [Anonymous Symbol]                       0x200002a4   Section        0  nanoitla.o(.bss.st_SOA_centi)
    st_StatusF                               0x200002a6   Data           2  nanoitla.o(.bss.st_StatusF)
    [Anonymous Symbol]                       0x200002a6   Section        0  nanoitla.o(.bss.st_StatusF)
    st_StatusW                               0x200002a8   Data           2  nanoitla.o(.bss.st_StatusW)
    [Anonymous Symbol]                       0x200002a8   Section        0  nanoitla.o(.bss.st_StatusW)
    st_TEC_raw                               0x200002aa   Data           2  nanoitla.o(.bss.st_TEC_raw)
    [Anonymous Symbol]                       0x200002aa   Section        0  nanoitla.o(.bss.st_TEC_raw)
    st_TUNER_PHASE_centi                     0x200002ac   Data           2  nanoitla.o(.bss.st_TUNER_PHASE_centi)
    [Anonymous Symbol]                       0x200002ac   Section        0  nanoitla.o(.bss.st_TUNER_PHASE_centi)
    st_TUNER_RING1_centi                     0x200002ae   Data           2  nanoitla.o(.bss.st_TUNER_RING1_centi)
    [Anonymous Symbol]                       0x200002ae   Section        0  nanoitla.o(.bss.st_TUNER_RING1_centi)
    st_TUNER_RING2_centi                     0x200002b0   Data           2  nanoitla.o(.bss.st_TUNER_RING2_centi)
    [Anonymous Symbol]                       0x200002b0   Section        0  nanoitla.o(.bss.st_TUNER_RING2_centi)
    st_WAgeTh                                0x200002b2   Data           2  nanoitla.o(.bss.st_WAgeTh)
    [Anonymous Symbol]                       0x200002b2   Section        0  nanoitla.o(.bss.st_WAgeTh)
    st_WFreqTh                               0x200002b4   Data           2  nanoitla.o(.bss.st_WFreqTh)
    [Anonymous Symbol]                       0x200002b4   Section        0  nanoitla.o(.bss.st_WFreqTh)
    st_WFreqTh2                              0x200002b6   Data           2  nanoitla.o(.bss.st_WFreqTh2)
    [Anonymous Symbol]                       0x200002b6   Section        0  nanoitla.o(.bss.st_WFreqTh2)
    st_WPowTh                                0x200002b8   Data           2  nanoitla.o(.bss.st_WPowTh)
    [Anonymous Symbol]                       0x200002b8   Section        0  nanoitla.o(.bss.st_WPowTh)
    st_WThermTh                              0x200002ba   Data           2  nanoitla.o(.bss.st_WThermTh)
    [Anonymous Symbol]                       0x200002ba   Section        0  nanoitla.o(.bss.st_WThermTh)
    st_busy                                  0x200002bc   Data           1  nanoitla.o(.bss.st_busy)
    [Anonymous Symbol]                       0x200002bc   Section        0  nanoitla.o(.bss.st_busy)
    st_caps97_loaded                         0x200002bd   Data           1  nanoitla.o(.bss.st_caps97_loaded)
    [Anonymous Symbol]                       0x200002bd   Section        0  nanoitla.o(.bss.st_caps97_loaded)
    st_comm_latched                          0x200002be   Data           2  nanoitla.o(.bss.st_comm_latched)
    [Anonymous Symbol]                       0x200002be   Section        0  nanoitla.o(.bss.st_comm_latched)
    st_dl_abort                              0x200002c0   Data           1  nanoitla.o(.bss.st_dl_abort)
    [Anonymous Symbol]                       0x200002c0   Section        0  nanoitla.o(.bss.st_dl_abort)
    st_dl_backend_active                     0x200002c1   Data           1  nanoitla.o(.bss.st_dl_backend_active)
    [Anonymous Symbol]                       0x200002c1   Section        0  nanoitla.o(.bss.st_dl_backend_active)
    st_dl_busy                               0x200002c2   Data           1  nanoitla.o(.bss.st_dl_busy)
    [Anonymous Symbol]                       0x200002c2   Section        0  nanoitla.o(.bss.st_dl_busy)
    st_dl_done                               0x200002c3   Data           1  nanoitla.o(.bss.st_dl_done)
    [Anonymous Symbol]                       0x200002c3   Section        0  nanoitla.o(.bss.st_dl_done)
    st_dl_fail                               0x200002c4   Data           1  nanoitla.o(.bss.st_dl_fail)
    [Anonymous Symbol]                       0x200002c4   Section        0  nanoitla.o(.bss.st_dl_fail)
    st_dl_ticks                              0x200002c5   Data           1  nanoitla.o(.bss.st_dl_ticks)
    [Anonymous Symbol]                       0x200002c5   Section        0  nanoitla.o(.bss.st_dl_ticks)
    st_fatal_latched                         0x200002c6   Data           2  nanoitla.o(.bss.st_fatal_latched)
    [Anonymous Symbol]                       0x200002c6   Section        0  nanoitla.o(.bss.st_fatal_latched)
    st_tbtf_violate_count                    0x200002c8   Data           1  nanoitla.o(.bss.st_tbtf_violate_count)
    [Anonymous Symbol]                       0x200002c8   Section        0  nanoitla.o(.bss.st_tbtf_violate_count)
    st_warn_latched                          0x200002ca   Data           2  nanoitla.o(.bss.st_warn_latched)
    [Anonymous Symbol]                       0x200002ca   Section        0  nanoitla.o(.bss.st_warn_latched)

    Global Symbols

    Symbol Name                              Value     Ov Type        Size  Object(Section)

    BuildAttributes$$THM_ISAv4$P$D$K$B$S$PE$A:L22UL41UL21$X:L11$S22US41US21$IEEE1$IW$USESV6$~STKCKD$USESV7$WCHAR32$ENUMINT$~SHL$OTIME$ROPI$MICROLIB$REQ8$PRES8$EABIv2 0x00000000   Number         0  anon$$obj.o ABSOLUTE
    __Vectors                                0x00000000   Data         960  startup_aducm430.o(RESET)
    __cpp_initialize__aeabi_                  - Undefined Weak Reference
    __cxa_finalize                            - Undefined Weak Reference
    __decompress                              - Undefined Weak Reference
    _clock_init                               - Undefined Weak Reference
    _microlib_exit                            - Undefined Weak Reference
    __main                                   0x000003c1   Thumb Code     0  entry.o(.ARM.Collect$$$$00000000)
    _main_stk                                0x000003c1   Thumb Code     0  entry4.o(.ARM.Collect$$$$00000003)
    _main_scatterload                        0x000003c5   Thumb Code     0  entry5.o(.ARM.Collect$$$$00000004)
    __main_after_scatterload                 0x000003c9   Thumb Code     0  entry5.o(.ARM.Collect$$$$00000004)
    _main_clock                              0x000003c9   Thumb Code     0  entry7b.o(.ARM.Collect$$$$00000008)
    _main_cpp_init                           0x000003c9   Thumb Code     0  entry8b.o(.ARM.Collect$$$$0000000A)
    _main_init                               0x000003c9   Thumb Code     0  entry9a.o(.ARM.Collect$$$$0000000B)
    __rt_final_cpp                           0x000003d1   Thumb Code     0  entry10a.o(.ARM.Collect$$$$0000000D)
    __rt_final_exit                          0x000003d1   Thumb Code     0  entry11a.o(.ARM.Collect$$$$0000000F)
    __aeabi_uldivmod                         0x000003d5   Thumb Code    98  uldiv.o(.text)
    strlen                                   0x00000437   Thumb Code    14  strlen.o(.text)
    __aeabi_fadd                             0x00000445   Thumb Code   164  fadd.o(.text)
    __aeabi_fsub                             0x000004e9   Thumb Code     6  fadd.o(.text)
    __aeabi_frsub                            0x000004ef   Thumb Code     6  fadd.o(.text)
    __aeabi_fmul                             0x000004f5   Thumb Code   100  fmul.o(.text)
    __aeabi_fdiv                             0x00000559   Thumb Code   124  fdiv.o(.text)
    __aeabi_dadd                             0x000005d5   Thumb Code   322  dadd.o(.text)
    __aeabi_dsub                             0x00000717   Thumb Code     6  dadd.o(.text)
    __aeabi_drsub                            0x0000071d   Thumb Code     6  dadd.o(.text)
    __aeabi_dmul                             0x00000723   Thumb Code   228  dmul.o(.text)
    __aeabi_ddiv                             0x00000807   Thumb Code   222  ddiv.o(.text)
    __aeabi_fcmple                           0x000008e5   Thumb Code    28  fcmple.o(.text)
    __aeabi_fcmpge                           0x00000901   Thumb Code    28  fcmpge.o(.text)
    __aeabi_i2f                              0x0000091d   Thumb Code    18  fflti.o(.text)
    __aeabi_f2iz                             0x0000092f   Thumb Code    50  ffixi.o(.text)
    __aeabi_d2iz                             0x00000961   Thumb Code    62  dfixi.o(.text)
    __aeabi_f2d                              0x0000099f   Thumb Code    38  f2d.o(.text)
    __aeabi_d2f                              0x000009c5   Thumb Code    56  d2f.o(.text)
    __aeabi_uidiv                            0x000009fd   Thumb Code     0  uidiv.o(.text)
    __aeabi_uidivmod                         0x000009fd   Thumb Code    44  uidiv.o(.text)
    __aeabi_llsl                             0x00000a29   Thumb Code    30  llshl.o(.text)
    _ll_shift_l                              0x00000a29   Thumb Code     0  llshl.o(.text)
    __aeabi_llsr                             0x00000a47   Thumb Code    32  llushr.o(.text)
    _ll_ushift_r                             0x00000a47   Thumb Code     0  llushr.o(.text)
    __aeabi_lasr                             0x00000a67   Thumb Code    36  llsshr.o(.text)
    _ll_sshift_r                             0x00000a67   Thumb Code     0  llsshr.o(.text)
    __I$use$fp                               0x00000a8b   Thumb Code     0  iusefp.o(.text)
    _float_round                             0x00000a8b   Thumb Code    18  fepilogue.o(.text)
    _float_epilogue                          0x00000a9d   Thumb Code    92  fepilogue.o(.text)
    _double_round                            0x00000af9   Thumb Code    30  depilogue.o(.text)
    _double_epilogue                         0x00000b17   Thumb Code   156  depilogue.o(.text)
    __aeabi_d2ulz                            0x00000bb3   Thumb Code    48  dfixul.o(.text)
    __aeabi_cdrcmple                         0x00000be5   Thumb Code    48  cdrcmple.o(.text)
    __scatterload                            0x00000c15   Thumb Code    38  init.o(.text)
    __scatterload_rt2                        0x00000c15   Thumb Code     0  init.o(.text)
    ADuCM430Setup                            0x00000c45   Thumb Code   330  aducm430_setup.o(.text.ADuCM430Setup)
    AdcGo                                    0x00000d91   Thumb Code    56  adclib.o(.text.AdcGo)
    AdcInit                                  0x00000dc9   Thumb Code    44  main.o(.text.AdcInit)
    AdcIntEn                                 0x00000df5   Thumb Code    56  adclib.o(.text.AdcIntEn)
    AdcOverSampling                          0x00000e2d   Thumb Code   276  adclib.o(.text.AdcOverSampling)
    AdcPinExt                                0x00000f41   Thumb Code    20  adclib.o(.text.AdcPinExt)
    AdcPowerDown                             0x00000f55   Thumb Code    88  adclib.o(.text.AdcPowerDown)
    AdcRd                                    0x00000fad   Thumb Code    44  adclib.o(.text.AdcRd)
    BusFault_Handler                         0x00000fd9   Thumb Code     4  startup_aducm430.o(.text.Default_Handler)
    COMP0_Int_Handler                        0x00000fd9   Thumb Code     4  startup_aducm430.o(.text.Default_Handler)
    COMP1_Int_Handler                        0x00000fd9   Thumb Code     4  startup_aducm430.o(.text.Default_Handler)
    COMP2_Int_Handler                        0x00000fd9   Thumb Code     4  startup_aducm430.o(.text.Default_Handler)
    COMP3_Int_Handler                        0x00000fd9   Thumb Code     4  startup_aducm430.o(.text.Default_Handler)
    DIGCOMP0_Int_Handler                     0x00000fd9   Thumb Code     4  startup_aducm430.o(.text.Default_Handler)
    DIGCOMP1_Int_Handler                     0x00000fd9   Thumb Code     4  startup_aducm430.o(.text.Default_Handler)
    DIGCOMP2_Int_Handler                     0x00000fd9   Thumb Code     4  startup_aducm430.o(.text.Default_Handler)
    DIGCOMP3_Int_Handler                     0x00000fd9   Thumb Code     4  startup_aducm430.o(.text.Default_Handler)
    DMA_ADC_Int_Handler                      0x00000fd9   Thumb Code     4  startup_aducm430.o(.text.Default_Handler)
    DMA_Err_Int_Handler                      0x00000fd9   Thumb Code     4  startup_aducm430.o(.text.Default_Handler)
    DMA_Flash0_Int_Handler                   0x00000fd9   Thumb Code     4  startup_aducm430.o(.text.Default_Handler)
    DMA_Flash1_Int_Handler                   0x00000fd9   Thumb Code     4  startup_aducm430.o(.text.Default_Handler)
    DMA_I2C0_MTX_Int_Handler                 0x00000fd9   Thumb Code     4  startup_aducm430.o(.text.Default_Handler)
    DMA_I2C0_SRX_Int_Handler                 0x00000fd9   Thumb Code     4  startup_aducm430.o(.text.Default_Handler)
    DMA_I2C0_STX_Int_Handler                 0x00000fd9   Thumb Code     4  startup_aducm430.o(.text.Default_Handler)
    DMA_I2C1_MTX_Int_Handler                 0x00000fd9   Thumb Code     4  startup_aducm430.o(.text.Default_Handler)
    DMA_I2C1_SRX_Int_Handler                 0x00000fd9   Thumb Code     4  startup_aducm430.o(.text.Default_Handler)
    DMA_I2C1_STX_Int_Handler                 0x00000fd9   Thumb Code     4  startup_aducm430.o(.text.Default_Handler)
    DMA_MDIO_RX_Int_Handler                  0x00000fd9   Thumb Code     4  startup_aducm430.o(.text.Default_Handler)
    DMA_MDIO_TX_Int_Handler                  0x00000fd9   Thumb Code     4  startup_aducm430.o(.text.Default_Handler)
    DMA_SPI0_RX_Int_Handler                  0x00000fd9   Thumb Code     4  startup_aducm430.o(.text.Default_Handler)
    DMA_SPI0_TX_Int_Handler                  0x00000fd9   Thumb Code     4  startup_aducm430.o(.text.Default_Handler)
    DMA_SPI1_RX_Int_Handler                  0x00000fd9   Thumb Code     4  startup_aducm430.o(.text.Default_Handler)
    DMA_SPI1_TX_Int_Handler                  0x00000fd9   Thumb Code     4  startup_aducm430.o(.text.Default_Handler)
    DMA_TRIG0_Int_Handler                    0x00000fd9   Thumb Code     4  startup_aducm430.o(.text.Default_Handler)
    DMA_TRIG1_Int_Handler                    0x00000fd9   Thumb Code     4  startup_aducm430.o(.text.Default_Handler)
    DMA_UART_RX_Int_Handler                  0x00000fd9   Thumb Code     4  startup_aducm430.o(.text.Default_Handler)
    DMA_UART_TX_Int_Handler                  0x00000fd9   Thumb Code     4  startup_aducm430.o(.text.Default_Handler)
    DebugMon_Handler                         0x00000fd9   Thumb Code     4  startup_aducm430.o(.text.Default_Handler)
    Default_Handler                          0x00000fd9   Thumb Code     4  startup_aducm430.o(.text.Default_Handler)
    Ext_Int0_Handler                         0x00000fd9   Thumb Code     4  startup_aducm430.o(.text.Default_Handler)
    Ext_Int1_Handler                         0x00000fd9   Thumb Code     4  startup_aducm430.o(.text.Default_Handler)
    Ext_Int2_Handler                         0x00000fd9   Thumb Code     4  startup_aducm430.o(.text.Default_Handler)
    Ext_Int3_Handler                         0x00000fd9   Thumb Code     4  startup_aducm430.o(.text.Default_Handler)
    Ext_Int4_Handler                         0x00000fd9   Thumb Code     4  startup_aducm430.o(.text.Default_Handler)
    Ext_Int5_Handler                         0x00000fd9   Thumb Code     4  startup_aducm430.o(.text.Default_Handler)
    Ext_Int6_Handler                         0x00000fd9   Thumb Code     4  startup_aducm430.o(.text.Default_Handler)
    Ext_Int7_Handler                         0x00000fd9   Thumb Code     4  startup_aducm430.o(.text.Default_Handler)
    Ext_Int8_Handler                         0x00000fd9   Thumb Code     4  startup_aducm430.o(.text.Default_Handler)
    Ext_Int9_Handler                         0x00000fd9   Thumb Code     4  startup_aducm430.o(.text.Default_Handler)
    Flash0_Int_Handler                       0x00000fd9   Thumb Code     4  startup_aducm430.o(.text.Default_Handler)
    Flash1_Int_Handler                       0x00000fd9   Thumb Code     4  startup_aducm430.o(.text.Default_Handler)
    GPIO_INTA_Int_Handler                    0x00000fd9   Thumb Code     4  startup_aducm430.o(.text.Default_Handler)
    GPIO_INTB_Int_Handler                    0x00000fd9   Thumb Code     4  startup_aducm430.o(.text.Default_Handler)
    GP_Tmr0_Int_Handler                      0x00000fd9   Thumb Code     4  startup_aducm430.o(.text.Default_Handler)
    GP_Tmr1_Int_Handler                      0x00000fd9   Thumb Code     4  startup_aducm430.o(.text.Default_Handler)
    GP_Tmr2_Int_Handler                      0x00000fd9   Thumb Code     4  startup_aducm430.o(.text.Default_Handler)
    GP_Tmr3_Int_Handler                      0x00000fd9   Thumb Code     4  startup_aducm430.o(.text.Default_Handler)
    HFOSC_Int_Handler                        0x00000fd9   Thumb Code     4  startup_aducm430.o(.text.Default_Handler)
    I2C0_Master_Int_Handler                  0x00000fd9   Thumb Code     4  startup_aducm430.o(.text.Default_Handler)
    I2C0_Slave_Int_Handler                   0x00000fd9   Thumb Code     4  startup_aducm430.o(.text.Default_Handler)
    I2C1_Master_Int_Handler                  0x00000fd9   Thumb Code     4  startup_aducm430.o(.text.Default_Handler)
    I2C1_Slave_Int_Handler                   0x00000fd9   Thumb Code     4  startup_aducm430.o(.text.Default_Handler)
    IDAC_RES_LOW_Int_Handler                 0x00000fd9   Thumb Code     4  startup_aducm430.o(.text.Default_Handler)
    MCODEC_Int_Handler                       0x00000fd9   Thumb Code     4  startup_aducm430.o(.text.Default_Handler)
    MDIO_Int_Handler                         0x00000fd9   Thumb Code     4  startup_aducm430.o(.text.Default_Handler)
    MemManage_Handler                        0x00000fd9   Thumb Code     4  startup_aducm430.o(.text.Default_Handler)
    NMI_Handler                              0x00000fd9   Thumb Code     4  startup_aducm430.o(.text.Default_Handler)
    OVERTEMP_Int_Handler                     0x00000fd9   Thumb Code     4  startup_aducm430.o(.text.Default_Handler)
    PLA0_Int_Handler                         0x00000fd9   Thumb Code     4  startup_aducm430.o(.text.Default_Handler)
    PLA1_Int_Handler                         0x00000fd9   Thumb Code     4  startup_aducm430.o(.text.Default_Handler)
    PLA2_Int_Handler                         0x00000fd9   Thumb Code     4  startup_aducm430.o(.text.Default_Handler)
    PLA3_Int_Handler                         0x00000fd9   Thumb Code     4  startup_aducm430.o(.text.Default_Handler)
    PWM0_Int_Handler                         0x00000fd9   Thumb Code     4  startup_aducm430.o(.text.Default_Handler)
    PWM1_Int_Handler                         0x00000fd9   Thumb Code     4  startup_aducm430.o(.text.Default_Handler)
    PWM2_Int_Handler                         0x00000fd9   Thumb Code     4  startup_aducm430.o(.text.Default_Handler)
    PWM3_Int_Handler                         0x00000fd9   Thumb Code     4  startup_aducm430.o(.text.Default_Handler)
    PWMTrip_Int_Handle                       0x00000fd9   Thumb Code     4  startup_aducm430.o(.text.Default_Handler)
    PendSV_Handler                           0x00000fd9   Thumb Code     4  startup_aducm430.o(.text.Default_Handler)
    SEQ_Int_Handler                          0x00000fd9   Thumb Code     4  startup_aducm430.o(.text.Default_Handler)
    SPI0_Int_Handler                         0x00000fd9   Thumb Code     4  startup_aducm430.o(.text.Default_Handler)
    SPI1_Int_Handler                         0x00000fd9   Thumb Code     4  startup_aducm430.o(.text.Default_Handler)
    SRAM_Err_Int_Handler                     0x00000fd9   Thumb Code     4  startup_aducm430.o(.text.Default_Handler)
    SVC_Handler                              0x00000fd9   Thumb Code     4  startup_aducm430.o(.text.Default_Handler)
    SysTick_Handler                          0x00000fd9   Thumb Code     4  startup_aducm430.o(.text.Default_Handler)
    TEC_Int_Handler                          0x00000fd9   Thumb Code     4  startup_aducm430.o(.text.Default_Handler)
    UnUsed_Handler                           0x00000fd9   Thumb Code     4  startup_aducm430.o(.text.Default_Handler)
    UsageFault_Handler                       0x00000fd9   Thumb Code     4  startup_aducm430.o(.text.Default_Handler)
    WDog_Tmr_Int_Handler                     0x00000fd9   Thumb Code     4  startup_aducm430.o(.text.Default_Handler)
    WakeUp_Int_Handler                       0x00000fd9   Thumb Code     4  startup_aducm430.o(.text.Default_Handler)
    DioClr                                   0x00000fdd   Thumb Code    20  diolib.o(.text.DioClr)
    HardFault_Handler                        0x00000ff1   Thumb Code     4  startup_aducm430.o(.text.HardFault_Handler)
    __scatterload_null                       0x00000ff5   Thumb Code     2  handlers.o(i.__scatterload_null)
    page0_checksum                           0x00000ffc   Data           4  system_aducm430.o(.ARM.__at_0x00000FFC)
    AdcSpeed                                 0x00001001   Thumb Code    72  adclib.o(.text.AdcSpeed)
    Adc_read                                 0x00001049   Thumb Code    98  main.o(.text.Adc_read)
    DioCfgPin                                0x000010ad   Thumb Code   104  diolib.o(.text.DioCfgPin)
    DioOenPin                                0x00001115   Thumb Code    60  diolib.o(.text.DioOenPin)
    DioSet                                   0x00001151   Thumb Code    20  diolib.o(.text.DioSet)
    IDacCfg                                  0x00001165   Thumb Code    78  daclib.o(.text.IDacCfg)
    IDacSync                                 0x000011b5   Thumb Code    40  daclib.o(.text.IDacSync)
    IDacWr                                   0x000011dd   Thumb Code    66  daclib.o(.text.IDacWr)
    I_dac_write                              0x00001221   Thumb Code    24  main.o(.text.I_dac_write)
    MPD_read                                 0x00001239   Thumb Code   108  main.o(.text.MPD_read)
    PID_Compute                              0x000012a5   Thumb Code   186  main.o(.text.PID_Compute)
    PID_Init                                 0x00001361   Thumb Code    72  main.o(.text.PID_Init)
    PLL_Interrupt_Init                       0x000013a9   Thumb Code    26  main.o(.text.PLL_Interrupt_Init)
    Reset_Handler                            0x000013c5   Thumb Code    28  startup_aducm430.o(.text.Reset_Handler)
    SetGain                                  0x000013e1   Thumb Code   106  main.o(.text.SetGain)
    SetPhase                                 0x0000144d   Thumb Code    98  main.o(.text.SetPhase)
    SetR1                                    0x000014b1   Thumb Code    98  main.o(.text.SetR1)
    SetR2                                    0x00001515   Thumb Code    98  main.o(.text.SetR2)
    SetSOA                                   0x00001579   Thumb Code    98  main.o(.text.SetSOA)
    Setup                                    0x000015dd   Thumb Code   242  main.o(.text.Setup)
    SystemCoreClockUpdate                    0x000016d1   Thumb Code    20  system_aducm430.o(.text.SystemCoreClockUpdate)
    SystemInit                               0x000016e5   Thumb Code   144  system_aducm430.o(.text.SystemInit)
    TecInit                                  0x00001775   Thumb Code   172  main.o(.text.TecInit)
    UART_Int_Handler                         0x00001821   Thumb Code   164  main.o(.text.UART_Int_Handler)
    UART_Setup                               0x000018c5   Thumb Code    82  main.o(.text.UART_Setup)
    UrtCfg                                   0x00001919   Thumb Code   348  urtlib.o(.text.UrtCfg)
    UrtFifoCfg                               0x00001a75   Thumb Code    30  urtlib.o(.text.UrtFifoCfg)
    UrtFifoClr                               0x00001a95   Thumb Code    34  urtlib.o(.text.UrtFifoClr)
    UrtIntCfg                                0x00001ab9   Thumb Code    18  urtlib.o(.text.UrtIntCfg)
    UrtIntSta                                0x00001acd   Thumb Code    12  urtlib.o(.text.UrtIntSta)
    UrtPrint                                 0x00001ad9   Thumb Code   124  aducm430_setup.o(.text.UrtPrint)
    UrtSendString                            0x00001b55   Thumb Code    54  urtlib.o(.text.UrtSendString)
    UrtTx                                    0x00001b8d   Thumb Code    42  urtlib.o(.text.UrtTx)
    VDacCfg                                  0x00001bb9   Thumb Code   338  daclib.o(.text.VDacCfg)
    VDacSync                                 0x00001d0d   Thumb Code    30  daclib.o(.text.VDacSync)
    VDacWr                                   0x00001d2d   Thumb Code   218  daclib.o(.text.VDacWr)
    VDacWrAutoSync                           0x00001e09   Thumb Code   200  daclib.o(.text.VDacWrAutoSync)
    V_dac_write                              0x00001ed1   Thumb Code    28  main.o(.text.V_dac_write)
    WLPD_read                                0x00001eed   Thumb Code   108  main.o(.text.WLPD_read)
    WMPD_read                                0x00001f59   Thumb Code   116  main.o(.text.WMPD_read)
    WdtGo                                    0x00001fcd   Thumb Code    52  wdtlib.o(.text.WdtGo)
    build_outbound_frame_spec                0x00002151   Thumb Code   144  nanoitla.o(.text.build_outbound_frame_spec)
    delay                                    0x00003a99   Thumb Code    58  main.o(.text.delay)
    itla_backend_dl_abort                    0x000041f1   Thumb Code    10  nanoitla.o(.text.itla_backend_dl_abort)
    itla_backend_dl_poll                     0x000041fd   Thumb Code    16  nanoitla.o(.text.itla_backend_dl_poll)
    itla_backend_dl_reset                    0x0000420d   Thumb Code    10  nanoitla.o(.text.itla_backend_dl_reset)
    itla_backend_dl_start                    0x00004219   Thumb Code    18  nanoitla.o(.text.itla_backend_dl_start)
    itla_backend_get_caps97                  0x0000422d   Thumb Code    22  nanoitla.o(.text.itla_backend_get_caps97)
    itla_handle_frame                        0x00004245   Thumb Code   266  nanoitla.o(.text.itla_handle_frame)
    main                                     0x000045e5   Thumb Code   900  main.o(.text.main)
    nano_apply_channel_from_lut              0x00004989   Thumb Code   184  nano_lut_50ghz.o(.text.nano_apply_channel_from_lut)
    parse_inbound_frame                      0x00004a41   Thumb Code   196  nanoitla.o(.text.parse_inbound_frame)
    time_0_init                              0x0000559d   Thumb Code    34  main.o(.text.time_0_init)
    __0sprintf                               0x00005649   Thumb Code    34  printfa.o(i.__0sprintf)
    __1sprintf                               0x00005649   Thumb Code     0  printfa.o(i.__0sprintf)
    __2sprintf                               0x00005649   Thumb Code     0  printfa.o(i.__0sprintf)
    __c89sprintf                             0x00005649   Thumb Code     0  printfa.o(i.__0sprintf)
    sprintf                                  0x00005649   Thumb Code     0  printfa.o(i.__0sprintf)
    __0vsprintf                              0x00005671   Thumb Code    30  printfa.o(i.__0vsprintf)
    __1vsprintf                              0x00005671   Thumb Code     0  printfa.o(i.__0vsprintf)
    __2vsprintf                              0x00005671   Thumb Code     0  printfa.o(i.__0vsprintf)
    __c89vsprintf                            0x00005671   Thumb Code     0  printfa.o(i.__0vsprintf)
    vsprintf                                 0x00005671   Thumb Code     0  printfa.o(i.__0vsprintf)
    __scatterload_copy                       0x00005695   Thumb Code    14  handlers.o(i.__scatterload_copy)
    __scatterload_zeroinit                   0x000056a3   Thumb Code    14  handlers.o(i.__scatterload_zeroinit)
    g_lut_50GHz                              0x00005f70   Data        4848  nano_lut_50ghz.o(.rodata.g_lut_50GHz)
    Region$$Table$$Base                      0x0000733c   Number         0  anon$$obj.o(Region$$Table)
    Region$$Table$$Limit                     0x0000736c   Number         0  anon$$obj.o(Region$$Table)
    __relocated_vector_table                 0x10000000   Data         960  system_aducm430.o(.bss.IRAM_IVT)
    ADC_Int_Handler                          0x10000401   Thumb Code   178  iramcode.o(.IRAM_INTERRUPT)
    PLL_Int_Handler                          0x100004b5   Thumb Code   130  iramcode.o(.IRAM_INTERRUPT)
    SystemCoreClock                          0x20000000   Data           4  system_aducm430.o(.data.SystemCoreClock)
    setpoint                                 0x20000004   Data           4  main.o(.data.setpoint)
    ADCIRQSTA                                0x20000024   Data           4  iramcode.o(.bss.ADCIRQSTA)
    AdcData                                  0x20000028   Data          80  main.o(.bss.AdcData)
    UrtPrBuf                                 0x20000078   Data         256  aducm430_setup.o(.bss.UrtPrBuf)
    conversionDone                           0x20000188   Data           4  main.o(.bss.conversionDone)
    counts                                   0x2000018c   Data           4  main.o(.bss.counts)
    data                                     0x20000190   Data           4  iramcode.o(.bss.data)
    dataCnt                                  0x20000194   Data           4  main.o(.bss.dataCnt)
    g_gain                                   0x200001a4   Data           4  main.o(.bss.g_gain)
    g_mpd                                    0x200001b0   Data           4  main.o(.bss.g_mpd)
    g_mpd_meas                               0x200001b4   Data           4  main.o(.bss.g_mpd_meas)
    g_soa                                    0x200001b8   Data           4  main.o(.bss.g_soa)
    g_temp                                   0x200001bc   Data           4  main.o(.bss.g_temp)
    g_v1                                     0x200001c0   Data           4  main.o(.bss.g_v1)
    g_v2                                     0x200001c4   Data           4  main.o(.bss.g_v2)
    g_v3                                     0x200001c8   Data           4  main.o(.bss.g_v3)
    g_wlpd                                   0x200001cc   Data           4  main.o(.bss.g_wlpd)
    g_wlpd_meas                              0x200001d0   Data           4  main.o(.bss.g_wlpd_meas)
    g_wmpd                                   0x200001d4   Data           4  main.o(.bss.g_wmpd)
    g_wmpd_meas                              0x200001d8   Data           4  main.o(.bss.g_wmpd_meas)
    ucFirstIRQ                               0x200002cc   Data           1  main.o(.bss.ucFirstIRQ)
    ucPLLLoss                                0x200002cd   Data           1  main.o(.bss.ucPLLLoss)
    urt_data                                 0x200002ce   Data          50  main.o(.bss.urt_data)
    Image$$ARM_LIB_STACK$$ZI$$Limit          0x20008000   Number         0  anon$$obj.o ABSOLUTE



==============================================================================

Memory Map of the image

  Image Entry point : 0x000003c1

  Load Region LR_ROM (Base: 0x00000000, Size: 0x000074c8, Max: 0x00080000, ABSOLUTE)

    Execution Region ER_ROM (Exec base: 0x00000000, Load base: 0x00000000, Size: 0x0000736c, Max: 0x00080000, ABSOLUTE)

    Exec Addr    Load Addr    Size         Type   Attr      Idx    E Section Name        Object

    0x00000000   0x00000000   0x000003c0   Data   RO          635    RESET               startup_aducm430.o
    0x000003c0   0x000003c0   0x00000000   Code   RO          658  * .ARM.Collect$$$$00000000  mc_w.l(entry.o)
    0x000003c0   0x000003c0   0x00000004   Code   RO          719    .ARM.Collect$$$$00000003  mc_w.l(entry4.o)
    0x000003c4   0x000003c4   0x00000004   Code   RO          722    .ARM.Collect$$$$00000004  mc_w.l(entry5.o)
    0x000003c8   0x000003c8   0x00000000   Code   RO          724    .ARM.Collect$$$$00000008  mc_w.l(entry7b.o)
    0x000003c8   0x000003c8   0x00000000   Code   RO          726    .ARM.Collect$$$$0000000A  mc_w.l(entry8b.o)
    0x000003c8   0x000003c8   0x00000008   Code   RO          727    .ARM.Collect$$$$0000000B  mc_w.l(entry9a.o)
    0x000003d0   0x000003d0   0x00000000   Code   RO          729    .ARM.Collect$$$$0000000D  mc_w.l(entry10a.o)
    0x000003d0   0x000003d0   0x00000000   Code   RO          731    .ARM.Collect$$$$0000000F  mc_w.l(entry11a.o)
    0x000003d0   0x000003d0   0x00000004   Code   RO          720    .ARM.Collect$$$$00002714  mc_w.l(entry4.o)
    0x000003d4   0x000003d4   0x00000062   Code   RO          661    .text               mc_w.l(uldiv.o)
    0x00000436   0x00000436   0x0000000e   Code   RO          663    .text               mc_w.l(strlen.o)
    0x00000444   0x00000444   0x000000b0   Code   RO          693    .text               mf_w.l(fadd.o)
    0x000004f4   0x000004f4   0x00000064   Code   RO          695    .text               mf_w.l(fmul.o)
    0x00000558   0x00000558   0x0000007c   Code   RO          697    .text               mf_w.l(fdiv.o)
    0x000005d4   0x000005d4   0x0000014e   Code   RO          699    .text               mf_w.l(dadd.o)
    0x00000722   0x00000722   0x000000e4   Code   RO          701    .text               mf_w.l(dmul.o)
    0x00000806   0x00000806   0x000000de   Code   RO          703    .text               mf_w.l(ddiv.o)
    0x000008e4   0x000008e4   0x0000001c   Code   RO          705    .text               mf_w.l(fcmple.o)
    0x00000900   0x00000900   0x0000001c   Code   RO          707    .text               mf_w.l(fcmpge.o)
    0x0000091c   0x0000091c   0x00000012   Code   RO          709    .text               mf_w.l(fflti.o)
    0x0000092e   0x0000092e   0x00000032   Code   RO          711    .text               mf_w.l(ffixi.o)
    0x00000960   0x00000960   0x0000003e   Code   RO          713    .text               mf_w.l(dfixi.o)
    0x0000099e   0x0000099e   0x00000026   Code   RO          715    .text               mf_w.l(f2d.o)
    0x000009c4   0x000009c4   0x00000038   Code   RO          717    .text               mf_w.l(d2f.o)
    0x000009fc   0x000009fc   0x0000002c   Code   RO          747    .text               mc_w.l(uidiv.o)
    0x00000a28   0x00000a28   0x0000001e   Code   RO          749    .text               mc_w.l(llshl.o)
    0x00000a46   0x00000a46   0x00000020   Code   RO          751    .text               mc_w.l(llushr.o)
    0x00000a66   0x00000a66   0x00000024   Code   RO          753    .text               mc_w.l(llsshr.o)
    0x00000a8a   0x00000a8a   0x00000000   Code   RO          755    .text               mc_w.l(iusefp.o)
    0x00000a8a   0x00000a8a   0x0000006e   Code   RO          756    .text               mf_w.l(fepilogue.o)
    0x00000af8   0x00000af8   0x000000ba   Code   RO          758    .text               mf_w.l(depilogue.o)
    0x00000bb2   0x00000bb2   0x00000030   Code   RO          760    .text               mf_w.l(dfixul.o)
    0x00000be2   0x00000be2   0x00000002   PAD
    0x00000be4   0x00000be4   0x00000030   Code   RO          762    .text               mf_w.l(cdrcmple.o)
    0x00000c14   0x00000c14   0x00000030   Code   RO          764    .text               mc_w.l(init.o)
    0x00000c44   0x00000c44   0x0000014a   Code   RO          106    .text.ADuCM430Setup  aducm430_setup.o
    0x00000d8e   0x00000d8e   0x00000002   PAD
    0x00000d90   0x00000d90   0x00000038   Code   RO          408    .text.AdcGo         adclib.o
    0x00000dc8   0x00000dc8   0x0000002c   Code   RO           18    .text.AdcInit       main.o
    0x00000df4   0x00000df4   0x00000038   Code   RO          418    .text.AdcIntEn      adclib.o
    0x00000e2c   0x00000e2c   0x00000114   Code   RO          406    .text.AdcOverSampling  adclib.o
    0x00000f40   0x00000f40   0x00000014   Code   RO          412    .text.AdcPinExt     adclib.o
    0x00000f54   0x00000f54   0x00000058   Code   RO          402    .text.AdcPowerDown  adclib.o
    0x00000fac   0x00000fac   0x0000002c   Code   RO          422    .text.AdcRd         adclib.o
    0x00000fd8   0x00000fd8   0x00000004   Code   RO          629    .text.Default_Handler  startup_aducm430.o
    0x00000fdc   0x00000fdc   0x00000014   Code   RO          525    .text.DioClr        diolib.o
    0x00000ff0   0x00000ff0   0x00000004   Code   RO          633    .text.HardFault_Handler  startup_aducm430.o
    0x00000ff4   0x00000ff4   0x00000002   Code   RO          771    i.__scatterload_null  mc_w.l(handlers.o)
    0x00000ff6   0x00000ff6   0x00000006   Data   RO          365    .rodata.s_relback   nanoitla.o
    0x00000ffc   0x00000ffc   0x00000004   Data   RO          649    .ARM.__at_0x00000FFC  system_aducm430.o
    0x00001000   0x00001000   0x00000048   Code   RO          404    .text.AdcSpeed      adclib.o
    0x00001048   0x00001048   0x00000062   Code   RO           20    .text.Adc_read      main.o
    0x000010aa   0x000010aa   0x00000002   PAD
    0x000010ac   0x000010ac   0x00000068   Code   RO          503    .text.DioCfgPin     diolib.o
    0x00001114   0x00001114   0x0000003c   Code   RO          509    .text.DioOenPin     diolib.o
    0x00001150   0x00001150   0x00000014   Code   RO          523    .text.DioSet        diolib.o
    0x00001164   0x00001164   0x0000004e   Code   RO          484    .text.IDacCfg       daclib.o
    0x000011b2   0x000011b2   0x00000002   PAD
    0x000011b4   0x000011b4   0x00000028   Code   RO          490    .text.IDacSync      daclib.o
    0x000011dc   0x000011dc   0x00000042   Code   RO          486    .text.IDacWr        daclib.o
    0x0000121e   0x0000121e   0x00000002   PAD
    0x00001220   0x00001220   0x00000018   Code   RO           58    .text.I_dac_write   main.o
    0x00001238   0x00001238   0x0000006c   Code   RO           26    .text.MPD_read      main.o
    0x000012a4   0x000012a4   0x000000ba   Code   RO           12    .text.PID_Compute   main.o
    0x0000135e   0x0000135e   0x00000002   PAD
    0x00001360   0x00001360   0x00000048   Code   RO           10    .text.PID_Init      main.o
    0x000013a8   0x000013a8   0x0000001a   Code   RO           16    .text.PLL_Interrupt_Init  main.o
    0x000013c2   0x000013c2   0x00000002   PAD
    0x000013c4   0x000013c4   0x0000001c   Code   RO          631    .text.Reset_Handler  startup_aducm430.o
    0x000013e0   0x000013e0   0x0000006a   Code   RO           48    .text.SetGain       main.o
    0x0000144a   0x0000144a   0x00000002   PAD
    0x0000144c   0x0000144c   0x00000062   Code   RO           54    .text.SetPhase      main.o
    0x000014ae   0x000014ae   0x00000002   PAD
    0x000014b0   0x000014b0   0x00000062   Code   RO           50    .text.SetR1         main.o
    0x00001512   0x00001512   0x00000002   PAD
    0x00001514   0x00001514   0x00000062   Code   RO           52    .text.SetR2         main.o
    0x00001576   0x00001576   0x00000002   PAD
    0x00001578   0x00001578   0x00000062   Code   RO           46    .text.SetSOA        main.o
    0x000015da   0x000015da   0x00000002   PAD
    0x000015dc   0x000015dc   0x000000f2   Code   RO           38    .text.Setup         main.o
    0x000016ce   0x000016ce   0x00000002   PAD
    0x000016d0   0x000016d0   0x00000014   Code   RO          643    .text.SystemCoreClockUpdate  system_aducm430.o
    0x000016e4   0x000016e4   0x00000090   Code   RO          645    .text.SystemInit    system_aducm430.o
    0x00001774   0x00001774   0x000000ac   Code   RO           34    .text.TecInit       main.o
    0x00001820   0x00001820   0x000000a4   Code   RO           32    .text.UART_Int_Handler  main.o
    0x000018c4   0x000018c4   0x00000052   Code   RO            6    .text.UART_Setup    main.o
    0x00001916   0x00001916   0x00000002   PAD
    0x00001918   0x00001918   0x0000015c   Code   RO          575    .text.UrtCfg        urtlib.o
    0x00001a74   0x00001a74   0x0000001e   Code   RO          577    .text.UrtFifoCfg    urtlib.o
    0x00001a92   0x00001a92   0x00000002   PAD
    0x00001a94   0x00001a94   0x00000022   Code   RO          579    .text.UrtFifoClr    urtlib.o
    0x00001ab6   0x00001ab6   0x00000002   PAD
    0x00001ab8   0x00001ab8   0x00000012   Code   RO          593    .text.UrtIntCfg     urtlib.o
    0x00001aca   0x00001aca   0x00000002   PAD
    0x00001acc   0x00001acc   0x0000000c   Code   RO          595    .text.UrtIntSta     urtlib.o
    0x00001ad8   0x00001ad8   0x0000007c   Code   RO          108    .text.UrtPrint      aducm430_setup.o
    0x00001b54   0x00001b54   0x00000036   Code   RO          597    .text.UrtSendString  urtlib.o
    0x00001b8a   0x00001b8a   0x00000002   PAD
    0x00001b8c   0x00001b8c   0x0000002a   Code   RO          585    .text.UrtTx         urtlib.o
    0x00001bb6   0x00001bb6   0x00000002   PAD
    0x00001bb8   0x00001bb8   0x00000152   Code   RO          478    .text.VDacCfg       daclib.o
    0x00001d0a   0x00001d0a   0x00000002   PAD
    0x00001d0c   0x00001d0c   0x0000001e   Code   RO          480    .text.VDacSync      daclib.o
    0x00001d2a   0x00001d2a   0x00000002   PAD
    0x00001d2c   0x00001d2c   0x000000da   Code   RO          474    .text.VDacWr        daclib.o
    0x00001e06   0x00001e06   0x00000002   PAD
    0x00001e08   0x00001e08   0x000000c8   Code   RO          476    .text.VDacWrAutoSync  daclib.o
    0x00001ed0   0x00001ed0   0x0000001c   Code   RO           40    .text.V_dac_write   main.o
    0x00001eec   0x00001eec   0x0000006c   Code   RO           28    .text.WLPD_read     main.o
    0x00001f58   0x00001f58   0x00000074   Code   RO           30    .text.WMPD_read     main.o
    0x00001fcc   0x00001fcc   0x00000034   Code   RO          614    .text.WdtGo         wdtlib.o
    0x00002000   0x00002000   0x0000002a   Code   RO          647    .text.__NVIC_ClearPendingIRQ  system_aducm430.o
    0x0000202a   0x0000202a   0x00000002   PAD
    0x0000202c   0x0000202c   0x00000032   Code   RO           22    .text.__NVIC_DisableIRQ  main.o
    0x0000205e   0x0000205e   0x00000002   PAD
    0x00002060   0x00002060   0x0000002a   Code   RO            8    .text.__NVIC_EnableIRQ  main.o
    0x0000208a   0x0000208a   0x00000002   PAD
    0x0000208c   0x0000208c   0x0000002c   Code   RO          267    .text.abs_i16       nanoitla.o
    0x000020b8   0x000020b8   0x00000058   Code   RO          229    .text.apply_caps97  nanoitla.o
    0x00002110   0x00002110   0x00000040   Code   RO          173    .text.bip4          nanoitla.o
    0x00002150   0x00002150   0x00000090   Code   RO          177    .text.build_outbound_frame_spec  nanoitla.o
    0x000021e0   0x000021e0   0x00000012   Code   RO          271    .text.c_get_pending  nanoitla.o
    0x000021f2   0x000021f2   0x00000002   PAD
    0x000021f4   0x000021f4   0x00000020   Code   RO          257    .text.c_get_srq     nanoitla.o
    0x00002214   0x00002214   0x00001846   Code   RO          253    .text.c_handle_register  nanoitla.o
    0x00003a5a   0x00003a5a   0x00000002   PAD
    0x00003a5c   0x00003a5c   0x0000003c   Code   RO          305    .text.clamp_i16     nanoitla.o
    0x00003a98   0x00003a98   0x0000003a   Code   RO            4    .text.delay         main.o
    0x00003ad2   0x00003ad2   0x00000002   PAD
    0x00003ad4   0x00003ad4   0x0000020a   Code   RO          217    .text.dl_apply_config  nanoitla.o
    0x00003cde   0x00003cde   0x00000002   PAD
    0x00003ce0   0x00003ce0   0x0000008a   Code   RO          225    .text.dl_refresh_status  nanoitla.o
    0x00003d6a   0x00003d6a   0x00000002   PAD
    0x00003d6c   0x00003d6c   0x00000052   Code   RO          243    .text.dl_set_flags_from_status  nanoitla.o
    0x00003dbe   0x00003dbe   0x00000002   PAD
    0x00003dc0   0x00003dc0   0x000000de   Code   RO          213    .text.dl_tick       nanoitla.o
    0x00003e9e   0x00003e9e   0x00000002   PAD
    0x00003ea0   0x00003ea0   0x0000001c   Code   RO          275    .text.ea_set        nanoitla.o
    0x00003ebc   0x00003ebc   0x0000004c   Code   RO          301    .text.ea_set_buf    nanoitla.o
    0x00003f08   0x00003f08   0x000000f6   Code   RO          303    .text.freq_gx1e4    nanoitla.o
    0x00003ffe   0x00003ffe   0x00000002   PAD
    0x00004000   0x00004000   0x0000001e   Code   RO          265    .text.freq_th_mhz   nanoitla.o
    0x0000401e   0x0000401e   0x00000002   PAD
    0x00004020   0x00004020   0x000001ce   Code   RO          237    .text.handle_register_and_build_response  nanoitla.o
    0x000041ee   0x000041ee   0x00000002   PAD
    0x000041f0   0x000041f0   0x0000000a   Code   RO          183    .text.itla_backend_dl_abort  nanoitla.o
    0x000041fa   0x000041fa   0x00000002   PAD
    0x000041fc   0x000041fc   0x00000010   Code   RO          181    .text.itla_backend_dl_poll  nanoitla.o
    0x0000420c   0x0000420c   0x0000000a   Code   RO          185    .text.itla_backend_dl_reset  nanoitla.o
    0x00004216   0x00004216   0x00000002   PAD
    0x00004218   0x00004218   0x00000012   Code   RO          179    .text.itla_backend_dl_start  nanoitla.o
    0x0000422a   0x0000422a   0x00000002   PAD
    0x0000422c   0x0000422c   0x00000016   Code   RO          189    .text.itla_backend_get_caps97  nanoitla.o
    0x00004242   0x00004242   0x00000002   PAD
    0x00004244   0x00004244   0x0000010a   Code   RO          239    .text.itla_handle_frame  nanoitla.o
    0x0000434e   0x0000434e   0x00000002   PAD
    0x00004350   0x00004350   0x000000a6   Code   RO          295    .text.last_freq_split  nanoitla.o
    0x000043f6   0x000043f6   0x00000002   PAD
    0x000043f8   0x000043f8   0x0000001e   Code   RO          281    .text.lf1_thz       nanoitla.o
    0x00004416   0x00004416   0x00000002   PAD
    0x00004418   0x00004418   0x0000003e   Code   RO          283    .text.lf2_g10       nanoitla.o
    0x00004456   0x00004456   0x00000002   PAD
    0x00004458   0x00004458   0x00000058   Code   RO          285    .text.lf3_mhz       nanoitla.o
    0x000044b0   0x000044b0   0x000000a0   Code   RO          289    .text.lfh3_mhz      nanoitla.o
    0x00004550   0x00004550   0x0000000c   Code   RO          291    .text.lfl1_thz      nanoitla.o
    0x0000455c   0x0000455c   0x0000000c   Code   RO          293    .text.lfl2_g10      nanoitla.o
    0x00004568   0x00004568   0x0000000c   Code   RO          287    .text.lfl3_mhz      nanoitla.o
    0x00004574   0x00004574   0x0000006e   Code   RO          273    .text.load_caps97_once  nanoitla.o
    0x000045e2   0x000045e2   0x00000002   PAD
    0x000045e4   0x000045e4   0x00000384   Code   RO           36    .text.main          main.o
    0x00004968   0x00004968   0x00000010   Code   RO          263    .text.mcb_adt_enabled  nanoitla.o
    0x00004978   0x00004978   0x00000010   Code   RO          269    .text.mcb_sdf_enabled  nanoitla.o
    0x00004988   0x00004988   0x000000b8   Code   RO          159    .text.nano_apply_channel_from_lut  nano_lut_50ghz.o
    0x00004a40   0x00004a40   0x000000c4   Code   RO          175    .text.parse_inbound_frame  nanoitla.o
    0x00004b04   0x00004b04   0x000000a6   Code   RO          297    .text.prep_currents_aea  nanoitla.o
    0x00004baa   0x00004baa   0x00000002   PAD
    0x00004bac   0x00004bac   0x0000005c   Code   RO          299    .text.prep_temps_aea  nanoitla.o
    0x00004c08   0x00004c08   0x00000024   Code   RO          307    .text.put_be16      nanoitla.o
    0x00004c2c   0x00004c2c   0x0000001c   Code   RO          251    .text.py_get_pending  nanoitla.o
    0x00004c48   0x00004c48   0x0000001c   Code   RO          249    .text.py_get_srq    nanoitla.o
    0x00004c64   0x00004c64   0x000000c4   Code   RO          279    .text.resena_apply_write  nanoitla.o
    0x00004d28   0x00004d28   0x00000016   Code   RO          261    .text.resena_output_enabled  nanoitla.o
    0x00004d3e   0x00004d3e   0x00000002   PAD
    0x00004d40   0x00004d40   0x0000001a   Code   RO          255    .text.set_busy      nanoitla.o
    0x00004d5a   0x00004d5a   0x00000002   PAD
    0x00004d5c   0x00004d5c   0x00000076   Code   RO          277    .text.status_clear_by_host  nanoitla.o
    0x00004dd2   0x00004dd2   0x00000002   PAD
    0x00004dd4   0x00004dd4   0x00000012   Code   RO          235    .text.status_latch_comm_error  nanoitla.o
    0x00004de6   0x00004de6   0x00000002   PAD
    0x00004de8   0x00004de8   0x00000012   Code   RO          245    .text.status_latch_exec_error  nanoitla.o
    0x00004dfa   0x00004dfa   0x00000002   PAD
    0x00004dfc   0x00004dfc   0x00000770   Code   RO          259    .text.status_refresh  nanoitla.o
    0x0000556c   0x0000556c   0x00000030   Code   RO          247    .text.tick_pending  nanoitla.o
    0x0000559c   0x0000559c   0x00000022   Code   RO           14    .text.time_0_init   main.o
    0x000055be   0x000055be   0x00000002   PAD
    0x000055c0   0x000055c0   0x00000040   Code   RO           42    .text.uart1_init    main.o
    0x00005600   0x00005600   0x00000046   Code   RO           44    .text.uart1_write_bytes  main.o
    0x00005646   0x00005646   0x00000002   PAD
    0x00005648   0x00005648   0x00000028   Code   RO          668    i.__0sprintf        mc_w.l(printfa.o)
    0x00005670   0x00005670   0x00000024   Code   RO          672    i.__0vsprintf       mc_w.l(printfa.o)
    0x00005694   0x00005694   0x0000000e   Code   RO          770    i.__scatterload_copy  mc_w.l(handlers.o)
    0x000056a2   0x000056a2   0x0000000e   Code   RO          772    i.__scatterload_zeroinit  mc_w.l(handlers.o)
    0x000056b0   0x000056b0   0x00000184   Code   RO          673    i._fp_digits        mc_w.l(printfa.o)
    0x00005834   0x00005834   0x000006dc   Code   RO          674    i._printf_core      mc_w.l(printfa.o)
    0x00005f10   0x00005f10   0x00000024   Code   RO          675    i._printf_post_padding  mc_w.l(printfa.o)
    0x00005f34   0x00005f34   0x0000002e   Code   RO          676    i._printf_pre_padding  mc_w.l(printfa.o)
    0x00005f62   0x00005f62   0x0000000a   Code   RO          678    i._sputc            mc_w.l(printfa.o)
    0x00005f6c   0x00005f6c   0x00000004   PAD
    0x00005f70   0x00005f70   0x000012f0   Data   RO          161    .rodata.g_lut_50GHz  nano_lut_50ghz.o
    0x00007260   0x00007260   0x00000008   Data   RO          358    .rodata.s_devtyp    nanoitla.o
    0x00007268   0x00007268   0x0000000b   Data   RO          363    .rodata.s_mfgdate   nanoitla.o
    0x00007273   0x00007273   0x00000010   Data   RO          360    .rodata.s_mfgr      nanoitla.o
    0x00007283   0x00007283   0x0000000a   Data   RO          361    .rodata.s_model     nanoitla.o
    0x0000728d   0x0000728d   0x00000006   Data   RO          364    .rodata.s_release   nanoitla.o
    0x00007293   0x00007293   0x0000000a   Data   RO          362    .rodata.s_serno     nanoitla.o
    0x0000729d   0x0000729d   0x00000052   Data   RO           92    .rodata.str1.1      main.o
    0x000072ef   0x000072ef   0x0000004a   Data   RO          110    .rodata.str1.1      aducm430_setup.o
    0x00007339   0x00007339   0x00000003   PAD
    0x0000733c   0x0000733c   0x00000030   Data   RO          769    Region$$Table       anon$$obj.o


    Execution Region RW_IRAM (Exec base: 0x10000000, Load base: 0x0000736c, Size: 0x000003c0, Max: 0x00000400, ABSOLUTE, UNINIT)

    Exec Addr    Load Addr    Size         Type   Attr      Idx    E Section Name        Object

    0x10000000        -       0x000003c0   Zero   RW          651    .bss.IRAM_IVT       system_aducm430.o


    Execution Region RW_IRAM2 (Exec base: 0x10000400, Load base: 0x0000736c, Size: 0x00000138, Max: 0x00003c00, ABSOLUTE)

    Exec Addr    Load Addr    Size         Type   Attr      Idx    E Section Name        Object

    0x10000400   0x0000736c   0x00000136   Code   RO          121    .IRAM_INTERRUPT     iramcode.o


    Execution Region RW_RAM (Exec base: 0x20000000, Load base: 0x000074a4, Size: 0x00000300, Max: 0x00006b00, ABSOLUTE)

    Exec Addr    Load Addr    Size         Type   Attr      Idx    E Section Name        Object

    0x20000000   0x000074a4   0x00000004   Data   RW          650    .data.SystemCoreClock  system_aducm430.o
    0x20000004   0x000074a8   0x00000004   Data   RW           82    .data.setpoint      main.o
    0x20000008   0x000074ac   0x00000002   Data   RW          354    .data.st_ALMT       nanoitla.o
    0x2000000a   0x000074ae   0x00000002   Data   RW          341    .data.st_CTemp      nanoitla.o
    0x2000000c   0x000074b0   0x00000002   Data   RW          383    .data.st_DitherR    nanoitla.o
    0x2000000e   0x000074b2   0x00000002   Data   RW          380    .data.st_FCF1_THz   nanoitla.o
    0x20000010   0x000074b4   0x00000002   Data   RW          381    .data.st_FCF2_G10   nanoitla.o
    0x20000012   0x000074b6   0x00000002   Data   RW          320    .data.st_FTFR_MHz   nanoitla.o
    0x20000014   0x000074b8   0x00000002   Data   RW          353    .data.st_FatalT     nanoitla.o
    0x20000016   0x000074ba   0x00000002   Data   RW          379    .data.st_GRID       nanoitla.o
    0x20000018   0x000074bc   0x00000002   Data   RW          323    .data.st_LGrid10    nanoitla.o
    0x2000001a   0x000074be   0x00000002   Data   RW          357    .data.st_MCB        nanoitla.o
    0x2000001c   0x000074c0   0x00000002   Data   RW          322    .data.st_OPSH       nanoitla.o
    0x2000001e   0x000074c2   0x00000002   Data   RW          355    .data.st_SRQ_MASK   nanoitla.o
    0x20000020   0x000074c4   0x00000002   Data   RW          344    .data.st_TBTFH      nanoitla.o
    0x20000022   0x000074c6   0x00000002   Data   RW          345    .data.st_TBTFL      nanoitla.o
    0x20000024        -       0x00000004   Zero   RW          123    .bss.ADCIRQSTA      iramcode.o
    0x20000028        -       0x00000050   Zero   RW           93    .bss.AdcData        main.o
    0x20000078        -       0x00000100   Zero   RW          111    .bss.UrtPrBuf       aducm430_setup.o
    0x20000178        -       0x00000008   Zero   RW          393    .bss.aea_currents_payload  nanoitla.o
    0x20000180        -       0x00000004   Zero   RW          369    .bss.aea_idx        nanoitla.o
    0x20000184        -       0x00000004   Zero   RW          394    .bss.aea_temps_payload  nanoitla.o
    0x20000188        -       0x00000004   Zero   RW           91    .bss.conversionDone  main.o
    0x2000018c        -       0x00000004   Zero   RW           77    .bss.counts         main.o
    0x20000190        -       0x00000004   Zero   RW          124    .bss.data           iramcode.o
    0x20000194        -       0x00000004   Zero   RW           90    .bss.dataCnt        main.o
    0x20000198        -       0x00000004   Zero   RW          370    .bss.ea_buf         nanoitla.o
    0x2000019c        -       0x00000004   Zero   RW          359    .bss.ea_len         nanoitla.o
    0x200001a0        -       0x00000001   Zero   RW          309    .bss.g_direct_ctrl_mode  nanoitla.o
    0x200001a1   0x000074c8   0x00000003   PAD
    0x200001a4        -       0x00000004   Zero   RW           65    .bss.g_gain         main.o
    0x200001a8        -       0x00000001   Zero   RW          326    .bss.g_last_error   nanoitla.o
    0x200001a9   0x000074c8   0x00000001   PAD
    0x200001aa        -       0x00000006   Zero   RW          327    .bss.g_last_resp    nanoitla.o
    0x200001b0        -       0x00000004   Zero   RW           68    .bss.g_mpd          main.o
    0x200001b4        -       0x00000004   Zero   RW           71    .bss.g_mpd_meas     main.o
    0x200001b8        -       0x00000004   Zero   RW           66    .bss.g_soa          main.o
    0x200001bc        -       0x00000004   Zero   RW           67    .bss.g_temp         main.o
    0x200001c0        -       0x00000004   Zero   RW           62    .bss.g_v1           main.o
    0x200001c4        -       0x00000004   Zero   RW           63    .bss.g_v2           main.o
    0x200001c8        -       0x00000004   Zero   RW           64    .bss.g_v3           main.o
    0x200001cc        -       0x00000004   Zero   RW           69    .bss.g_wlpd         main.o
    0x200001d0        -       0x00000004   Zero   RW           72    .bss.g_wlpd_meas    main.o
    0x200001d4        -       0x00000004   Zero   RW           70    .bss.g_wmpd         main.o
    0x200001d8        -       0x00000004   Zero   RW           73    .bss.g_wmpd_meas    main.o
    0x200001dc        -       0x00000004   Zero   RW           96    .bss.main.pd_sample_div  main.o
    0x200001e0        -       0x00000004   Zero   RW          374    .bss.man_idx        nanoitla.o
    0x200001e4        -       0x00000004   Zero   RW          329    .bss.pending_cnt    nanoitla.o
    0x200001e8        -       0x00000080   Zero   RW           95    .bss.printBuffer    main.o
    0x20000268        -       0x00000002   Zero   RW          368    .bss.st_AEA_EA      nanoitla.o
    0x2000026a        -       0x00000002   Zero   RW          367    .bss.st_AEA_EAC     nanoitla.o
    0x2000026c        -       0x00000002   Zero   RW          348    .bss.st_Age         nanoitla.o
    0x2000026e        -       0x00000002   Zero   RW          347    .bss.st_BIAS_raw    nanoitla.o
    0x20000270        -       0x00000002   Zero   RW          378    .bss.st_CHANNEL     nanoitla.o
    0x20000272        -       0x00000002   Zero   RW          377    .bss.st_CHANNELH    nanoitla.o
    0x20000274        -       0x00000001   Zero   RW          375    .bss.st_CHANNELH_pending  nanoitla.o
    0x20000275   0x000074c8   0x00000001   PAD
    0x20000276        -       0x00000002   Zero   RW          376    .bss.st_CHANNELH_staged  nanoitla.o
    0x20000278        -       0x00000002   Zero   RW          319    .bss.st_DLConfig    nanoitla.o
    0x2000027a        -       0x00000002   Zero   RW          311    .bss.st_DLStatus    nanoitla.o
    0x2000027c        -       0x00000002   Zero   RW          385    .bss.st_DitherA     nanoitla.o
    0x2000027e        -       0x00000002   Zero   RW          382    .bss.st_DitherE     nanoitla.o
    0x20000280        -       0x00000002   Zero   RW          384    .bss.st_DitherF     nanoitla.o
    0x20000282        -       0x00000002   Zero   RW          373    .bss.st_EA          nanoitla.o
    0x20000284        -       0x00000002   Zero   RW          372    .bss.st_EAC         nanoitla.o
    0x20000286        -       0x00000002   Zero   RW          349    .bss.st_FAgeTh      nanoitla.o
    0x20000288        -       0x00000002   Zero   RW          387    .bss.st_FCF3_MHz    nanoitla.o
    0x2000028a        -       0x00000002   Zero   RW          336    .bss.st_FFreqTh     nanoitla.o
    0x2000028c        -       0x00000002   Zero   RW          337    .bss.st_FFreqTh2    nanoitla.o
    0x2000028e        -       0x00000002   Zero   RW          334    .bss.st_FPowTh      nanoitla.o
    0x20000290        -       0x00000002   Zero   RW          340    .bss.st_FTF_MHz     nanoitla.o
    0x20000292        -       0x00000002   Zero   RW          342    .bss.st_FThermTh    nanoitla.o
    0x20000294        -       0x00000002   Zero   RW          386    .bss.st_GRID2       nanoitla.o
    0x20000296        -       0x00000002   Zero   RW          366    .bss.st_GenCfg      nanoitla.o
    0x20000298        -       0x00000002   Zero   RW          371    .bss.st_IOCap       nanoitla.o
    0x2000029a        -       0x00000002   Zero   RW          324    .bss.st_LGrid2_MHz  nanoitla.o
    0x2000029c        -       0x00000002   Zero   RW          332    .bss.st_OOP         nanoitla.o
    0x2000029e        -       0x00000002   Zero   RW          321    .bss.st_OPSL        nanoitla.o
    0x200002a0        -       0x00000002   Zero   RW          333    .bss.st_PWR         nanoitla.o
    0x200002a2        -       0x00000002   Zero   RW          356    .bss.st_ResEna      nanoitla.o
    0x200002a4        -       0x00000002   Zero   RW          391    .bss.st_SOA_centi   nanoitla.o
    0x200002a6        -       0x00000002   Zero   RW          330    .bss.st_StatusF     nanoitla.o
    0x200002a8        -       0x00000002   Zero   RW          331    .bss.st_StatusW     nanoitla.o
    0x200002aa        -       0x00000002   Zero   RW          392    .bss.st_TEC_raw     nanoitla.o
    0x200002ac        -       0x00000002   Zero   RW          388    .bss.st_TUNER_PHASE_centi  nanoitla.o
    0x200002ae        -       0x00000002   Zero   RW          389    .bss.st_TUNER_RING1_centi  nanoitla.o
    0x200002b0        -       0x00000002   Zero   RW          390    .bss.st_TUNER_RING2_centi  nanoitla.o
    0x200002b2        -       0x00000002   Zero   RW          350    .bss.st_WAgeTh      nanoitla.o
    0x200002b4        -       0x00000002   Zero   RW          338    .bss.st_WFreqTh     nanoitla.o
    0x200002b6        -       0x00000002   Zero   RW          339    .bss.st_WFreqTh2    nanoitla.o
    0x200002b8        -       0x00000002   Zero   RW          335    .bss.st_WPowTh      nanoitla.o
    0x200002ba        -       0x00000002   Zero   RW          343    .bss.st_WThermTh    nanoitla.o
    0x200002bc        -       0x00000001   Zero   RW          328    .bss.st_busy        nanoitla.o
    0x200002bd        -       0x00000001   Zero   RW          316    .bss.st_caps97_loaded  nanoitla.o
    0x200002be        -       0x00000002   Zero   RW          325    .bss.st_comm_latched  nanoitla.o
    0x200002c0        -       0x00000001   Zero   RW          315    .bss.st_dl_abort    nanoitla.o
    0x200002c1        -       0x00000001   Zero   RW          310    .bss.st_dl_backend_active  nanoitla.o
    0x200002c2        -       0x00000001   Zero   RW          312    .bss.st_dl_busy     nanoitla.o
    0x200002c3        -       0x00000001   Zero   RW          313    .bss.st_dl_done     nanoitla.o
    0x200002c4        -       0x00000001   Zero   RW          314    .bss.st_dl_fail     nanoitla.o
    0x200002c5        -       0x00000001   Zero   RW          318    .bss.st_dl_ticks    nanoitla.o
    0x200002c6        -       0x00000002   Zero   RW          351    .bss.st_fatal_latched  nanoitla.o
    0x200002c8        -       0x00000001   Zero   RW          346    .bss.st_tbtf_violate_count  nanoitla.o
    0x200002c9   0x000074c8   0x00000001   PAD
    0x200002ca        -       0x00000002   Zero   RW          352    .bss.st_warn_latched  nanoitla.o
    0x200002cc        -       0x00000001   Zero   RW           78    .bss.ucFirstIRQ     main.o
    0x200002cd        -       0x00000001   Zero   RW           79    .bss.ucPLLLoss      main.o
    0x200002ce        -       0x00000032   Zero   RW           76    .bss.urt_data       main.o


    Execution Region ARM_LIB_HEAP (Exec base: 0x20000300, Load base: 0x000074c8, Size: 0x00000c00, Max: 0x00000c00, ABSOLUTE)

    Exec Addr    Load Addr    Size         Type   Attr      Idx    E Section Name        Object

    0x20000300        -       0x00000c00   Zero   RW            1    ARM_LIB_HEAP.bss    anon$$obj.o


    Execution Region ARM_LIB_STACK (Exec base: 0x20007c00, Load base: 0x000074c8, Size: 0x00000400, Max: 0x00000400, ABSOLUTE)

    Exec Addr    Load Addr    Size         Type   Attr      Idx    E Section Name        Object

    0x20007c00        -       0x00000400   Zero   RW            2    ARM_LIB_STACK.bss   anon$$obj.o


==============================================================================

Image component sizes


      Code (inc. data)   RO Data    RW Data    ZI Data      Debug   Object Name

       612          6          0          0          0       4906   adclib.o
       454          0         74          0        256       3595   aducm430_setup.o
       970         30          0          0          0       5040   daclib.o
       204          0          0          0          0       4237   diolib.o
       310          0          0          0          8       3391   iramcode.o
      3186          0         82          4        324      14143   main.o
       184          0       4848          0          0       1192   nano_lut_50ghz.o
     12392        294         67         28        138      22572   nanoitla.o
        36          0        960          0          0       1279   startup_aducm430.o
       206          0          4          4        960       4562   system_aducm430.o
       538          0          0          0          0       4058   urtlib.o
        52          0          0          0          0       2215   wdtlib.o

    ----------------------------------------------------------------------
     19248        330       6086         36       5788      71190   Object Totals
         0          0         48          0       4096          0   (incl. Generated)
       104          0          3          0          6          0   (incl. Padding)

    ----------------------------------------------------------------------

      Code (inc. data)   RO Data    RW Data    ZI Data      Debug   Library Member Name

         0          0          0          0          0          0   entry.o
         0          0          0          0          0          0   entry10a.o
         0          0          0          0          0          0   entry11a.o
         8          4          0          0          0          0   entry4.o
         4          0          0          0          0          0   entry5.o
         0          0          0          0          0          0   entry7b.o
         0          0          0          0          0          0   entry8b.o
         8          4          0          0          0          0   entry9a.o
        30          0          0          0          0          0   handlers.o
        48         10          0          0          0         68   init.o
         0          0          0          0          0          0   iusefp.o
        30          0          0          0          0         68   llshl.o
        36          0          0          0          0         68   llsshr.o
        32          0          0          0          0         68   llushr.o
      2312         92          0          0          0        600   printfa.o
        14          0          0          0          0         68   strlen.o
        44          0          0          0          0         80   uidiv.o
        98          0          0          0          0         92   uldiv.o
        48          0          0          0          0         68   cdrcmple.o
        56          0          0          0          0         88   d2f.o
       334          0          0          0          0        148   dadd.o
       222          0          0          0          0        100   ddiv.o
       186          0          0          0          0        176   depilogue.o
        62          0          0          0          0         80   dfixi.o
        48          0          0          0          0         68   dfixul.o
       228          0          0          0          0         96   dmul.o
        38          0          0          0          0         68   f2d.o
       176          0          0          0          0        140   fadd.o
        28          0          0          0          0         68   fcmpge.o
        28          0          0          0          0         68   fcmple.o
       124          0          0          0          0         88   fdiv.o
       110          0          0          0          0        168   fepilogue.o
        50          0          0          0          0         68   ffixi.o
        18          0          0          0          0         68   fflti.o
       100          0          0          0          0         76   fmul.o

    ----------------------------------------------------------------------
      4526        110          0          0          0       2748   Library Totals
         6          0          0          0          0          0   (incl. Padding)

    ----------------------------------------------------------------------

      Code (inc. data)   RO Data    RW Data    ZI Data      Debug   Library Name

      2664        110          0          0          0       1112   mc_w.l
      1856          0          0          0          0       1636   mf_w.l

    ----------------------------------------------------------------------
      4526        110          0          0          0       2748   Library Totals

    ----------------------------------------------------------------------

==============================================================================


      Code (inc. data)   RO Data    RW Data    ZI Data      Debug   

     23774        440       6086         36       5788      72466   Grand Totals
     23774        440       6086         36       5788      72466   ELF Image Totals
     23774        440       6086         36          0          0   ROM Totals

==============================================================================

    Total RO  Size (Code + RO Data)                29860 (  29.16kB)
    Total RW  Size (RW Data + ZI Data)              5824 (   5.69kB)
    Total ROM Size (Code + RO Data + RW Data)      29896 (  29.20kB)

==============================================================================

